Component: ARM Compiler 5.06 update 6 (build 750) Tool: armlink [4d35ed]

==============================================================================

Section Cross References

    main.o(i.main) refers to systick.o(i.systick_config) for systick_config
    main.o(i.main) refers to usart_config.o(i.gd_debug_com_init) for gd_debug_com_init
    main.o(i.main) refers to gpio_config.o(i.gpio_config) for gpio_config
    main.o(i.main) refers to gd32f4xx_misc.o(i.nvic_irq_enable) for nvic_irq_enable
    main.o(i.main) refers to printfa.o(i.__0printf) for __2printf
    main.o(i.main) refers to gd32f4xx_rcu.o(i.rcu_clock_freq_get) for rcu_clock_freq_get
    main.o(i.main) refers to timer_config.o(i.timer_config) for timer_config
    main.o(i.main) refers to fmc_flash.o(i.write_Flash_double_Word) for write_Flash_double_Word
    main.o(i.main) refers to fmc_flash.o(i.write_network_id_to_flash) for write_network_id_to_flash
    main.o(i.main) refers to fmc_flash.o(i.read_sensorid_form_flash) for read_sensorid_form_flash
    main.o(i.main) refers to communicate.o(i.communication_reboot) for communication_reboot
    main.o(i.main) refers to communicate.o(i.communication_init) for communication_init
    main.o(i.main) refers to gpio_config.o(i.powerOn) for powerOn
    main.o(i.main) refers to systick.o(i.Get_Tick) for Get_Tick
    main.o(i.main) refers to communicate.o(i.communication_req) for communication_req
    main.o(i.main) refers to main.o(.data) for tick
    systick.o(i.Get_Tick) refers to systick.o(.data) for uwTick
    systick.o(i.Inc_Tick) refers to systick.o(.data) for uwTick
    systick.o(i.delay_1ms) refers to systick.o(.data) for delay
    systick.o(i.delay_decrement) refers to systick.o(.data) for delay
    systick.o(i.systick_config) refers to systick.o(i.NVIC_SetPriority) for NVIC_SetPriority
    systick.o(i.systick_config) refers to system_gd32f4xx.o(.data) for SystemCoreClock
    gd32f4xx_it.o(i.SysTick_Handler) refers to systick.o(i.delay_decrement) for delay_decrement
    gd32f4xx_it.o(i.SysTick_Handler) refers to systick.o(i.Inc_Tick) for Inc_Tick
    gd32f4xx_it.o(i.TIMER1_IRQHandler) refers to gd32f4xx_timer.o(i.timer_interrupt_flag_get) for timer_interrupt_flag_get
    gd32f4xx_it.o(i.TIMER1_IRQHandler) refers to gd32f4xx_timer.o(i.timer_disable) for timer_disable
    gd32f4xx_it.o(i.TIMER1_IRQHandler) refers to gd32f4xx_dci.o(i.dci_enable) for dci_enable
    gd32f4xx_it.o(i.TIMER1_IRQHandler) refers to gd32f4xx_dma.o(i.dma_channel_enable) for dma_channel_enable
    gd32f4xx_it.o(i.TIMER1_IRQHandler) refers to gd32f4xx_gpio.o(i.gpio_bit_reset) for gpio_bit_reset
    gd32f4xx_it.o(i.TIMER1_IRQHandler) refers to gd32f4xx_timer.o(i.timer_interrupt_flag_clear) for timer_interrupt_flag_clear
    gd32f4xx_it.o(i.TIMER3_IRQHandler) refers to gd32f4xx_timer.o(i.timer_interrupt_flag_get) for timer_interrupt_flag_get
    gd32f4xx_it.o(i.TIMER3_IRQHandler) refers to service_logic.o(i.get_sample_flag) for get_sample_flag
    gd32f4xx_it.o(i.TIMER3_IRQHandler) refers to service_logic.o(i.get_sample_count) for get_sample_count
    gd32f4xx_it.o(i.TIMER3_IRQHandler) refers to printfa.o(i.__0printf) for __2printf
    gd32f4xx_it.o(i.TIMER3_IRQHandler) refers to service_logic.o(i.sample_flag_clear) for sample_flag_clear
    gd32f4xx_it.o(i.TIMER3_IRQHandler) refers to gd32f4xx_timer.o(i.timer_disable) for timer_disable
    gd32f4xx_it.o(i.TIMER3_IRQHandler) refers to gd32f4xx_dci.o(i.dci_disable) for dci_disable
    gd32f4xx_it.o(i.TIMER3_IRQHandler) refers to gd32f4xx_dma.o(i.dma_channel_disable) for dma_channel_disable
    gd32f4xx_it.o(i.TIMER3_IRQHandler) refers to dci_config.o(i.dci_config) for dci_config
    gd32f4xx_it.o(i.TIMER3_IRQHandler) refers to dci_config.o(i.dci_dma_config) for dci_dma_config
    gd32f4xx_it.o(i.TIMER3_IRQHandler) refers to gd32f4xx_timer.o(i.timer_interrupt_flag_clear) for timer_interrupt_flag_clear
    gd32f4xx_it.o(i.TIMER3_IRQHandler) refers to gd32f4xx_it.o(.data) for sample_count
    gd32f4xx_it.o(i.TIMER7_UP_TIMER12_IRQHandler) refers to gd32f4xx_timer.o(i.timer_interrupt_flag_get) for timer_interrupt_flag_get
    gd32f4xx_it.o(i.TIMER7_UP_TIMER12_IRQHandler) refers to gd32f4xx_timer.o(i.timer_disable) for timer_disable
    gd32f4xx_it.o(i.TIMER7_UP_TIMER12_IRQHandler) refers to gd32f4xx_gpio.o(i.gpio_bit_set) for gpio_bit_set
    gd32f4xx_it.o(i.TIMER7_UP_TIMER12_IRQHandler) refers to service_logic.o(i.acumulator_sensor_data) for acumulator_sensor_data
    gd32f4xx_it.o(i.TIMER7_UP_TIMER12_IRQHandler) refers to gd32f4xx_dci.o(i.dci_disable) for dci_disable
    gd32f4xx_it.o(i.TIMER7_UP_TIMER12_IRQHandler) refers to gd32f4xx_dma.o(i.dma_channel_disable) for dma_channel_disable
    gd32f4xx_it.o(i.TIMER7_UP_TIMER12_IRQHandler) refers to dci_config.o(i.dci_config) for dci_config
    gd32f4xx_it.o(i.TIMER7_UP_TIMER12_IRQHandler) refers to dci_config.o(i.dci_dma_config) for dci_dma_config
[...]
    _printf_e                                0x00000000   Number         0  stubs.o ABSOLUTE
    _printf_f                                0x00000000   Number         0  stubs.o ABSOLUTE
    _printf_flags                            0x00000000   Number         0  stubs.o ABSOLUTE
    _printf_fp_dec                           0x00000000   Number         0  stubs.o ABSOLUTE
    _printf_fp_hex                           0x00000000   Number         0  stubs.o ABSOLUTE
    _printf_g                                0x00000000   Number         0  stubs.o ABSOLUTE
    _printf_i                                0x00000000   Number         0  stubs.o ABSOLUTE
    _printf_int_dec                          0x00000000   Number         0  stubs.o ABSOLUTE
    _printf_l                                0x00000000   Number         0  stubs.o ABSOLUTE
    _printf_lc                               0x00000000   Number         0  stubs.o ABSOLUTE
    _printf_ll                               0x00000000   Number         0  stubs.o ABSOLUTE
    _printf_lld                              0x00000000   Number         0  stubs.o ABSOLUTE
    _printf_lli                              0x00000000   Number         0  stubs.o ABSOLUTE
    _printf_llo                              0x00000000   Number         0  stubs.o ABSOLUTE
    _printf_llu                              0x00000000   Number         0  stubs.o ABSOLUTE
    _printf_llx                              0x00000000   Number         0  stubs.o ABSOLUTE
    _printf_longlong_dec                     0x00000000   Number         0  stubs.o ABSOLUTE
    _printf_longlong_hex                     0x00000000   Number         0  stubs.o ABSOLUTE
    _printf_longlong_oct                     0x00000000   Number         0  stubs.o ABSOLUTE
    _printf_ls                               0x00000000   Number         0  stubs.o ABSOLUTE
    _printf_mbtowc                           0x00000000   Number         0  stubs.o ABSOLUTE
    _printf_n                                0x00000000   Number         0  stubs.o ABSOLUTE
    _printf_o                                0x00000000   Number         0  stubs.o ABSOLUTE
    _printf_p                                0x00000000   Number         0  stubs.o ABSOLUTE
    _printf_percent                          0x00000000   Number         0  stubs.o ABSOLUTE
    _printf_pre_padding                      0x00000000   Number         0  stubs.o ABSOLUTE
    _printf_return_value                     0x00000000   Number         0  stubs.o ABSOLUTE
    _printf_s                                0x00000000   Number         0  stubs.o ABSOLUTE
    _printf_sizespec                         0x00000000   Number         0  stubs.o ABSOLUTE
    _printf_str                              0x00000000   Number         0  stubs.o ABSOLUTE
    _printf_truncate_signed                  0x00000000   Number         0  stubs.o ABSOLUTE
    _printf_truncate_unsigned                0x00000000   Number         0  stubs.o ABSOLUTE
    _printf_u                                0x00000000   Number         0  stubs.o ABSOLUTE
    _printf_wc                               0x00000000   Number         0  stubs.o ABSOLUTE
    _printf_wctomb                           0x00000000   Number         0  stubs.o ABSOLUTE
    _printf_widthprec                        0x00000000   Number         0  stubs.o ABSOLUTE
    _printf_x                                0x00000000   Number         0  stubs.o ABSOLUTE
    __cpp_initialize__aeabi_                  - Undefined Weak Reference
    __cxa_finalize                            - Undefined Weak Reference
    _clock_init                               - Undefined Weak Reference
    _microlib_exit                            - Undefined Weak Reference
    _scanf_longlong                           - Undefined Weak Reference
    _scanf_real                               - Undefined Weak Reference
    _scanf_string                             - Undefined Weak Reference
    __Vectors_Size                           0x000001a8   Number         0  startup_gd32f450.o ABSOLUTE
    __Vectors                                0x08000000   Data           4  startup_gd32f450.o(RESET)
    __Vectors_End                            0x080001a8   Data           0  startup_gd32f450.o(RESET)
    __main                                   0x080001a9   Thumb Code     0  entry.o(.ARM.Collect$$$$00000000)
    _main_stk                                0x080001a9   Thumb Code     0  entry2.o(.ARM.Collect$$$$00000001)
    _main_scatterload                        0x080001ad   Thumb Code     0  entry5.o(.ARM.Collect$$$$00000004)
    __main_after_scatterload                 0x080001b1   Thumb Code     0  entry5.o(.ARM.Collect$$$$00000004)
    _main_clock                              0x080001b1   Thumb Code     0  entry7b.o(.ARM.Collect$$$$00000008)
    _main_cpp_init                           0x080001b1   Thumb Code     0  entry8b.o(.ARM.Collect$$$$0000000A)
    _main_init                               0x080001b1   Thumb Code     0  entry9a.o(.ARM.Collect$$$$0000000B)
    __rt_final_cpp                           0x080001b9   Thumb Code     0  entry10a.o(.ARM.Collect$$$$0000000D)
    __rt_final_exit                          0x080001b9   Thumb Code     0  entry11a.o(.ARM.Collect$$$$0000000F)
    Reset_Handler                            0x080001bd   Thumb Code     8  startup_gd32f450.o(.text)
    ADC_IRQHandler                           0x080001d7   Thumb Code     0  startup_gd32f450.o(.text)
    CAN0_EWMC_IRQHandler                     0x080001d7   Thumb Code     0  startup_gd32f450.o(.text)
    CAN0_RX0_IRQHandler                      0x080001d7   Thumb Code     0  startup_gd32f450.o(.text)
    CAN0_RX1_IRQHandler                      0x080001d7   Thumb Code     0  startup_gd32f450.o(.text)
    CAN0_TX_IRQHandler                       0x080001d7   Thumb Code     0  startup_gd32f450.o(.text)
    CAN1_EWMC_IRQHandler                     0x080001d7   Thumb Code     0  startup_gd32f450.o(.text)
    CAN1_RX0_IRQHandler                      0x080001d7   Thumb Code     0  startup_gd32f450.o(.text)
    CAN1_RX1_IRQHandler                      0x080001d7   Thumb Code     0  startup_gd32f450.o(.text)
    CAN1_TX_IRQHandler                       0x080001d7   Thumb Code     0  startup_gd32f450.o(.text)
    DCI_IRQHandler                           0x080001d7   Thumb Code     0  startup_gd32f450.o(.text)
    DMA0_Channel0_IRQHandler                 0x080001d7   Thumb Code     0  startup_gd32f450.o(.text)
    DMA0_Channel1_IRQHandler                 0x080001d7   Thumb Code     0  startup_gd32f450.o(.text)
    DMA0_Channel2_IRQHandler                 0x080001d7   Thumb Code     0  startup_gd32f450.o(.text)
    DMA0_Channel3_IRQHandler                 0x080001d7   Thumb Code     0  startup_gd32f450.o(.text)
    DMA0_Channel4_IRQHandler                 0x080001d7   Thumb Code     0  startup_gd32f450.o(.text)
    DMA0_Channel5_IRQHandler                 0x080001d7   Thumb Code     0  startup_gd32f450.o(.text)
    DMA0_Channel6_IRQHandler                 0x080001d7   Thumb Code     0  startup_gd32f450.o(.text)
    DMA0_Channel7_IRQHandler                 0x080001d7   Thumb Code     0  startup_gd32f450.o(.text)
    DMA1_Channel0_IRQHandler                 0x080001d7   Thumb Code     0  startup_gd32f450.o(.text)
    DMA1_Channel1_IRQHandler                 0x080001d7   Thumb Code     0  startup_gd32f450.o(.text)
    DMA1_Channel2_IRQHandler                 0x080001d7   Thumb Code     0  startup_gd32f450.o(.text)
    DMA1_Channel3_IRQHandler                 0x080001d7   Thumb Code     0  startup_gd32f450.o(.text)
    DMA1_Channel4_IRQHandler                 0x080001d7   Thumb Code     0  startup_gd32f450.o(.text)
    DMA1_Channel5_IRQHandler                 0x080001d7   Thumb Code     0  startup_gd32f450.o(.text)
    DMA1_Channel6_IRQHandler                 0x080001d7   Thumb Code     0  startup_gd32f450.o(.text)
    DMA1_Channel7_IRQHandler                 0x080001d7   Thumb Code     0  startup_gd32f450.o(.text)
    ENET_IRQHandler                          0x080001d7   Thumb Code     0  startup_gd32f450.o(.text)
    ENET_WKUP_IRQHandler                     0x080001d7   Thumb Code     0  startup_gd32f450.o(.text)
    EXMC_IRQHandler                          0x080001d7   Thumb Code     0  startup_gd32f450.o(.text)
    EXTI0_IRQHandler                         0x080001d7   Thumb Code     0  startup_gd32f450.o(.text)
    EXTI10_15_IRQHandler                     0x080001d7   Thumb Code     0  startup_gd32f450.o(.text)
    EXTI1_IRQHandler                         0x080001d7   Thumb Code     0  startup_gd32f450.o(.text)
    EXTI2_IRQHandler                         0x080001d7   Thumb Code     0  startup_gd32f450.o(.text)
    EXTI3_IRQHandler                         0x080001d7   Thumb Code     0  startup_gd32f450.o(.text)
    EXTI4_IRQHandler                         0x080001d7   Thumb Code     0  startup_gd32f450.o(.text)
    EXTI5_9_IRQHandler                       0x080001d7   Thumb Code     0  startup_gd32f450.o(.text)
    FMC_IRQHandler                           0x080001d7   Thumb Code     0  startup_gd32f450.o(.text)
    FPU_IRQHandler                           0x080001d7   Thumb Code     0  startup_gd32f450.o(.text)
    I2C0_ER_IRQHandler                       0x080001d7   Thumb Code     0  startup_gd32f450.o(.text)
    I2C0_EV_IRQHandler                       0x080001d7   Thumb Code     0  startup_gd32f450.o(.text)
    I2C1_ER_IRQHandler                       0x080001d7   Thumb Code     0  startup_gd32f450.o(.text)
    I2C1_EV_IRQHandler                       0x080001d7   Thumb Code     0  startup_gd32f450.o(.text)
    I2C2_ER_IRQHandler                       0x080001d7   Thumb Code     0  startup_gd32f450.o(.text)
    I2C2_EV_IRQHandler                       0x080001d7   Thumb Code     0  startup_gd32f450.o(.text)
    IPA_IRQHandler                           0x080001d7   Thumb Code     0  startup_gd32f450.o(.text)
    LVD_IRQHandler                           0x080001d7   Thumb Code     0  startup_gd32f450.o(.text)
    RCU_CTC_IRQHandler                       0x080001d7   Thumb Code     0  startup_gd32f450.o(.text)
    RTC_Alarm_IRQHandler                     0x080001d7   Thumb Code     0  startup_gd32f450.o(.text)
    RTC_WKUP_IRQHandler                      0x080001d7   Thumb Code     0  startup_gd32f450.o(.text)
    SDIO_IRQHandler                          0x080001d7   Thumb Code     0  startup_gd32f450.o(.text)
    SPI0_IRQHandler                          0x080001d7   Thumb Code     0  startup_gd32f450.o(.text)
    SPI1_IRQHandler                          0x080001d7   Thumb Code     0  startup_gd32f450.o(.text)
    SPI2_IRQHandler                          0x080001d7   Thumb Code     0  startup_gd32f450.o(.text)
    SPI3_IRQHandler                          0x080001d7   Thumb Code     0  startup_gd32f450.o(.text)
    SPI4_IRQHandler                          0x080001d7   Thumb Code     0  startup_gd32f450.o(.text)
    SPI5_IRQHandler                          0x080001d7   Thumb Code     0  startup_gd32f450.o(.text)
    TAMPER_STAMP_IRQHandler                  0x080001d7   Thumb Code     0  startup_gd32f450.o(.text)
    TIMER0_BRK_TIMER8_IRQHandler             0x080001d7   Thumb Code     0  startup_gd32f450.o(.text)
    TIMER0_CC_IRQHandler                     0x080001d7   Thumb Code     0  startup_gd32f450.o(.text)
    TIMER0_TRG_CMT_TIMER10_IRQHandler        0x080001d7   Thumb Code     0  startup_gd32f450.o(.text)
    TIMER0_UP_TIMER9_IRQHandler              0x080001d7   Thumb Code     0  startup_gd32f450.o(.text)
    TIMER2_IRQHandler                        0x080001d7   Thumb Code     0  startup_gd32f450.o(.text)
    TIMER4_IRQHandler                        0x080001d7   Thumb Code     0  startup_gd32f450.o(.text)
    TIMER5_DAC_IRQHandler                    0x080001d7   Thumb Code     0  startup_gd32f450.o(.text)
    TIMER6_IRQHandler                        0x080001d7   Thumb Code     0  startup_gd32f450.o(.text)
    TIMER7_BRK_TIMER11_IRQHandler            0x080001d7   Thumb Code     0  startup_gd32f450.o(.text)
    TIMER7_CC_IRQHandler                     0x080001d7   Thumb Code     0  startup_gd32f450.o(.text)
    TIMER7_TRG_CMT_TIMER13_IRQHandler        0x080001d7   Thumb Code     0  startup_gd32f450.o(.text)
    TLI_ER_IRQHandler                        0x080001d7   Thumb Code     0  startup_gd32f450.o(.text)
    TLI_IRQHandler                           0x080001d7   Thumb Code     0  startup_gd32f450.o(.text)
    TRNG_IRQHandler                          0x080001d7   Thumb Code     0  startup_gd32f450.o(.text)
    UART3_IRQHandler                         0x080001d7   Thumb Code     0  startup_gd32f450.o(.text)
    UART4_IRQHandler                         0x080001d7   Thumb Code     0  startup_gd32f450.o(.text)
    UART6_IRQHandler                         0x080001d7   Thumb Code     0  startup_gd32f450.o(.text)
    UART7_IRQHandler                         0x080001d7   Thumb Code     0  startup_gd32f450.o(.text)
    USART0_IRQHandler                        0x080001d7   Thumb Code     0  startup_gd32f450.o(.text)
    USART1_IRQHandler                        0x080001d7   Thumb Code     0  startup_gd32f450.o(.text)
    USART2_IRQHandler                        0x080001d7   Thumb Code     0  startup_gd32f450.o(.text)
    USART5_IRQHandler                        0x080001d7   Thumb Code     0  startup_gd32f450.o(.text)
    USBFS_IRQHandler                         0x080001d7   Thumb Code     0  startup_gd32f450.o(.text)
    USBFS_WKUP_IRQHandler                    0x080001d7   Thumb Code     0  startup_gd32f450.o(.text)
    USBHS_EP1_In_IRQHandler                  0x080001d7   Thumb Code     0  startup_gd32f450.o(.text)
    USBHS_EP1_Out_IRQHandler                 0x080001d7   Thumb Code     0  startup_gd32f450.o(.text)
    USBHS_IRQHandler                         0x080001d7   Thumb Code     0  startup_gd32f450.o(.text)
    USBHS_WKUP_IRQHandler                    0x080001d7   Thumb Code     0  startup_gd32f450.o(.text)
    WWDGT_IRQHandler                         0x080001d7   Thumb Code     0  startup_gd32f450.o(.text)
    __aeabi_memcpy                           0x080001e1   Thumb Code    36  memcpya.o(.text)
    __aeabi_memcpy4                          0x080001e1   Thumb Code     0  memcpya.o(.text)
    __aeabi_memcpy8                          0x080001e1   Thumb Code     0  memcpya.o(.text)
    __aeabi_memset                           0x08000205   Thumb Code    14  memseta.o(.text)
    __aeabi_memset4                          0x08000205   Thumb Code     0  memseta.o(.text)
    __aeabi_memset8                          0x08000205   Thumb Code     0  memseta.o(.text)
    __aeabi_memclr                           0x08000213   Thumb Code     4  memseta.o(.text)
    __aeabi_memclr4                          0x08000213   Thumb Code     0  memseta.o(.text)
    __aeabi_memclr8                          0x08000213   Thumb Code     0  memseta.o(.text)
    _memset$wrapper                          0x08000217   Thumb Code    18  memseta.o(.text)
    strcat                                   0x08000229   Thumb Code    24  strcat.o(.text)
    strstr                                   0x08000241   Thumb Code    36  strstr.o(.text)
    strlen                                   0x08000265   Thumb Code    14  strlen.o(.text)
    strcmp                                   0x08000273   Thumb Code    28  strcmp.o(.text)
    memcmp                                   0x0800028f   Thumb Code    26  memcmp.o(.text)
    strcpy                                   0x080002a9   Thumb Code    18  strcpy.o(.text)
    __0sscanf                                0x080002bd   Thumb Code    48  __0sscanf.o(.text)
    _scanf_int                               0x080002f5   Thumb Code   332  _scanf_int.o(.text)
    __aeabi_dadd                             0x08000441   Thumb Code   322  dadd.o(.text)
    __aeabi_dsub                             0x08000583   Thumb Code     6  dadd.o(.text)
    __aeabi_drsub                            0x08000589   Thumb Code     6  dadd.o(.text)
    __aeabi_dmul                             0x0800058f   Thumb Code   228  dmul.o(.text)
    __aeabi_ddiv                             0x08000673   Thumb Code   222  ddiv.o(.text)
    __aeabi_ui2d                             0x08000751   Thumb Code    26  dfltui.o(.text)
    __aeabi_f2d                              0x0800076b   Thumb Code    38  f2d.o(.text)
    __aeabi_cdrcmple                         0x08000791   Thumb Code    48  cdrcmple.o(.text)
    __aeabi_d2f                              0x080007c1   Thumb Code    56  d2f.o(.text)
    __aeabi_uidiv                            0x080007f9   Thumb Code     0  uidiv.o(.text)
    __aeabi_uidivmod                         0x080007f9   Thumb Code    44  uidiv.o(.text)
    __aeabi_uldivmod                         0x08000825   Thumb Code    98  uldiv.o(.text)
    __aeabi_llsl                             0x08000887   Thumb Code    30  llshl.o(.text)
    _ll_shift_l                              0x08000887   Thumb Code     0  llshl.o(.text)
    __aeabi_llsr                             0x080008a5   Thumb Code    32  llushr.o(.text)
    _ll_ushift_r                             0x080008a5   Thumb Code     0  llushr.o(.text)
    __aeabi_lasr                             0x080008c5   Thumb Code    36  llsshr.o(.text)
    _ll_sshift_r                             0x080008c5   Thumb Code     0  llsshr.o(.text)
    _chval                                   0x080008e9   Thumb Code    28  _chval.o(.text)
    __vfscanf_char                           0x08000911   Thumb Code    20  scanf_char.o(.text)
    _sgetc                                   0x0800092d   Thumb Code    30  _sgetc.o(.text)
    _sbackspace                              0x0800094b   Thumb Code    34  _sgetc.o(.text)
    __I$use$fp                               0x0800096d   Thumb Code     0  iusefp.o(.text)
    _float_round                             0x0800096d   Thumb Code    18  fepilogue.o(.text)
    _float_epilogue                          0x0800097f   Thumb Code    92  fepilogue.o(.text)
    _double_round                            0x080009db   Thumb Code    30  depilogue.o(.text)
    _double_epilogue                         0x080009f9   Thumb Code   156  depilogue.o(.text)
    __aeabi_d2ulz                            0x08000a95   Thumb Code    48  dfixul.o(.text)
    __scatterload                            0x08000ac5   Thumb Code    28  init.o(.text)
    __scatterload_rt2                        0x08000ac5   Thumb Code     0  init.o(.text)
    isspace                                  0x08000ae9   Thumb Code    10  isspace_c.o(.text)
    __vfscanf                                0x08000af5   Thumb Code   808  _scanf.o(.text)
    __ctype_lookup                           0x08000e21   Thumb Code    34  ctype_c.o(.text)
    __decompress                             0x08000e49   Thumb Code     0  __dczerorl2.o(.text)
    __decompress1                            0x08000e49   Thumb Code    86  __dczerorl2.o(.text)
    BatGetPrecent                            0x08000ea1   Thumb Code   292  adc_config.o(i.BatGetPrecent)
    BusFault_Handler                         0x08001025   Thumb Code     4  gd32f4xx_it.o(i.BusFault_Handler)
    DebugMon_Handler                         0x08001029   Thumb Code     2  gd32f4xx_it.o(i.DebugMon_Handler)
    Get_Tick                                 0x0800109d   Thumb Code     6  systick.o(i.Get_Tick)
    HardFault_Handler                        0x080010a9   Thumb Code     4  gd32f4xx_it.o(i.HardFault_Handler)
    Inc_Tick                                 0x080010ad   Thumb Code    12  systick.o(i.Inc_Tick)
    LoRa_execute_instruction                 0x080010bd   Thumb Code   382  service_logic.o(i.LoRa_execute_instruction)
    MemManage_Handler                        0x080013bd   Thumb Code     4  gd32f4xx_it.o(i.MemManage_Handler)
    NMI_Handler                              0x080013c1   Thumb Code     2  gd32f4xx_it.o(i.NMI_Handler)
    PendSV_Handler                           0x080013ed   Thumb Code     2  gd32f4xx_it.o(i.PendSV_Handler)
    ReLoadSersorId                           0x080013f1   Thumb Code    40  fmc_flash.o(i.ReLoadSersorId)
    SVC_Handler                              0x08001429   Thumb Code     2  gd32f4xx_it.o(i.SVC_Handler)
    SX1278_LoRaEntryRx                       0x0800142d   Thumb Code   178  sx1278.o(i.SX1278_LoRaEntryRx)
    SX1278_LoRaEntryTx                       0x080014f1   Thumb Code   154  sx1278.o(i.SX1278_LoRaEntryTx)
    SX1278_LoRaRxPacket                      0x0800159d   Thumb Code    92  sx1278.o(i.SX1278_LoRaRxPacket)
    SX1278_LoRaTxPacket                      0x080015f9   Thumb Code   118  sx1278.o(i.SX1278_LoRaTxPacket)
    SX1278_SPIBurstRead                      0x08001675   Thumb Code    68  sx1278.o(i.SX1278_SPIBurstRead)
    SX1278_SPIBurstWrite                     0x080016b9   Thumb Code    72  sx1278.o(i.SX1278_SPIBurstWrite)
    SX1278_SPIRead                           0x08001701   Thumb Code    42  sx1278.o(i.SX1278_SPIRead)
    SX1278_SPIWrite                          0x0800172b   Thumb Code    44  sx1278.o(i.SX1278_SPIWrite)
    SX1278_begin                             0x08001757   Thumb Code    46  sx1278.o(i.SX1278_begin)
    SX1278_clearLoRaIrq                      0x08001785   Thumb Code    16  sx1278.o(i.SX1278_clearLoRaIrq)
    SX1278_config                            0x08001795   Thumb Code   286  sx1278.o(i.SX1278_config)
    SX1278_defaultConfig                     0x080018c9   Thumb Code    22  sx1278.o(i.SX1278_defaultConfig)
    SX1278_entryLoRa                         0x080018df   Thumb Code    16  sx1278.o(i.SX1278_entryLoRa)
    SX1278_hw_DelayMs                        0x080018ef   Thumb Code    12  sx1278.o(i.SX1278_hw_DelayMs)
    SX1278_hw_GetDIO0                        0x080018fd   Thumb Code    16  sx1278.o(i.SX1278_hw_GetDIO0)
    SX1278_hw_Reset                          0x08001911   Thumb Code    42  sx1278.o(i.SX1278_hw_Reset)
    SX1278_hw_SPICommand                     0x0800193b   Thumb Code    62  sx1278.o(i.SX1278_hw_SPICommand)
    SX1278_hw_SPIReadByte                    0x08001979   Thumb Code   100  sx1278.o(i.SX1278_hw_SPIReadByte)
    SX1278_hw_SetNSS                         0x080019dd   Thumb Code    30  sx1278.o(i.SX1278_hw_SetNSS)
    SX1278_hw_init                           0x080019fb   Thumb Code    22  sx1278.o(i.SX1278_hw_init)
    SX1278_read                              0x08001a11   Thumb Code    44  sx1278.o(i.SX1278_read)
    SX1278_sleep                             0x08001a3d   Thumb Code    20  sx1278.o(i.SX1278_sleep)
    SX1278_standby                           0x08001a51   Thumb Code    20  sx1278.o(i.SX1278_standby)
    StartSampleUpload                        0x08001a91   Thumb Code   146  net_protocol.o(i.StartSampleUpload)
    SysTick_Handler                          0x08001b49   Thumb Code    12  gd32f4xx_it.o(i.SysTick_Handler)
    SystemInit                               0x08001b55   Thumb Code   104  system_gd32f4xx.o(i.SystemInit)
    TIMER1_IRQHandler                        0x08001bcd   Thumb Code    52  gd32f4xx_it.o(i.TIMER1_IRQHandler)
    TIMER3_IRQHandler                        0x08001c09   Thumb Code   120  gd32f4xx_it.o(i.TIMER3_IRQHandler)
    TIMER7_UP_TIMER12_IRQHandler             0x08001cb9   Thumb Code    78  gd32f4xx_it.o(i.TIMER7_UP_TIMER12_IRQHandler)
    Uart_recv_buf_regster                    0x08001d1d   Thumb Code    20  usart_config.o(i.Uart_recv_buf_regster)
    Uart_recv_reset                          0x08001d35   Thumb Code     8  usart_config.o(i.Uart_recv_reset)
    UsageFault_Handler                       0x08001d41   Thumb Code     4  gd32f4xx_it.o(i.UsageFault_Handler)
    WriteFlashBatteryCapacity                0x08001d45   Thumb Code    54  fmc_flash.o(i.WriteFlashBatteryCapacity)
    __0printf                                0x08001d81   Thumb Code    22  printfa.o(i.__0printf)
    __1printf                                0x08001d81   Thumb Code     0  printfa.o(i.__0printf)
    __2printf                                0x08001d81   Thumb Code     0  printfa.o(i.__0printf)
    __c89printf                              0x08001d81   Thumb Code     0  printfa.o(i.__0printf)
    printf                                   0x08001d81   Thumb Code     0  printfa.o(i.__0printf)
    __0sprintf                               0x08001da1   Thumb Code    34  printfa.o(i.__0sprintf)
    __1sprintf                               0x08001da1   Thumb Code     0  printfa.o(i.__0sprintf)
    __2sprintf                               0x08001da1   Thumb Code     0  printfa.o(i.__0sprintf)
    __c89sprintf                             0x08001da1   Thumb Code     0  printfa.o(i.__0sprintf)
    sprintf                                  0x08001da1   Thumb Code     0  printfa.o(i.__0sprintf)
    __scatterload_copy                       0x08001dc9   Thumb Code    14  handlers.o(i.__scatterload_copy)
    __scatterload_null                       0x08001dd7   Thumb Code     2  handlers.o(i.__scatterload_null)
    __scatterload_zeroinit                   0x08001dd9   Thumb Code    14  handlers.o(i.__scatterload_zeroinit)
    acqBat                                   0x080026a5   Thumb Code    32  adc_config.o(i.acqBat)
    acumulator_average                       0x080026dd   Thumb Code    76  service_logic.o(i.acumulator_average)
    acumulator_sensor_data                   0x08002739   Thumb Code    96  service_logic.o(i.acumulator_sensor_data)
    adc_channel_sample                       0x080027a1   Thumb Code    56  adc_config.o(i.adc_channel_sample)
    adc_flag_clear                           0x080027d9   Thumb Code     8  gd32f4xx_adc.o(i.adc_flag_clear)
    adc_flag_get                             0x080027e1   Thumb Code    16  gd32f4xx_adc.o(i.adc_flag_get)
    adc_regular_channel_config               0x080027f1   Thumb Code   172  gd32f4xx_adc.o(i.adc_regular_channel_config)
    adc_regular_data_read                    0x0800289d   Thumb Code     8  gd32f4xx_adc.o(i.adc_regular_data_read)
    adc_software_trigger_enable              0x080028a5   Thumb Code    34  gd32f4xx_adc.o(i.adc_software_trigger_enable)
    at_get_last_recv                         0x080028c9   Thumb Code    20  at_uart_hal.o(i.at_get_last_recv)
    at_net_con_cb                            0x080028e5   Thumb Code   128  at_recv_cb.o(i.at_net_con_cb)
    at_net_recv_cb                           0x080029c5   Thumb Code   220  at_recv_cb.o(i.at_net_recv_cb)
    at_parse_deinit                          0x08002b11   Thumb Code    30  at_parse.o(i.at_parse_deinit)
    at_parse_init                            0x08002b49   Thumb Code    54  at_parse.o(i.at_parse_init)
    at_parse_match_obj                       0x08002b99   Thumb Code   130  at_parse.o(i.at_parse_match_obj)
    at_register_callback                     0x08002c79   Thumb Code   130  at_parse.o(i.at_register_callback)
    at_send_no_reply                         0x08002d21   Thumb Code    92  at_parse.o(i.at_send_no_reply)
    at_send_wait_reply                       0x08002d8d   Thumb Code   162  at_parse.o(i.at_send_wait_reply)
    at_signal_cb                             0x08002e45   Thumb Code   146  at_recv_cb.o(i.at_signal_cb)
    at_uart_deinit                           0x08002efd   Thumb Code    36  at_uart_hal.o(i.at_uart_deinit)
    at_uart_init                             0x08002f3d   Thumb Code    60  at_uart_hal.o(i.at_uart_init)
    at_uart_receive                          0x08002fc1   Thumb Code   194  at_uart_hal.o(i.at_uart_receive)
    at_uart_send                             0x080030c1   Thumb Code    32  at_uart_hal.o(i.at_uart_send)
    batVolt                                  0x080030e9   Thumb Code    98  adc_config.o(i.batVolt)
    communication_init                       0x0800319d   Thumb Code    64  communicate.o(i.communication_init)
    communication_ls_debug                   0x080031f1   Thumb Code    28  communicate.o(i.communication_ls_debug)
    communication_reboot                     0x08003211   Thumb Code   112  communicate.o(i.communication_reboot)
    communication_req                        0x080032b9   Thumb Code   148  communicate.o(i.communication_req)
    crc16                                    0x080033a9   Thumb Code    40  crc16.o(i.crc16)
    crc16_con                                0x080033d5   Thumb Code    40  crc16.o(i.crc16_con)
    dac_config                               0x08003401   Thumb Code    54  dac_config.o(i.dac_config)
    dac_data_set                             0x08003439   Thumb Code    82  gd32f4xx_dac.o(i.dac_data_set)
    dac_deinit                               0x08003491   Thumb Code    20  gd32f4xx_dac.o(i.dac_deinit)
    dac_enable                               0x080034a5   Thumb Code    30  gd32f4xx_dac.o(i.dac_enable)
    dac_output_buffer_enable                 0x080034c9   Thumb Code    30  gd32f4xx_dac.o(i.dac_output_buffer_enable)
    dac_trigger_disable                      0x080034ed   Thumb Code    30  gd32f4xx_dac.o(i.dac_trigger_disable)
    dac_wave_mode_config                     0x08003511   Thumb Code    48  gd32f4xx_dac.o(i.dac_wave_mode_config)
    dci_capture_enable                       0x08003545   Thumb Code    14  gd32f4xx_dci.o(i.dci_capture_enable)
    dci_config                               0x08003559   Thumb Code   526  dci_config.o(i.dci_config)
    dci_disable                              0x0800377d   Thumb Code    14  gd32f4xx_dci.o(i.dci_disable)
    dci_dma_config                           0x08003791   Thumb Code    98  dci_config.o(i.dci_dma_config)
    dci_enable                               0x08003801   Thumb Code    14  gd32f4xx_dci.o(i.dci_enable)
    dci_init                                 0x08003815   Thumb Code    46  gd32f4xx_dci.o(i.dci_init)
    dci_sync_codes_disable                   0x08003849   Thumb Code    14  gd32f4xx_dci.o(i.dci_sync_codes_disable)
    delay_1ms                                0x0800385d   Thumb Code    16  systick.o(i.delay_1ms)
    delay_decrement                          0x08003871   Thumb Code    18  systick.o(i.delay_decrement)
    dma_channel_disable                      0x08003889   Thumb Code    32  gd32f4xx_dma.o(i.dma_channel_disable)
    dma_channel_enable                       0x080038a9   Thumb Code    32  gd32f4xx_dma.o(i.dma_channel_enable)
    dma_channel_subperipheral_select         0x080038c9   Thumb Code    38  gd32f4xx_dma.o(i.dma_channel_subperipheral_select)
    dma_deinit                               0x080038ef   Thumb Code   164  gd32f4xx_dma.o(i.dma_deinit)
    dma_single_data_mode_init                0x08003995   Thumb Code   346  gd32f4xx_dma.o(i.dma_single_data_mode_init)
    enable_tiemr3_50hz                       0x08003af5   Thumb Code    10  timer_config.o(i.enable_tiemr3_50hz)
    fmc_flag_clear                           0x08003bcd   Thumb Code     6  gd32f4xx_fmc.o(i.fmc_flag_clear)
    fmc_lock                                 0x08003bd9   Thumb Code    14  gd32f4xx_fmc.o(i.fmc_lock)
    fmc_ready_wait                           0x08003bed   Thumb Code    20  gd32f4xx_fmc.o(i.fmc_ready_wait)
    fmc_sector_erase                         0x08003c01   Thumb Code    82  gd32f4xx_fmc.o(i.fmc_sector_erase)
    fmc_state_get                            0x08003c59   Thumb Code    80  gd32f4xx_fmc.o(i.fmc_state_get)
    fmc_unlock                               0x08003cad   Thumb Code    24  gd32f4xx_fmc.o(i.fmc_unlock)
    fmc_word_program                         0x08003cd1   Thumb Code    72  gd32f4xx_fmc.o(i.fmc_word_program)
    fputc                                    0x08003d1d   Thumb Code    32  usart_config.o(i.fputc)
    gd_debug_com_init                        0x08003de5   Thumb Code   158  usart_config.o(i.gd_debug_com_init)
    get_sample_count                         0x08003f4d   Thumb Code     6  service_logic.o(i.get_sample_count)
    get_sample_data                          0x08003f59   Thumb Code     4  service_logic.o(i.get_sample_data)
    get_sample_flag                          0x08003f61   Thumb Code     6  service_logic.o(i.get_sample_flag)
    gpio_af_set                              0x08003f6d   Thumb Code    94  gd32f4xx_gpio.o(i.gpio_af_set)
    gpio_bit_reset                           0x08003fcb   Thumb Code     4  gd32f4xx_gpio.o(i.gpio_bit_reset)
    gpio_bit_set                             0x08003fcf   Thumb Code     4  gd32f4xx_gpio.o(i.gpio_bit_set)
    gpio_config                              0x08003fd5   Thumb Code   338  gpio_config.o(i.gpio_config)
    gpio_in_config                           0x0800415d   Thumb Code    28  gpio_config.o(i.gpio_in_config)
    gpio_input_bit_get                       0x08004179   Thumb Code    16  gd32f4xx_gpio.o(i.gpio_input_bit_get)
    gpio_mode_set                            0x08004189   Thumb Code    78  gd32f4xx_gpio.o(i.gpio_mode_set)
    gpio_out_config                          0x080041d7   Thumb Code    44  gpio_config.o(i.gpio_out_config)
    gpio_output_options_set                  0x08004203   Thumb Code    66  gd32f4xx_gpio.o(i.gpio_output_options_set)
    loraDealData                             0x080043a1   Thumb Code   304  lora.o(i.loraDealData)
    loraSendSpecifiedPkg                     0x080047cd   Thumb Code   300  lora.o(i.loraSendSpecifiedPkg)
    loraSetMode                              0x08004939   Thumb Code    96  lora.o(i.loraSetMode)
    loraTxData                               0x080049a1   Thumb Code    42  lora.o(i.loraTxData)
    lora_ctrl_init                           0x080049cd   Thumb Code    60  lora.o(i.lora_ctrl_init)
    lora_passivity_communication             0x08004a0d   Thumb Code   644  service_logic.o(i.lora_passivity_communication)
    lora_receive_data                        0x08004d95   Thumb Code    44  lora.o(i.lora_receive_data)
    lora_spi_config                          0x08004dc1   Thumb Code    60  spi_config.o(i.lora_spi_config)
    main                                     0x08004e01   Thumb Code   168  main.o(i.main)
    nb_usart_init                            0x08004eed   Thumb Code   158  usart_config.o(i.nb_usart_init)
    net_get_debug_data                       0x08004f99   Thumb Code    84  net_protocol.o(i.net_get_debug_data)
    net_get_debug_status                     0x08005011   Thumb Code     6  net_protocol.o(i.net_get_debug_status)
    net_get_heart_data                       0x0800501d   Thumb Code    66  net_protocol.o(i.net_get_heart_data)
    net_get_ls_close                         0x0800507d   Thumb Code     6  net_protocol.o(i.net_get_ls_close)
    net_get_ls_send_succ                     0x08005089   Thumb Code     6  net_protocol.o(i.net_get_ls_send_succ)
    net_recv_handle                          0x0800589d   Thumb Code    58  net_protocol.o(i.net_recv_handle)
    net_response_sample                      0x08005919   Thumb Code   588  net_protocol.o(i.net_response_sample)
    net_retra_handle                         0x08005c19   Thumb Code    44  net_protocol.o(i.net_retra_handle)
    net_send_udp_tcp                         0x08005c51   Thumb Code    32  net_protocol.o(i.net_send_udp_tcp)
    net_set_close_sta                        0x08005c75   Thumb Code    56  net_protocol.o(i.net_set_close_sta)
    net_set_probeID                          0x08005cf5   Thumb Code    18  net_protocol.o(i.net_set_probeID)
    net_set_send_sta                         0x08005d15   Thumb Code     6  net_protocol.o(i.net_set_send_sta)
    net_set_wait_sta                         0x08005e19   Thumb Code     6  net_protocol.o(i.net_set_wait_sta)
    nvic_irq_enable                          0x08005e25   Thumb Code   156  gd32f4xx_misc.o(i.nvic_irq_enable)
    powerOff                                 0x08005ec9   Thumb Code     2  gpio_config.o(i.powerOff)
    powerOn                                  0x08005ecd   Thumb Code    38  gpio_config.o(i.powerOn)
    rcu_ckout0_config                        0x08005f01   Thumb Code    22  gd32f4xx_rcu.o(i.rcu_ckout0_config)
    rcu_clock_freq_get                       0x08005f1d   Thumb Code   264  gd32f4xx_rcu.o(i.rcu_clock_freq_get)
    rcu_periph_clock_enable                  0x08006041   Thumb Code    32  gd32f4xx_rcu.o(i.rcu_periph_clock_enable)
    rcu_periph_reset_disable                 0x08006065   Thumb Code    32  gd32f4xx_rcu.o(i.rcu_periph_reset_disable)
    rcu_periph_reset_enable                  0x08006089   Thumb Code    32  gd32f4xx_rcu.o(i.rcu_periph_reset_enable)
    rcu_timer_clock_prescaler_config         0x080060ad   Thumb Code    32  gd32f4xx_rcu.o(i.rcu_timer_clock_prescaler_config)
    read_channel_gain_from_flash             0x080060d1   Thumb Code    32  fmc_flash.o(i.read_channel_gain_from_flash)
    read_datas_to_flash                      0x080060f1   Thumb Code    62  fmc_flash.o(i.read_datas_to_flash)
    read_double_words_form_flash             0x08006165   Thumb Code    16  fmc_flash.o(i.read_double_words_form_flash)
    read_network_id_from_flash               0x08006175   Thumb Code    16  fmc_flash.o(i.read_network_id_from_flash)
    read_sensorid_form_flash                 0x08006185   Thumb Code    20  fmc_flash.o(i.read_sensorid_form_flash)
    read_word_form_flash                     0x08006199   Thumb Code     8  fmc_flash.o(i.read_word_form_flash)
    sample_flag_clear                        0x080061a1   Thumb Code     8  service_logic.o(i.sample_flag_clear)
    sample_flag_set                          0x080061ad   Thumb Code     8  service_logic.o(i.sample_flag_set)
    sample_start                             0x0800623d   Thumb Code    98  service_logic.o(i.sample_start)
    set_gain                                 0x080062c9   Thumb Code    38  dac_config.o(i.set_gain)
    short_swap_byte                          0x080062ef   Thumb Code    54  net_protocol.o(i.short_swap_byte)
    sim7020_deinit                           0x08006325   Thumb Code    60  dev_sim7020.o(i.sim7020_deinit)
    sim7020_get_idel                         0x08006395   Thumb Code     6  dev_sim7020.o(i.sim7020_get_idel)
    sim7020_handle                           0x080063a1   Thumb Code   124  dev_sim7020.o(i.sim7020_handle)
    sim7020_init                             0x08006461   Thumb Code   408  dev_sim7020.o(i.sim7020_init)
    sim7020_loss_handle                      0x08006729   Thumb Code    42  dev_sim7020.o(i.sim7020_loss_handle)
    sim7020_pwr_off                          0x0800677d   Thumb Code    44  dev_sim7020.o(i.sim7020_pwr_off)
    sim7020_reboot                           0x080067bd   Thumb Code    60  dev_sim7020.o(i.sim7020_reboot)
    sim7020_send_udp_tcp                     0x080068b1   Thumb Code   304  dev_sim7020.o(i.sim7020_send_udp_tcp)
    sim7020_set_apn                          0x08006a59   Thumb Code    40  dev_sim7020.o(i.sim7020_set_apn)
    sim7020_set_power                        0x08006ac9   Thumb Code    22  dev_sim7020.o(i.sim7020_set_power)
    sim7020_sleep                            0x08006ae1   Thumb Code    52  dev_sim7020.o(i.sim7020_sleep)
    spi_enable                               0x08006b35   Thumb Code    10  gd32f4xx_spi.o(i.spi_enable)
    spi_i2s_data_receive                     0x08006b3f   Thumb Code     8  gd32f4xx_spi.o(i.spi_i2s_data_receive)
    spi_i2s_data_transmit                    0x08006b47   Thumb Code     4  gd32f4xx_spi.o(i.spi_i2s_data_transmit)
    spi_i2s_flag_get                         0x08006b4b   Thumb Code    16  gd32f4xx_spi.o(i.spi_i2s_flag_get)
    spi_init                                 0x08006b5b   Thumb Code    50  gd32f4xx_spi.o(i.spi_init)
    systick_config                           0x08006c91   Thumb Code    74  systick.o(i.systick_config)
    timer0_pwm1_output_config                0x08006ce1   Thumb Code   192  timer_config.o(i.timer0_pwm1_output_config)
    timer1_master3_slave1_config             0x08006da5   Thumb Code   128  timer_config.o(i.timer1_master3_slave1_config)
    timer2_slave1_config                     0x08006e25   Thumb Code   188  timer_config.o(i.timer2_slave1_config)
    timer3_master_config                     0x08006ee5   Thumb Code   102  timer_config.o(i.timer3_master_config)
    timer7_slave1_config                     0x08006f51   Thumb Code   112  timer_config.o(i.timer7_slave1_config)
    timer_auto_reload_shadow_disable         0x08006fc5   Thumb Code    10  gd32f4xx_timer.o(i.timer_auto_reload_shadow_disable)
    timer_channel_output_config              0x08006fd1   Thumb Code   484  gd32f4xx_timer.o(i.timer_channel_output_config)
    timer_channel_output_mode_config         0x080071bd   Thumb Code    90  gd32f4xx_timer.o(i.timer_channel_output_mode_config)
    timer_channel_output_pulse_value_config  0x08007217   Thumb Code    38  gd32f4xx_timer.o(i.timer_channel_output_pulse_value_config)
    timer_channel_output_shadow_config       0x0800723d   Thumb Code    90  gd32f4xx_timer.o(i.timer_channel_output_shadow_config)
    timer_config                             0x08007297   Thumb Code    24  timer_config.o(i.timer_config)
    timer_deinit                             0x080072b1   Thumb Code   374  gd32f4xx_timer.o(i.timer_deinit)
    timer_disable                            0x08007435   Thumb Code    10  gd32f4xx_timer.o(i.timer_disable)
    timer_enable                             0x0800743f   Thumb Code    10  gd32f4xx_timer.o(i.timer_enable)
    timer_init                               0x08007449   Thumb Code   122  gd32f4xx_timer.o(i.timer_init)
    timer_input_trigger_source_select        0x080074e1   Thumb Code    16  gd32f4xx_timer.o(i.timer_input_trigger_source_select)
    timer_interrupt_enable                   0x080074f1   Thumb Code     8  gd32f4xx_timer.o(i.timer_interrupt_enable)
    timer_interrupt_flag_clear               0x080074f9   Thumb Code     8  gd32f4xx_timer.o(i.timer_interrupt_flag_clear)
    timer_interrupt_flag_get                 0x08007501   Thumb Code    24  gd32f4xx_timer.o(i.timer_interrupt_flag_get)
    timer_master_output_trigger_source_select 0x08007519   Thumb Code    16  gd32f4xx_timer.o(i.timer_master_output_trigger_source_select)
    timer_master_slave_mode_config           0x08007529   Thumb Code    26  gd32f4xx_timer.o(i.timer_master_slave_mode_config)
    timer_plus_output_gpio_config            0x08007545   Thumb Code    80  timer_config.o(i.timer_plus_output_gpio_config)
    timer_primary_output_config              0x0800759d   Thumb Code    24  gd32f4xx_timer.o(i.timer_primary_output_config)
    timer_single_pulse_mode_config           0x080075b5   Thumb Code    26  gd32f4xx_timer.o(i.timer_single_pulse_mode_config)
    timer_slave_mode_select                  0x080075cf   Thumb Code    16  gd32f4xx_timer.o(i.timer_slave_mode_select)
    usart_baudrate_set                       0x080075e1   Thumb Code   232  gd32f4xx_usart.o(i.usart_baudrate_set)
    usart_data_transmit                      0x080076d1   Thumb Code     8  gd32f4xx_usart.o(i.usart_data_transmit)
    usart_datas_transmit                     0x080076d9   Thumb Code    76  usart_config.o(i.usart_datas_transmit)
    usart_deinit                             0x08007745   Thumb Code   210  gd32f4xx_usart.o(i.usart_deinit)
    usart_enable                             0x08007821   Thumb Code    10  gd32f4xx_usart.o(i.usart_enable)
    usart_flag_get                           0x0800782b   Thumb Code    30  gd32f4xx_usart.o(i.usart_flag_get)
    usart_hardware_flow_cts_config           0x08007849   Thumb Code    16  gd32f4xx_usart.o(i.usart_hardware_flow_cts_config)
    usart_hardware_flow_rts_config           0x08007859   Thumb Code    16  gd32f4xx_usart.o(i.usart_hardware_flow_rts_config)
    usart_interrupt_disable                  0x08007869   Thumb Code    70  gd32f4xx_usart.o(i.usart_interrupt_disable)
    usart_interrupt_enable                   0x080078af   Thumb Code    70  gd32f4xx_usart.o(i.usart_interrupt_enable)
    usart_parity_config                      0x080078f5   Thumb Code    16  gd32f4xx_usart.o(i.usart_parity_config)
    usart_receive_config                     0x08007905   Thumb Code    16  gd32f4xx_usart.o(i.usart_receive_config)
    usart_stop_bit_set                       0x08007915   Thumb Code    16  gd32f4xx_usart.o(i.usart_stop_bit_set)
    usart_transmit_config                    0x08007925   Thumb Code    16  gd32f4xx_usart.o(i.usart_transmit_config)
    usart_word_length_set                    0x08007935   Thumb Code    16  gd32f4xx_usart.o(i.usart_word_length_set)
    write_Flash_double_Word                  0x08007945   Thumb Code   112  fmc_flash.o(i.write_Flash_double_Word)
    write_channel_gain_to_flash              0x08007a11   Thumb Code    66  fmc_flash.o(i.write_channel_gain_to_flash)
    write_ip_prot_to_flash                   0x08007ab1   Thumb Code    58  fmc_flash.o(i.write_ip_prot_to_flash)
    write_network_id_to_flash                0x08007af5   Thumb Code    46  fmc_flash.o(i.write_network_id_to_flash)
    __ctype_categories                       0x08007d6e   Data          64  ctype_c.o(.constdata)
    Region$$Table$$Base                      0x08007df4   Number         0  anon$$obj.o(Region$$Table)
    Region$$Table$$Limit                     0x08007e14   Number         0  anon$$obj.o(Region$$Table)
    flag_uart_out                            0x20000000   Data           1  main.o(.data)
    dci_average_count                        0x20000004   Data           4  main.o(.data)
    net_con_time                             0x2000000c   Data           4  main.o(.data)
    adcVoltTest                              0x20000010   Data           2  main.o(.data)
    test                                     0x20000012   Data          10  main.o(.data)
    ptest                                    0x2000001c   Data           4  main.o(.data)
    len                                      0x20000020   Data           1  main.o(.data)
    interactive                              0x20000024   Data           4  main.o(.data)
    uwTick                                   0x20000030   Data           4  systick.o(.data)
    lora_parament                            0x20000040   Data           8  lora.o(.data)
    sensorParam                              0x20000052   Data          24  service_logic.o(.data)
    SystemCoreClock                          0x20000074   Data           4  system_gd32f4xx.o(.data)
    temp                                     0x20000080   Data           4  adc_config.o(.data)
    uartReceiveFlag                          0x2000009a   Data           1  usart_config.o(.data)
    sample_time                              0x200000a4   Data          20  rtc_config.o(.data)
    sleep_time                               0x200000b8   Data          20  rtc_config.o(.data)
    sample_wakeup                            0x200000cc   Data           1  rtc_config.o(.data)
    atReceiveFinish                          0x200000d8   Data           1  at_uart_hal.o(.data)
    ls_start_udp_tcp                         0x200000e0   Data           1  dev_sim7020.o(.data)
    ls_con_net                               0x200000e1   Data           1  dev_sim7020.o(.data)
    nb_reboot_done                           0x200000e2   Data           1  dev_sim7020.o(.data)
    remote_ip                                0x200000e8   Data          20  dev_sim7020.o(.data)
    remote_port                              0x200000fc   Data           2  dev_sim7020.o(.data)
    sensor_id                                0x20000100   Data          21  net_protocol.o(.data)
    remote_ip1                               0x20000115   Data          21  net_protocol.o(.data)
    sleep_step                               0x2000012a   Data           1  net_protocol.o(.data)
    __stdout                                 0x2000014c   Data           4  stdout.o(.data)
    dci_average_value                        0x20000150   Data       16384  main.o(.bss)
    lora_ctrl                                0x20004150   Data         512  main.o(.bss)
    SX1278_hw                                0x20004350   Data          28  main.o(.bss)
    SX1278                                   0x2000436c   Data         268  main.o(.bss)
    oriutg_data                              0x20004618   Data        4136  service_logic.o(.bss)
    mult_sensorParam                         0x20007640   Data          32  service_logic.o(.bss)
    dci_sampling_value_buffer                0x2000766c   Data        8192  dci_config.o(.bss)
    sim_ctl                                  0x2000986e   Data         302  dev_sim7020.o(.bss)
    __initial_sp                             0x2000b870   Data           0  startup_gd32f450.o(STACK)



==============================================================================

Memory Map of the image

  Image Entry point : 0x080001a9

  Load Region LR_IROM1 (Base: 0x08000000, Size: 0x00007f64, Max: 0x00300000, ABSOLUTE, COMPRESSED[0x00007e84])

    Execution Region ER_IROM1 (Exec base: 0x08000000, Load base: 0x08000000, Size: 0x00007e14, Max: 0x00300000, ABSOLUTE)

    Exec Addr    Load Addr    Size         Type   Attr      Idx    E Section Name        Object

    0x08000000   0x08000000   0x000001a8   Data   RO         6067    RESET               startup_gd32f450.o
    0x080001a8   0x080001a8   0x00000000   Code   RO         7154  * .ARM.Collect$$$$00000000  mc_w.l(entry.o)
    0x080001a8   0x080001a8   0x00000004   Code   RO         7458    .ARM.Collect$$$$00000001  mc_w.l(entry2.o)
    0x080001ac   0x080001ac   0x00000004   Code   RO         7461    .ARM.Collect$$$$00000004  mc_w.l(entry5.o)
    0x080001b0   0x080001b0   0x00000000   Code   RO         7463    .ARM.Collect$$$$00000008  mc_w.l(entry7b.o)
    0x080001b0   0x080001b0   0x00000000   Code   RO         7465    .ARM.Collect$$$$0000000A  mc_w.l(entry8b.o)
    0x080001b0   0x080001b0   0x00000008   Code   RO         7466    .ARM.Collect$$$$0000000B  mc_w.l(entry9a.o)
    0x080001b8   0x080001b8   0x00000000   Code   RO         7468    .ARM.Collect$$$$0000000D  mc_w.l(entry10a.o)
    0x080001b8   0x080001b8   0x00000000   Code   RO         7470    .ARM.Collect$$$$0000000F  mc_w.l(entry11a.o)
    0x080001b8   0x080001b8   0x00000004   Code   RO         7459    .ARM.Collect$$$$00002712  mc_w.l(entry2.o)
    0x080001bc   0x080001bc   0x00000024   Code   RO         6068    .text               startup_gd32f450.o
    0x080001e0   0x080001e0   0x00000024   Code   RO         7157    .text               mc_w.l(memcpya.o)
    0x08000204   0x08000204   0x00000024   Code   RO         7159    .text               mc_w.l(memseta.o)
    0x08000228   0x08000228   0x00000018   Code   RO         7161    .text               mc_w.l(strcat.o)
    0x08000240   0x08000240   0x00000024   Code   RO         7163    .text               mc_w.l(strstr.o)
    0x08000264   0x08000264   0x0000000e   Code   RO         7165    .text               mc_w.l(strlen.o)
    0x08000272   0x08000272   0x0000001c   Code   RO         7167    .text               mc_w.l(strcmp.o)
    0x0800028e   0x0800028e   0x0000001a   Code   RO         7169    .text               mc_w.l(memcmp.o)
    0x080002a8   0x080002a8   0x00000012   Code   RO         7171    .text               mc_w.l(strcpy.o)
    0x080002ba   0x080002ba   0x00000002   PAD
    0x080002bc   0x080002bc   0x00000038   Code   RO         7436    .text               mc_w.l(__0sscanf.o)
    0x080002f4   0x080002f4   0x0000014c   Code   RO         7438    .text               mc_w.l(_scanf_int.o)
    0x08000440   0x08000440   0x0000014e   Code   RO         7440    .text               mf_w.l(dadd.o)
    0x0800058e   0x0800058e   0x000000e4   Code   RO         7442    .text               mf_w.l(dmul.o)
    0x08000672   0x08000672   0x000000de   Code   RO         7444    .text               mf_w.l(ddiv.o)
    0x08000750   0x08000750   0x0000001a   Code   RO         7446    .text               mf_w.l(dfltui.o)
    0x0800076a   0x0800076a   0x00000026   Code   RO         7450    .text               mf_w.l(f2d.o)
    0x08000790   0x08000790   0x00000030   Code   RO         7454    .text               mf_w.l(cdrcmple.o)
    0x080007c0   0x080007c0   0x00000038   Code   RO         7456    .text               mf_w.l(d2f.o)
    0x080007f8   0x080007f8   0x0000002c   Code   RO         7473    .text               mc_w.l(uidiv.o)
    0x08000824   0x08000824   0x00000062   Code   RO         7475    .text               mc_w.l(uldiv.o)
    0x08000886   0x08000886   0x0000001e   Code   RO         7477    .text               mc_w.l(llshl.o)
    0x080008a4   0x080008a4   0x00000020   Code   RO         7479    .text               mc_w.l(llushr.o)
    0x080008c4   0x080008c4   0x00000024   Code   RO         7481    .text               mc_w.l(llsshr.o)
    0x080008e8   0x080008e8   0x0000001c   Code   RO         7483    .text               mc_w.l(_chval.o)
    0x08000904   0x08000904   0x00000028   Code   RO         7485    .text               mc_w.l(scanf_char.o)
    0x0800092c   0x0800092c   0x00000040   Code   RO         7487    .text               mc_w.l(_sgetc.o)
    0x0800096c   0x0800096c   0x00000000   Code   RO         7489    .text               mc_w.l(iusefp.o)
    0x0800096c   0x0800096c   0x0000006e   Code   RO         7490    .text               mf_w.l(fepilogue.o)
    0x080009da   0x080009da   0x000000ba   Code   RO         7492    .text               mf_w.l(depilogue.o)
    0x08000a94   0x08000a94   0x00000030   Code   RO         7494    .text               mf_w.l(dfixul.o)
    0x08000ac4   0x08000ac4   0x00000024   Code   RO         7496    .text               mc_w.l(init.o)
    0x08000ae8   0x08000ae8   0x0000000a   Code   RO         7498    .text               mc_w.l(isspace_c.o)
    0x08000af2   0x08000af2   0x00000002   PAD
    0x08000af4   0x08000af4   0x0000032c   Code   RO         7500    .text               mc_w.l(_scanf.o)
    0x08000e20   0x08000e20   0x00000028   Code   RO         7502    .text               mc_w.l(ctype_c.o)
    0x08000e48   0x08000e48   0x00000056   Code   RO         7513    .text               mc_w.l(__dczerorl2.o)
    0x08000e9e   0x08000e9e   0x00000002   PAD
    0x08000ea0   0x08000ea0   0x00000184   Code   RO         6148    i.BatGetPrecent     adc_config.o
    0x08001024   0x08001024   0x00000004   Code   RO          246    i.BusFault_Handler  gd32f4xx_it.o
    0x08001028   0x08001028   0x00000002   Code   RO          247    i.DebugMon_Handler  gd32f4xx_it.o
    0x0800102a   0x0800102a   0x00000002   PAD
    0x0800102c   0x0800102c   0x00000070   Code   RO         6987    i.GetChannelList    net_protocol.o
    0x0800109c   0x0800109c   0x0000000c   Code   RO          190    i.Get_Tick          systick.o
    0x080010a8   0x080010a8   0x00000004   Code   RO          248    i.HardFault_Handler  gd32f4xx_it.o
    0x080010ac   0x080010ac   0x00000010   Code   RO          191    i.Inc_Tick          systick.o
    0x080010bc   0x080010bc   0x00000300   Code   RO          711    i.LoRa_execute_instruction  service_logic.o
    0x080013bc   0x080013bc   0x00000004   Code   RO          249    i.MemManage_Handler  gd32f4xx_it.o
    0x080013c0   0x080013c0   0x00000002   Code   RO          250    i.NMI_Handler       gd32f4xx_it.o
    0x080013c2   0x080013c2   0x00000002   PAD
    0x080013c4   0x080013c4   0x00000028   Code   RO          192    i.NVIC_SetPriority  systick.o
    0x080013ec   0x080013ec   0x00000002   Code   RO          251    i.PendSV_Handler    gd32f4xx_it.o
    0x080013ee   0x080013ee   0x00000002   PAD
    0x080013f0   0x080013f0   0x00000038   Code   RO          460    i.ReLoadSersorId    fmc_flash.o
    0x08001428   0x08001428   0x00000002   Code   RO          252    i.SVC_Handler       gd32f4xx_it.o
    0x0800142a   0x0800142a   0x00000002   PAD
    0x0800142c   0x0800142c   0x000000c4   Code   RO         6472    i.SX1278_LoRaEntryRx  sx1278.o
    0x080014f0   0x080014f0   0x000000ac   Code   RO         6473    i.SX1278_LoRaEntryTx  sx1278.o
    0x0800159c   0x0800159c   0x0000005c   Code   RO         6474    i.SX1278_LoRaRxPacket  sx1278.o
    0x080015f8   0x080015f8   0x0000007c   Code   RO         6475    i.SX1278_LoRaTxPacket  sx1278.o
    0x08001674   0x08001674   0x00000044   Code   RO         6478    i.SX1278_SPIBurstRead  sx1278.o
    0x080016b8   0x080016b8   0x00000048   Code   RO         6479    i.SX1278_SPIBurstWrite  sx1278.o
    0x08001700   0x08001700   0x0000002a   Code   RO         6480    i.SX1278_SPIRead    sx1278.o
    0x0800172a   0x0800172a   0x0000002c   Code   RO         6481    i.SX1278_SPIWrite   sx1278.o
    0x08001756   0x08001756   0x0000002e   Code   RO         6483    i.SX1278_begin      sx1278.o
    0x08001784   0x08001784   0x00000010   Code   RO         6484    i.SX1278_clearLoRaIrq  sx1278.o
    0x08001794   0x08001794   0x00000134   Code   RO         6485    i.SX1278_config     sx1278.o
    0x080018c8   0x080018c8   0x00000016   Code   RO         6486    i.SX1278_defaultConfig  sx1278.o
    0x080018de   0x080018de   0x00000010   Code   RO         6487    i.SX1278_entryLoRa  sx1278.o
    0x080018ee   0x080018ee   0x0000000c   Code   RO         6488    i.SX1278_hw_DelayMs  sx1278.o
    0x080018fa   0x080018fa   0x00000002   PAD
    0x080018fc   0x080018fc   0x00000014   Code   RO         6489    i.SX1278_hw_GetDIO0  sx1278.o
    0x08001910   0x08001910   0x0000002a   Code   RO         6490    i.SX1278_hw_Reset   sx1278.o
    0x0800193a   0x0800193a   0x0000003e   Code   RO         6491    i.SX1278_hw_SPICommand  sx1278.o
    0x08001978   0x08001978   0x00000064   Code   RO         6492    i.SX1278_hw_SPIReadByte  sx1278.o
    0x080019dc   0x080019dc   0x0000001e   Code   RO         6493    i.SX1278_hw_SetNSS  sx1278.o
    0x080019fa   0x080019fa   0x00000016   Code   RO         6494    i.SX1278_hw_init    sx1278.o
    0x08001a10   0x08001a10   0x0000002c   Code   RO         6495    i.SX1278_read       sx1278.o
    0x08001a3c   0x08001a3c   0x00000014   Code   RO         6497    i.SX1278_sleep      sx1278.o
    0x08001a50   0x08001a50   0x00000014   Code   RO         6498    i.SX1278_standby    sx1278.o
    0x08001a64   0x08001a64   0x0000002a   Code   RO         6988    i.StartSampleList   net_protocol.o
    0x08001a8e   0x08001a8e   0x00000002   PAD
    0x08001a90   0x08001a90   0x000000b8   Code   RO         6989    i.StartSampleUpload  net_protocol.o
    0x08001b48   0x08001b48   0x0000000c   Code   RO          253    i.SysTick_Handler   gd32f4xx_it.o
    0x08001b54   0x08001b54   0x00000078   Code   RO          807    i.SystemInit        system_gd32f4xx.o
    0x08001bcc   0x08001bcc   0x0000003c   Code   RO          254    i.TIMER1_IRQHandler  gd32f4xx_it.o
    0x08001c08   0x08001c08   0x000000b0   Code   RO          255    i.TIMER3_IRQHandler  gd32f4xx_it.o
    0x08001cb8   0x08001cb8   0x00000064   Code   RO          256    i.TIMER7_UP_TIMER12_IRQHandler  gd32f4xx_it.o
    0x08001d1c   0x08001d1c   0x00000018   Code   RO         6323    i.Uart_recv_buf_regster  usart_config.o
    0x08001d34   0x08001d34   0x0000000c   Code   RO         6325    i.Uart_recv_reset   usart_config.o
    0x08001d40   0x08001d40   0x00000004   Code   RO          257    i.UsageFault_Handler  gd32f4xx_it.o
    0x08001d44   0x08001d44   0x0000003c   Code   RO          461    i.WriteFlashBatteryCapacity  fmc_flash.o
    0x08001d80   0x08001d80   0x00000020   Code   RO         7408    i.__0printf         mc_w.l(printfa.o)
    0x08001da0   0x08001da0   0x00000028   Code   RO         7410    i.__0sprintf        mc_w.l(printfa.o)
    0x08001dc8   0x08001dc8   0x0000000e   Code   RO         7507    i.__scatterload_copy  mc_w.l(handlers.o)
    0x08001dd6   0x08001dd6   0x00000002   Code   RO         7508    i.__scatterload_null  mc_w.l(handlers.o)
    0x08001dd8   0x08001dd8   0x0000000e   Code   RO         7509    i.__scatterload_zeroinit  mc_w.l(handlers.o)
    0x08001de6   0x08001de6   0x00000002   PAD
    0x08001de8   0x08001de8   0x00000184   Code   RO         7415    i._fp_digits        mc_w.l(printfa.o)
    0x08001f6c   0x08001f6c   0x000006dc   Code   RO         7416    i._printf_core      mc_w.l(printfa.o)
    0x08002648   0x08002648   0x00000024   Code   RO         7417    i._printf_post_padding  mc_w.l(printfa.o)
    0x0800266c   0x0800266c   0x0000002e   Code   RO         7418    i._printf_pre_padding  mc_w.l(printfa.o)
    0x0800269a   0x0800269a   0x0000000a   Code   RO         7420    i._sputc            mc_w.l(printfa.o)
    0x080026a4   0x080026a4   0x00000038   Code   RO         6149    i.acqBat            adc_config.o
    0x080026dc   0x080026dc   0x0000005c   Code   RO          712    i.acumulator_average  service_logic.o
    0x08002738   0x08002738   0x00000068   Code   RO          713    i.acumulator_sensor_data  service_logic.o
    0x080027a0   0x080027a0   0x00000038   Code   RO         6150    i.adc_channel_sample  adc_config.o
    0x080027d8   0x080027d8   0x00000008   Code   RO         2126    i.adc_flag_clear    gd32f4xx_adc.o
    0x080027e0   0x080027e0   0x00000010   Code   RO         2127    i.adc_flag_get      gd32f4xx_adc.o
    0x080027f0   0x080027f0   0x000000ac   Code   RO         2138    i.adc_regular_channel_config  gd32f4xx_adc.o
    0x0800289c   0x0800289c   0x00000008   Code   RO         2139    i.adc_regular_data_read  gd32f4xx_adc.o
    0x080028a4   0x080028a4   0x00000022   Code   RO         2141    i.adc_software_trigger_enable  gd32f4xx_adc.o
    0x080028c6   0x080028c6   0x00000002   PAD
    0x080028c8   0x080028c8   0x0000001c   Code   RO         6782    i.at_get_last_recv  at_uart_hal.o
    0x080028e4   0x080028e4   0x000000e0   Code   RO         6732    i.at_net_con_cb     at_recv_cb.o
    0x080029c4   0x080029c4   0x0000014c   Code   RO         6733    i.at_net_recv_cb    at_recv_cb.o
    0x08002b10   0x08002b10   0x00000038   Code   RO         6666    i.at_parse_deinit   at_parse.o
    0x08002b48   0x08002b48   0x00000050   Code   RO         6667    i.at_parse_init     at_parse.o
    0x08002b98   0x08002b98   0x000000e0   Code   RO         6668    i.at_parse_match_obj  at_parse.o
    0x08002c78   0x08002c78   0x000000a8   Code   RO         6669    i.at_register_callback  at_parse.o
    0x08002d20   0x08002d20   0x0000006c   Code   RO         6670    i.at_send_no_reply  at_parse.o
    0x08002d8c   0x08002d8c   0x000000b8   Code   RO         6671    i.at_send_wait_reply  at_parse.o
    0x08002e44   0x08002e44   0x000000b8   Code   RO         6735    i.at_signal_cb      at_recv_cb.o
    0x08002efc   0x08002efc   0x00000040   Code   RO         6783    i.at_uart_deinit    at_uart_hal.o
    0x08002f3c   0x08002f3c   0x00000084   Code   RO         6784    i.at_uart_init      at_uart_hal.o
    0x08002fc0   0x08002fc0   0x00000100   Code   RO         6785    i.at_uart_receive   at_uart_hal.o
    0x080030c0   0x080030c0   0x00000028   Code   RO         6786    i.at_uart_send      at_uart_hal.o
    0x080030e8   0x080030e8   0x00000084   Code   RO         6153    i.batVolt           adc_config.o
    0x0800316c   0x0800316c   0x00000030   Code   RO         6990    i.byte_to_hexstr    net_protocol.o
    0x0800319c   0x0800319c   0x00000054   Code   RO          613    i.communication_init  communicate.o
    0x080031f0   0x080031f0   0x00000020   Code   RO          616    i.communication_ls_debug  communicate.o
    0x08003210   0x08003210   0x000000a8   Code   RO          618    i.communication_reboot  communicate.o
    0x080032b8   0x080032b8   0x000000f0   Code   RO          619    i.communication_req  communicate.o
    0x080033a8   0x080033a8   0x0000002c   Code   RO          438    i.crc16             crc16.o
    0x080033d4   0x080033d4   0x0000002c   Code   RO          439    i.crc16_con         crc16.o
    0x08003400   0x08003400   0x00000036   Code   RO         6221    i.dac_config        dac_config.o
    0x08003436   0x08003436   0x00000002   PAD
    0x08003438   0x08003438   0x00000058   Code   RO         2599    i.dac_data_set      gd32f4xx_dac.o
    0x08003490   0x08003490   0x00000014   Code   RO         2600    i.dac_deinit        gd32f4xx_dac.o
    0x080034a4   0x080034a4   0x00000024   Code   RO         2604    i.dac_enable        gd32f4xx_dac.o
    0x080034c8   0x080034c8   0x00000024   Code   RO         2613    i.dac_output_buffer_enable  gd32f4xx_dac.o
    0x080034ec   0x080034ec   0x00000024   Code   RO         2618    i.dac_trigger_disable  gd32f4xx_dac.o
    0x08003510   0x08003510   0x00000034   Code   RO         2622    i.dac_wave_mode_config  gd32f4xx_dac.o
    0x08003544   0x08003544   0x00000014   Code   RO          849    i.dci_capture_enable  gd32f4xx_dci.o
    0x08003558   0x08003558   0x00000224   Code   RO         6398    i.dci_config        dci_config.o
    0x0800377c   0x0800377c   0x00000014   Code   RO          855    i.dci_disable       gd32f4xx_dci.o
    0x08003790   0x08003790   0x00000070   Code   RO         6399    i.dci_dma_config    dci_config.o
    0x08003800   0x08003800   0x00000014   Code   RO          856    i.dci_enable        gd32f4xx_dci.o
    0x08003814   0x08003814   0x00000034   Code   RO          858    i.dci_init          gd32f4xx_dci.o
    0x08003848   0x08003848   0x00000014   Code   RO          866    i.dci_sync_codes_disable  gd32f4xx_dci.o
    0x0800385c   0x0800385c   0x00000014   Code   RO          193    i.delay_1ms         systick.o
    0x08003870   0x08003870   0x00000018   Code   RO          194    i.delay_decrement   systick.o
    0x08003888   0x08003888   0x00000020   Code   RO          988    i.dma_channel_disable  gd32f4xx_dma.o
    0x080038a8   0x080038a8   0x00000020   Code   RO          989    i.dma_channel_enable  gd32f4xx_dma.o
    0x080038c8   0x080038c8   0x00000026   Code   RO          990    i.dma_channel_subperipheral_select  gd32f4xx_dma.o
    0x080038ee   0x080038ee   0x000000a4   Code   RO          993    i.dma_deinit        gd32f4xx_dma.o
    0x08003992   0x08003992   0x00000002   PAD
    0x08003994   0x08003994   0x00000160   Code   RO         1012    i.dma_single_data_mode_init  gd32f4xx_dma.o
    0x08003af4   0x08003af4   0x00000010   Code   RO         6248    i.enable_tiemr3_50hz  timer_config.o
    0x08003b04   0x08003b04   0x000000c8   Code   RO          463    i.fmc_erase_sector_by_address  fmc_flash.o
    0x08003bcc   0x08003bcc   0x0000000c   Code   RO         3764    i.fmc_flag_clear    gd32f4xx_fmc.o
    0x08003bd8   0x08003bd8   0x00000014   Code   RO         3769    i.fmc_lock          gd32f4xx_fmc.o
    0x08003bec   0x08003bec   0x00000014   Code   RO         3771    i.fmc_ready_wait    gd32f4xx_fmc.o
    0x08003c00   0x08003c00   0x00000058   Code   RO         3772    i.fmc_sector_erase  gd32f4xx_fmc.o
    0x08003c58   0x08003c58   0x00000054   Code   RO         3773    i.fmc_state_get     gd32f4xx_fmc.o
    0x08003cac   0x08003cac   0x00000024   Code   RO         3774    i.fmc_unlock        gd32f4xx_fmc.o
    0x08003cd0   0x08003cd0   0x0000004c   Code   RO         3775    i.fmc_word_program  gd32f4xx_fmc.o
    0x08003d1c   0x08003d1c   0x00000024   Code   RO         6326    i.fputc             usart_config.o
    0x08003d40   0x08003d40   0x00000014   Code   RO         6991    i.full_sensor_id    net_protocol.o
    0x08003d54   0x08003d54   0x00000090   Code   RO         6992    i.full_updata_head_info  net_protocol.o
    0x08003de4   0x08003de4   0x000000a8   Code   RO         6327    i.gd_debug_com_init  usart_config.o
    0x08003e8c   0x08003e8c   0x000000c0   Code   RO          464    i.get_falsh_sector  fmc_flash.o
    0x08003f4c   0x08003f4c   0x0000000c   Code   RO          715    i.get_sample_count  service_logic.o
    0x08003f58   0x08003f58   0x00000008   Code   RO          716    i.get_sample_data   service_logic.o
    0x08003f60   0x08003f60   0x0000000c   Code   RO          717    i.get_sample_flag   service_logic.o
    0x08003f6c   0x08003f6c   0x0000005e   Code   RO         1188    i.gpio_af_set       gd32f4xx_gpio.o
    0x08003fca   0x08003fca   0x00000004   Code   RO         1189    i.gpio_bit_reset    gd32f4xx_gpio.o
    0x08003fce   0x08003fce   0x00000004   Code   RO         1190    i.gpio_bit_set      gd32f4xx_gpio.o
    0x08003fd2   0x08003fd2   0x00000002   PAD
    0x08003fd4   0x08003fd4   0x00000188   Code   RO         6074    i.gpio_config       gpio_config.o
    0x0800415c   0x0800415c   0x0000001c   Code   RO         6075    i.gpio_in_config    gpio_config.o
    0x08004178   0x08004178   0x00000010   Code   RO         1194    i.gpio_input_bit_get  gd32f4xx_gpio.o
    0x08004188   0x08004188   0x0000004e   Code   RO         1196    i.gpio_mode_set     gd32f4xx_gpio.o
    0x080041d6   0x080041d6   0x0000002c   Code   RO         6076    i.gpio_out_config   gpio_config.o
    0x08004202   0x08004202   0x00000042   Code   RO         1198    i.gpio_output_options_set  gd32f4xx_gpio.o
    0x08004244   0x08004244   0x00000058   Code   RO         6736    i.hexstr_to_byte    at_recv_cb.o
    0x0800429c   0x0800429c   0x0000004c   Code   RO          350    i.loraAddDataPkginst  lora.o
    0x080042e8   0x080042e8   0x0000008c   Code   RO          351    i.loraAddExtDataPkg  lora.o
    0x08004374   0x08004374   0x0000002a   Code   RO          352    i.loraDataPkgAddData  lora.o
    0x0800439e   0x0800439e   0x00000002   PAD
    0x080043a0   0x080043a0   0x00000188   Code   RO          353    i.loraDealData      lora.o
    0x08004528   0x08004528   0x0000017c   Code   RO          354    i.loraSendDataFrame  lora.o
    0x080046a4   0x080046a4   0x00000128   Code   RO          355    i.loraSendPkg       lora.o
    0x080047cc   0x080047cc   0x0000016c   Code   RO          356    i.loraSendSpecifiedPkg  lora.o
    0x08004938   0x08004938   0x00000068   Code   RO          357    i.loraSetMode       lora.o
    0x080049a0   0x080049a0   0x0000002a   Code   RO          358    i.loraTxData        lora.o
    0x080049ca   0x080049ca   0x00000002   PAD
    0x080049cc   0x080049cc   0x00000040   Code   RO          359    i.lora_ctrl_init    lora.o
    0x08004a0c   0x08004a0c   0x00000388   Code   RO          718    i.lora_passivity_communication  service_logic.o
    0x08004d94   0x08004d94   0x0000002c   Code   RO          360    i.lora_receive_data  lora.o
    0x08004dc0   0x08004dc0   0x00000040   Code   RO         6122    i.lora_spi_config   spi_config.o
    0x08004e00   0x08004e00   0x000000ec   Code   RO            3    i.main              main.o
    0x08004eec   0x08004eec   0x000000ac   Code   RO         6328    i.nb_usart_init     usart_config.o
    0x08004f98   0x08004f98   0x00000078   Code   RO         6993    i.net_get_debug_data  net_protocol.o
    0x08005010   0x08005010   0x0000000c   Code   RO         6994    i.net_get_debug_status  net_protocol.o
    0x0800501c   0x0800501c   0x00000060   Code   RO         6995    i.net_get_heart_data  net_protocol.o
    0x0800507c   0x0800507c   0x0000000c   Code   RO         6996    i.net_get_ls_close  net_protocol.o
    0x08005088   0x08005088   0x0000000c   Code   RO         6997    i.net_get_ls_send_succ  net_protocol.o
    0x08005094   0x08005094   0x00000808   Code   RO         6998    i.net_operation_handle  net_protocol.o
    0x0800589c   0x0800589c   0x00000040   Code   RO         6999    i.net_recv_handle   net_protocol.o
    0x080058dc   0x080058dc   0x0000003c   Code   RO         7001    i.net_response_operation  net_protocol.o
    0x08005918   0x08005918   0x00000300   Code   RO         7002    i.net_response_sample  net_protocol.o
    0x08005c18   0x08005c18   0x00000038   Code   RO         7003    i.net_retra_handle  net_protocol.o
    0x08005c50   0x08005c50   0x00000024   Code   RO         7004    i.net_send_udp_tcp  net_protocol.o
    0x08005c74   0x08005c74   0x00000080   Code   RO         7005    i.net_set_close_sta  net_protocol.o
    0x08005cf4   0x08005cf4   0x00000020   Code   RO         7006    i.net_set_probeID   net_protocol.o
    0x08005d14   0x08005d14   0x0000000c   Code   RO         7007    i.net_set_send_sta  net_protocol.o
    0x08005d20   0x08005d20   0x000000f8   Code   RO         7008    i.net_set_sensor_param  net_protocol.o
    0x08005e18   0x08005e18   0x0000000c   Code   RO         7009    i.net_set_wait_sta  net_protocol.o
    0x08005e24   0x08005e24   0x000000a4   Code   RO         1293    i.nvic_irq_enable   gd32f4xx_misc.o
    0x08005ec8   0x08005ec8   0x00000002   Code   RO         6077    i.powerOff          gpio_config.o
    0x08005eca   0x08005eca   0x00000002   PAD
    0x08005ecc   0x08005ecc   0x00000034   Code   RO         6078    i.powerOn           gpio_config.o
    0x08005f00   0x08005f00   0x0000001c   Code   RO         1489    i.rcu_ckout0_config  gd32f4xx_rcu.o
    0x08005f1c   0x08005f1c   0x00000124   Code   RO         1491    i.rcu_clock_freq_get  gd32f4xx_rcu.o
    0x08006040   0x08006040   0x00000024   Code   RO         1510    i.rcu_periph_clock_enable  gd32f4xx_rcu.o
    0x08006064   0x08006064   0x00000024   Code   RO         1513    i.rcu_periph_reset_disable  gd32f4xx_rcu.o
    0x08006088   0x08006088   0x00000024   Code   RO         1514    i.rcu_periph_reset_enable  gd32f4xx_rcu.o
    0x080060ac   0x080060ac   0x00000024   Code   RO         1525    i.rcu_timer_clock_prescaler_config  gd32f4xx_rcu.o
    0x080060d0   0x080060d0   0x00000020   Code   RO          465    i.read_channel_gain_from_flash  fmc_flash.o
    0x080060f0   0x080060f0   0x00000074   Code   RO          466    i.read_datas_to_flash  fmc_flash.o
    0x08006164   0x08006164   0x00000010   Code   RO          467    i.read_double_words_form_flash  fmc_flash.o
    0x08006174   0x08006174   0x00000010   Code   RO          469    i.read_network_id_from_flash  fmc_flash.o
    0x08006184   0x08006184   0x00000014   Code   RO          470    i.read_sensorid_form_flash  fmc_flash.o
    0x08006198   0x08006198   0x00000008   Code   RO          471    i.read_word_form_flash  fmc_flash.o
    0x080061a0   0x080061a0   0x0000000c   Code   RO          719    i.sample_flag_clear  service_logic.o
    0x080061ac   0x080061ac   0x0000000c   Code   RO          720    i.sample_flag_set   service_logic.o
    0x080061b8   0x080061b8   0x00000084   Code   RO         7010    i.sample_full_crc   net_protocol.o
    0x0800623c   0x0800623c   0x0000008c   Code   RO          721    i.sample_start      service_logic.o
    0x080062c8   0x080062c8   0x00000026   Code   RO         6222    i.set_gain          dac_config.o
    0x080062ee   0x080062ee   0x00000036   Code   RO         7011    i.short_swap_byte   net_protocol.o
    0x08006324   0x08006324   0x00000070   Code   RO         6840    i.sim7020_deinit    dev_sim7020.o
    0x08006394   0x08006394   0x0000000c   Code   RO         6841    i.sim7020_get_idel  dev_sim7020.o
    0x080063a0   0x080063a0   0x000000c0   Code   RO         6842    i.sim7020_handle    dev_sim7020.o
    0x08006460   0x08006460   0x000002c8   Code   RO         6843    i.sim7020_init      dev_sim7020.o
    0x08006728   0x08006728   0x00000054   Code   RO         6844    i.sim7020_loss_handle  dev_sim7020.o
    0x0800677c   0x0800677c   0x00000040   Code   RO         6846    i.sim7020_pwr_off   dev_sim7020.o
    0x080067bc   0x080067bc   0x00000058   Code   RO         6848    i.sim7020_reboot    dev_sim7020.o
    0x08006814   0x08006814   0x0000005c   Code   RO         6849    i.sim7020_register_cb  dev_sim7020.o
    0x08006870   0x08006870   0x00000040   Code   RO         6850    i.sim7020_send_atcmd  dev_sim7020.o
    0x080068b0   0x080068b0   0x000001a8   Code   RO         6851    i.sim7020_send_udp_tcp  dev_sim7020.o
    0x08006a58   0x08006a58   0x00000028   Code   RO         6852    i.sim7020_set_apn   dev_sim7020.o
    0x08006a80   0x08006a80   0x00000048   Code   RO         6853    i.sim7020_set_band  dev_sim7020.o
    0x08006ac8   0x08006ac8   0x00000016   Code   RO         6854    i.sim7020_set_power  dev_sim7020.o
    0x08006ade   0x08006ade   0x00000002   PAD
    0x08006ae0   0x08006ae0   0x00000054   Code   RO         6855    i.sim7020_sleep     dev_sim7020.o
    0x08006b34   0x08006b34   0x0000000a   Code   RO         5081    i.spi_enable        gd32f4xx_spi.o
    0x08006b3e   0x08006b3e   0x00000008   Code   RO         5083    i.spi_i2s_data_receive  gd32f4xx_spi.o
    0x08006b46   0x08006b46   0x00000004   Code   RO         5084    i.spi_i2s_data_transmit  gd32f4xx_spi.o
    0x08006b4a   0x08006b4a   0x00000010   Code   RO         5086    i.spi_i2s_flag_get  gd32f4xx_spi.o
    0x08006b5a   0x08006b5a   0x00000032   Code   RO         5090    i.spi_init          gd32f4xx_spi.o
    0x08006b8c   0x08006b8c   0x000000fc   Code   RO          808    i.system_clock_200m_irc16m  system_gd32f4xx.o
    0x08006c88   0x08006c88   0x00000008   Code   RO          809    i.system_clock_config  system_gd32f4xx.o
    0x08006c90   0x08006c90   0x00000050   Code   RO          195    i.systick_config    systick.o
    0x08006ce0   0x08006ce0   0x000000c4   Code   RO         6249    i.timer0_pwm1_output_config  timer_config.o
    0x08006da4   0x08006da4   0x00000080   Code   RO         6250    i.timer1_master3_slave1_config  timer_config.o
    0x08006e24   0x08006e24   0x000000c0   Code   RO         6251    i.timer2_slave1_config  timer_config.o
    0x08006ee4   0x08006ee4   0x0000006c   Code   RO         6252    i.timer3_master_config  timer_config.o
    0x08006f50   0x08006f50   0x00000074   Code   RO         6253    i.timer7_slave1_config  timer_config.o
    0x08006fc4   0x08006fc4   0x0000000a   Code   RO         5363    i.timer_auto_reload_shadow_disable  gd32f4xx_timer.o
    0x08006fce   0x08006fce   0x00000002   PAD
    0x08006fd0   0x08006fd0   0x000001ec   Code   RO         5379    i.timer_channel_output_config  gd32f4xx_timer.o
    0x080071bc   0x080071bc   0x0000005a   Code   RO         5381    i.timer_channel_output_mode_config  gd32f4xx_timer.o
    0x08007216   0x08007216   0x00000026   Code   RO         5383    i.timer_channel_output_pulse_value_config  gd32f4xx_timer.o
    0x0800723c   0x0800723c   0x0000005a   Code   RO         5384    i.timer_channel_output_shadow_config  gd32f4xx_timer.o
    0x08007296   0x08007296   0x00000018   Code   RO         6254    i.timer_config      timer_config.o
    0x080072ae   0x080072ae   0x00000002   PAD
    0x080072b0   0x080072b0   0x00000184   Code   RO         5392    i.timer_deinit      gd32f4xx_timer.o
    0x08007434   0x08007434   0x0000000a   Code   RO         5393    i.timer_disable     gd32f4xx_timer.o
    0x0800743e   0x0800743e   0x0000000a   Code   RO         5397    i.timer_enable      gd32f4xx_timer.o
    0x08007448   0x08007448   0x00000098   Code   RO         5407    i.timer_init        gd32f4xx_timer.o
    0x080074e0   0x080074e0   0x00000010   Code   RO         5410    i.timer_input_trigger_source_select  gd32f4xx_timer.o
    0x080074f0   0x080074f0   0x00000008   Code   RO         5414    i.timer_interrupt_enable  gd32f4xx_timer.o
    0x080074f8   0x080074f8   0x00000008   Code   RO         5415    i.timer_interrupt_flag_clear  gd32f4xx_timer.o
    0x08007500   0x08007500   0x00000018   Code   RO         5416    i.timer_interrupt_flag_get  gd32f4xx_timer.o
    0x08007518   0x08007518   0x00000010   Code   RO         5417    i.timer_master_output_trigger_source_select  gd32f4xx_timer.o
    0x08007528   0x08007528   0x0000001a   Code   RO         5418    i.timer_master_slave_mode_config  gd32f4xx_timer.o
    0x08007542   0x08007542   0x00000002   PAD
    0x08007544   0x08007544   0x00000058   Code   RO         6255    i.timer_plus_output_gpio_config  timer_config.o
    0x0800759c   0x0800759c   0x00000018   Code   RO         5422    i.timer_primary_output_config  gd32f4xx_timer.o
    0x080075b4   0x080075b4   0x0000001a   Code   RO         5425    i.timer_single_pulse_mode_config  gd32f4xx_timer.o
    0x080075ce   0x080075ce   0x00000010   Code   RO         5426    i.timer_slave_mode_select  gd32f4xx_timer.o
    0x080075de   0x080075de   0x00000002   PAD
    0x080075e0   0x080075e0   0x000000f0   Code   RO         1773    i.usart_baudrate_set  gd32f4xx_usart.o
    0x080076d0   0x080076d0   0x00000008   Code   RO         1778    i.usart_data_transmit  gd32f4xx_usart.o
    0x080076d8   0x080076d8   0x0000006c   Code   RO         6330    i.usart_datas_transmit  usart_config.o
    0x08007744   0x08007744   0x000000dc   Code   RO         1779    i.usart_deinit      gd32f4xx_usart.o
    0x08007820   0x08007820   0x0000000a   Code   RO         1783    i.usart_enable      gd32f4xx_usart.o
    0x0800782a   0x0800782a   0x0000001e   Code   RO         1785    i.usart_flag_get    gd32f4xx_usart.o
    0x08007848   0x08007848   0x00000010   Code   RO         1790    i.usart_hardware_flow_cts_config  gd32f4xx_usart.o
    0x08007858   0x08007858   0x00000010   Code   RO         1791    i.usart_hardware_flow_rts_config  gd32f4xx_usart.o
    0x08007868   0x08007868   0x00000046   Code   RO         1792    i.usart_interrupt_disable  gd32f4xx_usart.o
    0x080078ae   0x080078ae   0x00000046   Code   RO         1793    i.usart_interrupt_enable  gd32f4xx_usart.o
    0x080078f4   0x080078f4   0x00000010   Code   RO         1807    i.usart_parity_config  gd32f4xx_usart.o
    0x08007904   0x08007904   0x00000010   Code   RO         1809    i.usart_receive_config  gd32f4xx_usart.o
    0x08007914   0x08007914   0x00000010   Code   RO         1820    i.usart_stop_bit_set  gd32f4xx_usart.o
    0x08007924   0x08007924   0x00000010   Code   RO         1824    i.usart_transmit_config  gd32f4xx_usart.o
    0x08007934   0x08007934   0x00000010   Code   RO         1825    i.usart_word_length_set  gd32f4xx_usart.o
    0x08007944   0x08007944   0x000000cc   Code   RO          473    i.write_Flash_double_Word  fmc_flash.o
    0x08007a10   0x08007a10   0x0000004c   Code   RO          474    i.write_channel_gain_to_flash  fmc_flash.o
    0x08007a5c   0x08007a5c   0x00000054   Code   RO          475    i.write_datas_to_flash  fmc_flash.o
    0x08007ab0   0x08007ab0   0x00000044   Code   RO          476    i.write_ip_prot_to_flash  fmc_flash.o
    0x08007af4   0x08007af4   0x00000038   Code   RO          478    i.write_network_id_to_flash  fmc_flash.o
    0x08007b2c   0x08007b2c   0x00000200   Data   RO          440    .constdata          crc16.o
    0x08007d2c   0x08007d2c   0x00000042   Data   RO         6500    .constdata          sx1278.o
    0x08007d6e   0x08007d6e   0x00000040   Data   RO         7503    .constdata          mc_w.l(ctype_c.o)
    0x08007dae   0x08007dae   0x00000002   PAD
    0x08007db0   0x08007db0   0x00000042   Data   RO         7014    .conststring        net_protocol.o
    0x08007df2   0x08007df2   0x00000002   PAD
    0x08007df4   0x08007df4   0x00000020   Data   RO         7505    Region$$Table       anon$$obj.o


    Execution Region RW_IRAM1 (Exec base: 0x20000000, Load base: 0x08007e14, Size: 0x0000b870, Max: 0x00030000, ABSOLUTE, COMPRESSED[0x00000070])

    Exec Addr    Load Addr    Size         Type   Attr      Idx    E Section Name        Object

    0x20000000   COMPRESSED   0x00000028   Data   RW            6    .data               main.o
    0x20000028   COMPRESSED   0x00000010   Data   RW          196    .data               systick.o
    0x20000038   COMPRESSED   0x00000007   Data   RW          259    .data               gd32f4xx_it.o
    0x2000003f   COMPRESSED   0x00000001   PAD
    0x20000040   COMPRESSED   0x0000000a   Data   RW          362    .data               lora.o
    0x2000004a   COMPRESSED   0x00000004   Data   RW          627    .data               communicate.o
    0x2000004e   COMPRESSED   0x00000023   Data   RW          724    .data               service_logic.o
    0x20000071   COMPRESSED   0x00000003   PAD
    0x20000074   COMPRESSED   0x00000004   Data   RW          810    .data               system_gd32f4xx.o
    0x20000078   COMPRESSED   0x00000020   Data   RW         6156    .data               adc_config.o
    0x20000098   COMPRESSED   0x0000000c   Data   RW         6331    .data               usart_config.o
    0x200000a4   COMPRESSED   0x00000030   Data   RW         6437    .data               rtc_config.o
    0x200000d4   COMPRESSED   0x00000003   Data   RW         6501    .data               sx1278.o
    0x200000d7   COMPRESSED   0x00000001   Data   RW         6674    .data               at_parse.o
    0x200000d8   COMPRESSED   0x00000008   Data   RW         6788    .data               at_uart_hal.o
    0x200000e0   COMPRESSED   0x0000001e   Data   RW         6861    .data               dev_sim7020.o
    0x200000fe   COMPRESSED   0x00000002   PAD
    0x20000100   COMPRESSED   0x0000004c   Data   RW         7015    .data               net_protocol.o
    0x2000014c   COMPRESSED   0x00000004   Data   RW         7472    .data               mc_w.l(stdout.o)
    0x20000150        -       0x00004328   Zero   RW            4    .bss                main.o
    0x20004478        -       0x0000015c   Zero   RW          480    .bss                fmc_flash.o
    0x200045d4        -       0x00000040   Zero   RW          625    .bss                communicate.o
    0x20004614   COMPRESSED   0x00000004   PAD
    0x20004618        -       0x00003052   Zero   RW          722    .bss                service_logic.o
    0x2000766a   COMPRESSED   0x00000002   PAD
    0x2000766c        -       0x00002000   Zero   RW         6400    .bss                dci_config.o
    0x2000966c        -       0x00000040   Zero   RW         6673    .bss                at_parse.o
    0x200096ac        -       0x00000096   Zero   RW         6737    .bss                at_recv_cb.o
    0x20009742        -       0x0000012c   Zero   RW         6787    .bss                at_uart_hal.o
    0x2000986e        -       0x00000bba   Zero   RW         6859    .bss                dev_sim7020.o
    0x2000a428        -       0x00001042   Zero   RW         7012    .bss                net_protocol.o
    0x2000b46a   COMPRESSED   0x00000006   PAD
    0x2000b470        -       0x00000400   Zero   RW         6065    STACK               startup_gd32f450.o



  Load Region LR_IROM2 (Base: 0x00810000, Size: 0x00000000, Max: 0x00020000, ABSOLUTE)

    Execution Region ER_IROM2 (Exec base: 0x00810000, Load base: 0x00810000, Size: 0x00000000, Max: 0x00020000, ABSOLUTE)

    **** No section assigned to this execution region ****


==============================================================================

Image component sizes


      Code (inc. data)   RO Data    RW Data    ZI Data      Debug   Object Name

       632        154          0         32          0       4887   adc_config.o
       820        222          0          1         64       5822   at_parse.o
       828        246          0          0        150       4205   at_recv_cb.o
       520        178          0          8        300       4489   at_uart_hal.o
       524        172          0          4         64       3830   communicate.o
        88          8        512          0          0       1972   crc16.o
        92          0          0          0          0       1148   dac_config.o
       660         36          0          0       8192       2102   dci_config.o
      2062        746          0         30       3002      12729   dev_sim7020.o
      1204        308          0          0        348      12768   fmc_flash.o
       238          0          0          0          0       3375   gd32f4xx_adc.o
       268         28          0          0          0       3501   gd32f4xx_dac.o
       132         30          0          0          0       3072   gd32f4xx_dci.o
       618          6          0          0          0       3419   gd32f4xx_dma.o
       336         38          0          0          0       4112   gd32f4xx_fmc.o
       262          0          0          0          0       4233   gd32f4xx_gpio.o
       372         86          0          7          0       9132   gd32f4xx_it.o
       164          8          0          0          0        838   gd32f4xx_misc.o
       464         50          0          0          0       4675   gd32f4xx_rcu.o
        88          0          0          0          0       3642   gd32f4xx_spi.o
      1444         52          0          0          0      12537   gd32f4xx_timer.o
       760         18          0          0          0       9229   gd32f4xx_usart.o
       518         68          0          0          0       3130   gpio_config.o
      1944        320          0         10          0      11371   lora.o
       236         68          0         40      17192      95638   main.o
      4460       1086         66         76       4162      21592   net_protocol.o
         0          0          0         48          0        827   rtc_config.o
      2064        742          0         35      12370       9750   service_logic.o
        64          4          0          0          0        606   spi_config.o
        36          8        424          0       1024        836   startup_gd32f450.o
      1590         68         66          3          0      16700   sx1278.o
       380         30          0          4          0       1883   system_gd32f4xx.o
       192         34          0         16          0      30205   systick.o
       868         32          0          0          0       4992   timer_config.o
       520         68          0         12          0       6003   usart_config.o

    ----------------------------------------------------------------------
     25484       4914       1102        332      46880     319250   Object Totals
         0          0         32          0          0          0   (incl. Generated)
        36          0          2          6         12          0   (incl. Padding)

    ----------------------------------------------------------------------

      Code (inc. data)   RO Data    RW Data    ZI Data      Debug   Library Member Name

        56          8          0          0          0         84   __0sscanf.o
        86          0          0          0          0          0   __dczerorl2.o
        28          0          0          0          0         68   _chval.o
       812          4          0          0          0        112   _scanf.o
       332          0          0          0          0         96   _scanf_int.o
        64          0          0          0          0         84   _sgetc.o
        40          6         64          0          0         68   ctype_c.o
         0          0          0          0          0          0   entry.o
         0          0          0          0          0          0   entry10a.o
         0          0          0          0          0          0   entry11a.o
         8          4          0          0          0          0   entry2.o
         4          0          0          0          0          0   entry5.o
         0          0          0          0          0          0   entry7b.o
         0          0          0          0          0          0   entry8b.o
         8          4          0          0          0          0   entry9a.o
        30          0          0          0          0          0   handlers.o
        36          8          0          0          0         68   init.o
        10          0          0          0          0         68   isspace_c.o
         0          0          0          0          0          0   iusefp.o
        30          0          0          0          0         68   llshl.o
        36          0          0          0          0         68   llsshr.o
        32          0          0          0          0         68   llushr.o
        26          0          0          0          0         80   memcmp.o
        36          0          0          0          0         68   memcpya.o
        36          0          0          0          0        108   memseta.o
      2308         96          0          0          0        604   printfa.o
        40          8          0          0          0         84   scanf_char.o
         0          0          0          4          0          0   stdout.o
        24          0          0          0          0         68   strcat.o
        28          0          0          0          0         76   strcmp.o
        18          0          0          0          0         68   strcpy.o
        14          0          0          0          0         68   strlen.o
        36          0          0          0          0         80   strstr.o
        44          0          0          0          0         80   uidiv.o
        98          0          0          0          0         92   uldiv.o
        48          0          0          0          0         68   cdrcmple.o
        56          0          0          0          0         88   d2f.o
       334          0          0          0          0        148   dadd.o
       222          0          0          0          0        100   ddiv.o
       186          0          0          0          0        176   depilogue.o
        48          0          0          0          0         68   dfixul.o
        26          0          0          0          0         76   dfltui.o
       228          0          0          0          0         96   dmul.o
        38          0          0          0          0         68   f2d.o
       110          0          0          0          0        168   fepilogue.o

    ----------------------------------------------------------------------
      5624        138         66          4          0       3384   Library Totals
         8          0          2          0          0          0   (incl. Padding)

    ----------------------------------------------------------------------

      Code (inc. data)   RO Data    RW Data    ZI Data      Debug   Library Name

      4320        138         64          4          0       2328   mc_w.l
      1296          0          0          0          0       1056   mf_w.l

    ----------------------------------------------------------------------
      5624        138         66          4          0       3384   Library Totals

    ----------------------------------------------------------------------

==============================================================================


      Code (inc. data)   RO Data    RW Data    ZI Data      Debug   

     31108       5052       1168        336      46880     297046   Grand Totals
     31108       5052       1168        112      46880     297046   ELF Image Totals (compressed)
     31108       5052       1168        112          0          0   ROM Totals

==============================================================================

    Total RO  Size (Code + RO Data)                32276 (  31.52kB)
    Total RW  Size (RW Data + ZI Data)             47216 (  46.11kB)
    Total ROM Size (Code + RO Data + RW Data)      32388 (  31.63kB)

==============================================================================

