Component: ARM Compiler 5.06 update 6 (build 750) Tool: armlink [4d35ed]

==============================================================================

Section Cross References

    main.o(i.main) refers to systick.o(i.systick_config) for systick_config
    main.o(i.main) refers to gd32f4xx_misc.o(i.nvic_irq_enable) for nvic_irq_enable
    main.o(i.main) refers to gpio_config.o(i.gpio_config) for gpio_config
    main.o(i.main) refers to usart_config.o(i.gd_debug_com_init) for gd_debug_com_init
    main.o(i.main) refers to printfa.o(i.__0printf) for __2printf
    main.o(i.main) refers to gd32f4xx_rcu.o(i.rcu_clock_freq_get) for rcu_clock_freq_get
    main.o(i.main) refers to timer_config.o(i.timer_config) for timer_config
    main.o(i.main) refers to communicate.o(i.communication_init) for communication_init
    systick.o(i.Get_Tick) refers to systick.o(.data) for uwTick
    systick.o(i.Inc_Tick) refers to systick.o(.data) for uwTick
    systick.o(i.delay_1ms) refers to systick.o(.data) for count_1ms
    systick.o(i.delay_1us) refers to systick.o(.data) for count_1us
    systick.o(i.delay_decrement) refers to systick.o(.data) for delay
    systick.o(i.systick_config) refers to gd32f4xx_misc.o(i.systick_clksource_set) for systick_clksource_set
    systick.o(i.systick_config) refers to system_gd32f4xx.o(.data) for SystemCoreClock
    systick.o(i.systick_config) refers to systick.o(.data) for count_1us
    gd32f4xx_it.o(i.SysTick_Handler) refers to systick.o(i.delay_decrement) for delay_decrement
    gd32f4xx_it.o(i.TIMER1_IRQHandler) refers to gd32f4xx_timer.o(i.timer_interrupt_flag_get) for timer_interrupt_flag_get
    gd32f4xx_it.o(i.TIMER1_IRQHandler) refers to gd32f4xx_timer.o(i.timer_disable) for timer_disable
    gd32f4xx_it.o(i.TIMER1_IRQHandler) refers to gd32f4xx_timer.o(i.timer_interrupt_flag_clear) for timer_interrupt_flag_clear
    gd32f4xx_it.o(i.TIMER3_IRQHandler) refers to gd32f4xx_timer.o(i.timer_interrupt_flag_get) for timer_interrupt_flag_get
    gd32f4xx_it.o(i.TIMER3_IRQHandler) refers to gd32f4xx_timer.o(i.timer_interrupt_flag_clear) for timer_interrupt_flag_clear
    lora.o(i.loraAddDataPkginst) refers to fmc_flash.o(i.readFlashWord) for readFlashWord
    lora.o(i.loraAddExtDataPkg) refers to printfa.o(i.__0printf) for __2printf
    lora.o(i.loraDealData) refers to crc16.o(i.crc16) for crc16
    lora.o(i.loraDealData) refers to fmc_flash.o(i.readFlashDoubleWord) for readFlashDoubleWord
    lora.o(i.loraDealData) refers to printfa.o(i.__0printf) for __2printf
    lora.o(i.loraDealData) refers to fmc_flash.o(i.readFlashWord) for readFlashWord
    lora.o(i.loraSendDataFrame) refers to lora.o(i.loraAddExtDataPkg) for loraAddExtDataPkg
    lora.o(i.loraSendDataFrame) refers to lora.o(i.loraDataPkgAddData) for loraDataPkgAddData
    lora.o(i.loraSendDataFrame) refers to lora.o(i.loraSendPkg) for loraSendPkg
    lora.o(i.loraSendDataFrame) refers to systick.o(i.delay_1ms) for delay_1ms
    lora.o(i.loraSendDataFrame) refers to printfa.o(i.__0printf) for __2printf
    lora.o(i.loraSendPkg) refers to crc16.o(i.crc16) for crc16
    lora.o(i.loraSendPkg) refers to sx1278.o(i.SX1278_LoRaEntryTx) for SX1278_LoRaEntryTx
    lora.o(i.loraSendPkg) refers to sx1278.o(i.SX1278_LoRaTxPacket) for SX1278_LoRaTxPacket
    lora.o(i.loraSendPkg) refers to printfa.o(i.__0printf) for __2printf
    lora.o(i.loraSendSpecifiedPkg) refers to lora.o(i.loraSetMode) for loraSetMode
    lora.o(i.loraSendSpecifiedPkg) refers to lora.o(i.loraAddDataPkginst) for loraAddDataPkginst
    lora.o(i.loraSendSpecifiedPkg) refers to printfa.o(i.__0printf) for __2printf
    lora.o(i.loraSendSpecifiedPkg) refers to lora.o(i.loraAddExtDataPkg) for loraAddExtDataPkg
    lora.o(i.loraSendSpecifiedPkg) refers to lora.o(i.loraDataPkgAddData) for loraDataPkgAddData
    lora.o(i.loraSendSpecifiedPkg) refers to lora.o(i.loraSendPkg) for loraSendPkg
    lora.o(i.loraSendSpecifiedPkg) refers to systick.o(i.delay_1ms) for delay_1ms
    lora.o(i.loraSetMode) refers to sx1278.o(i.SX1278_begin) for SX1278_begin
    lora.o(i.loraSetMode) refers to sx1278.o(i.SX1278_LoRaEntryTx) for SX1278_LoRaEntryTx
    lora.o(i.loraSetMode) refers to sx1278.o(i.SX1278_LoRaEntryRx) for SX1278_LoRaEntryRx
    lora.o(i.loraSetMode) refers to lora.o(.data) for lora_parament
    lora.o(i.loraSetMode) refers to main.o(.bss) for SX1278
    lora.o(i.loraTxData) refers to lora.o(i.loraSetMode) for loraSetMode
    lora.o(i.loraTxData) refers to lora.o(i.loraAddDataPkginst) for loraAddDataPkginst
    lora.o(i.loraTxData) refers to lora.o(i.loraSendDataFrame) for loraSendDataFrame
    lora.o(i.lora_ctrl_init) refers to lora.o(i.loraSetMode) for loraSetMode
    lora.o(i.lora_receive_data) refers to sx1278.o(i.SX1278_LoRaRxPacket) for SX1278_LoRaRxPacket
    lora.o(i.lora_receive_data) refers to sx1278.o(i.SX1278_read) for SX1278_read
    crc16.o(i.crc16) refers to crc16.o(.constdata) for crc16tab
    crc16.o(i.crc16_con) refers to crc16.o(.constdata) for crc16tab
[...]
    system_clock_config                      0x08004e19   Thumb Code     8  system_gd32f4xx.o(i.system_clock_config)
    i.systick_clksource_set                  0x08004e20   Section        0  gd32f4xx_misc.o(i.systick_clksource_set)
    i.systick_config                         0x08004e48   Section        0  systick.o(i.systick_config)
    i.timer0_pwm1_output_config              0x08004e94   Section        0  timer_config.o(i.timer0_pwm1_output_config)
    i.timer1_master3_slave1_config           0x08004f58   Section        0  timer_config.o(i.timer1_master3_slave1_config)
    i.timer2_slave1_config                   0x08004fec   Section        0  timer_config.o(i.timer2_slave1_config)
    i.timer3_master_config                   0x080050ac   Section        0  timer_config.o(i.timer3_master_config)
    i.timer_auto_reload_shadow_disable       0x08005118   Section        0  gd32f4xx_timer.o(i.timer_auto_reload_shadow_disable)
    i.timer_channel_dma_request_source_select 0x08005122   Section        0  gd32f4xx_timer.o(i.timer_channel_dma_request_source_select)
    i.timer_channel_output_config            0x0800513c   Section        0  gd32f4xx_timer.o(i.timer_channel_output_config)
    i.timer_channel_output_mode_config       0x08005328   Section        0  gd32f4xx_timer.o(i.timer_channel_output_mode_config)
    i.timer_channel_output_pulse_value_config 0x08005382   Section        0  gd32f4xx_timer.o(i.timer_channel_output_pulse_value_config)
    i.timer_channel_output_shadow_config     0x080053a8   Section        0  gd32f4xx_timer.o(i.timer_channel_output_shadow_config)
    i.timer_config                           0x08005402   Section        0  timer_config.o(i.timer_config)
    i.timer_deinit                           0x08005418   Section        0  gd32f4xx_timer.o(i.timer_deinit)
    i.timer_disable                          0x0800559c   Section        0  gd32f4xx_timer.o(i.timer_disable)
    i.timer_dma_enable                       0x080055a6   Section        0  gd32f4xx_timer.o(i.timer_dma_enable)
    i.timer_enable                           0x080055ae   Section        0  gd32f4xx_timer.o(i.timer_enable)
    i.timer_init                             0x080055b8   Section        0  gd32f4xx_timer.o(i.timer_init)
    i.timer_input_trigger_source_select      0x08005650   Section        0  gd32f4xx_timer.o(i.timer_input_trigger_source_select)
    i.timer_interrupt_enable                 0x08005660   Section        0  gd32f4xx_timer.o(i.timer_interrupt_enable)
    i.timer_interrupt_flag_clear             0x08005668   Section        0  gd32f4xx_timer.o(i.timer_interrupt_flag_clear)
    i.timer_interrupt_flag_get               0x08005670   Section        0  gd32f4xx_timer.o(i.timer_interrupt_flag_get)
    i.timer_master_output_trigger_source_select 0x08005688   Section        0  gd32f4xx_timer.o(i.timer_master_output_trigger_source_select)
    i.timer_master_slave_mode_config         0x08005698   Section        0  gd32f4xx_timer.o(i.timer_master_slave_mode_config)
    i.timer_plus_output_gpio_config          0x080056b4   Section        0  timer_config.o(i.timer_plus_output_gpio_config)
    i.timer_primary_output_config            0x0800570c   Section        0  gd32f4xx_timer.o(i.timer_primary_output_config)
    i.timer_single_pulse_mode_config         0x08005724   Section        0  gd32f4xx_timer.o(i.timer_single_pulse_mode_config)
    i.timer_slave_mode_select                0x0800573e   Section        0  gd32f4xx_timer.o(i.timer_slave_mode_select)
    i.usart_baudrate_set                     0x08005750   Section        0  gd32f4xx_usart.o(i.usart_baudrate_set)
    i.usart_data_transmit                    0x08005840   Section        0  gd32f4xx_usart.o(i.usart_data_transmit)
    i.usart_datas_transmit                   0x08005848   Section        0  usart_config.o(i.usart_datas_transmit)
    i.usart_deinit                           0x080058b4   Section        0  gd32f4xx_usart.o(i.usart_deinit)
    i.usart_enable                           0x08005990   Section        0  gd32f4xx_usart.o(i.usart_enable)
    i.usart_flag_get                         0x0800599a   Section        0  gd32f4xx_usart.o(i.usart_flag_get)
    i.usart_hardware_flow_cts_config         0x080059b8   Section        0  gd32f4xx_usart.o(i.usart_hardware_flow_cts_config)
    i.usart_hardware_flow_rts_config         0x080059c8   Section        0  gd32f4xx_usart.o(i.usart_hardware_flow_rts_config)
    i.usart_interrupt_disable                0x080059d8   Section        0  gd32f4xx_usart.o(i.usart_interrupt_disable)
    i.usart_parity_config                    0x08005a1e   Section        0  gd32f4xx_usart.o(i.usart_parity_config)
    i.usart_receive_config                   0x08005a2e   Section        0  gd32f4xx_usart.o(i.usart_receive_config)
    i.usart_stop_bit_set                     0x08005a3e   Section        0  gd32f4xx_usart.o(i.usart_stop_bit_set)
    i.usart_transmit_config                  0x08005a4e   Section        0  gd32f4xx_usart.o(i.usart_transmit_config)
    i.usart_word_length_set                  0x08005a5e   Section        0  gd32f4xx_usart.o(i.usart_word_length_set)
    i.writeFlash_X_Word                      0x08005a6e   Section        0  fmc_flash.o(i.writeFlash_X_Word)
    .constdata                               0x08005ab8   Section      512  crc16.o(.constdata)
    crc16tab                                 0x08005ab8   Data         512  crc16.o(.constdata)
    .constdata                               0x08005cb8   Section       66  sx1278.o(.constdata)
    SX1278_Frequency                         0x08005cb8   Data          45  sx1278.o(.constdata)
    SX1278_Power                             0x08005ce5   Data           4  sx1278.o(.constdata)
    SX1278_SpreadFactor                      0x08005ce9   Data           7  sx1278.o(.constdata)
    SX1278_LoRaBandwidth                     0x08005cf0   Data          10  sx1278.o(.constdata)
    .constdata                               0x08005cfa   Section       64  ctype_c.o(.constdata)
    .conststring                             0x08005d3c   Section       66  net_protocol.o(.conststring)
    .data                                    0x20000000   Section       16  systick.o(.data)
    count_1us                                0x20000000   Data           4  systick.o(.data)
    count_1ms                                0x20000004   Data           4  systick.o(.data)
    delay                                    0x2000000c   Data           4  systick.o(.data)
    .data                                    0x20000010   Section       10  lora.o(.data)
    crc                                      0x20000018   Data           2  lora.o(.data)
    .data                                    0x2000001a   Section        4  communicate.o(.data)
    lsUsedLora                               0x2000001a   Data           1  communicate.o(.data)
    send_size                                0x2000001c   Data           2  communicate.o(.data)
    .data                                    0x2000001e   Section       35  service_logic.o(.data)
    sample_count                             0x2000001e   Data           2  service_logic.o(.data)
    sample_flag                              0x20000020   Data           1  service_logic.o(.data)
    main_state                               0x2000003a   Data           1  service_logic.o(.data)
    receiveDatalen                           0x2000003b   Data           1  service_logic.o(.data)
    instruction                              0x2000003c   Data           1  service_logic.o(.data)
    tick                                     0x2000003e   Data           2  service_logic.o(.data)
    communicate_flag                         0x20000040   Data           1  service_logic.o(.data)
    .data                                    0x20000044   Section        4  system_gd32f4xx.o(.data)
    .data                                    0x20000048   Section       32  adc_config.o(.data)
    bat_per                                  0x20000048   Data           1  adc_config.o(.data)
    current_voltage                          0x2000004c   Data           4  adc_config.o(.data)
    nb_current                               0x20000054   Data          20  adc_config.o(.data)
    .data                                    0x20000068   Section       12  usart_config.o(.data)
    USART_Rx_Count                           0x20000068   Data           2  usart_config.o(.data)
    nb_sim7020_recv_out                      0x2000006c   Data           8  usart_config.o(.data)
    .data                                    0x20000074   Section       48  rtc_config.o(.data)
    standy                                   0x200000a0   Data           4  rtc_config.o(.data)
    .data                                    0x200000a4   Section        3  sx1278.o(.data)
    mode                                     0x200000a4   Data           1  sx1278.o(.data)
    addr                                     0x200000a5   Data           1  sx1278.o(.data)
    mode                                     0x200000a6   Data           1  sx1278.o(.data)
    .data                                    0x200000a7   Section        1  at_parse.o(.data)
    is_inited                                0x200000a7   Data           1  at_parse.o(.data)
    .data                                    0x200000a8   Section        8  at_uart_hal.o(.data)
    is_inited                                0x200000a9   Data           1  at_uart_hal.o(.data)
    at_recv_len                              0x200000ac   Data           4  at_uart_hal.o(.data)
    .data                                    0x200000b0   Section       30  dev_sim7020.o(.data)
    ls_init                                  0x200000b3   Data           1  dev_sim7020.o(.data)
    ls_use_udp                               0x200000b4   Data           1  dev_sim7020.o(.data)
    ls_register_cb                           0x200000b5   Data           1  dev_sim7020.o(.data)
    net_watch_dog_cnt                        0x200000b6   Data           2  dev_sim7020.o(.data)
    .data                                    0x200000d0   Section       72  net_protocol.o(.data)
    use_probe_id                             0x200000fb   Data           4  net_protocol.o(.data)
    debug_mode                               0x200000ff   Data           1  net_protocol.o(.data)
    net_send_size                            0x20000100   Data           2  net_protocol.o(.data)
    net_ls_close                             0x20000102   Data           1  net_protocol.o(.data)
    net_ls_send_succ                         0x20000103   Data           1  net_protocol.o(.data)
    ls_sample_resp                           0x20000104   Data           1  net_protocol.o(.data)
    ls_need_wait                             0x20000105   Data           1  net_protocol.o(.data)
    sample_len                               0x20000106   Data           2  net_protocol.o(.data)
    send_fail_cnt                            0x20000108   Data           2  net_protocol.o(.data)
    sample_times                             0x2000010c   Data           4  net_protocol.o(.data)
    pack_num                                 0x20000110   Data           1  net_protocol.o(.data)
    sample_data                              0x20000114   Data           4  net_protocol.o(.data)
    .data                                    0x20000118   Section        4  stdout.o(.data)
    .bss                                     0x20000120   Section    17192  main.o(.bss)
    .bss                                     0x20004448   Section      212  fmc_flash.o(.bss)
    data                                     0x20004448   Data         200  fmc_flash.o(.bss)
    flashData                                0x20004510   Data          12  fmc_flash.o(.bss)
    .bss                                     0x20004520   Section    12370  service_logic.o(.bss)
    accumulator_data                         0x20005548   Data        8192  service_logic.o(.bss)
    losePkgNum                               0x20007568   Data          10  service_logic.o(.bss)
    .bss                                     0x20007574   Section       64  at_parse.o(.bss)
    at                                       0x20007574   Data          64  at_parse.o(.bss)
    .bss                                     0x200075b4   Section      150  at_recv_cb.o(.bss)
    net_recv_buf                             0x200075b4   Data         150  at_recv_cb.o(.bss)
    .bss                                     0x2000764a   Section      300  at_uart_hal.o(.bss)
    at_recv_buf                              0x2000764a   Data         300  at_uart_hal.o(.bss)
    .bss                                     0x20007776   Section     3002  dev_sim7020.o(.bss)
    send_buf                                 0x200078a4   Data        2700  dev_sim7020.o(.bss)
    .bss                                     0x20008330   Section     4188  net_protocol.o(.bss)
    net_send_buf                             0x20008330   Data        2048  net_protocol.o(.bss)
    net_send_buf_hex                         0x20008b30   Data        2048  net_protocol.o(.bss)
    upload_data_info                         0x20009330   Data          66  net_protocol.o(.bss)
    temp_ip                                  0x20009374   Data          24  net_protocol.o(.bss)
    STACK                                    0x20009390   Section     1024  startup_gd32f450.o(STACK)

    Global Symbols

    Symbol Name                              Value     Ov Type        Size  Object(Section)

    BuildAttributes$$THM_ISAv4$E$P$D$K$B$S$7EM$VFPi3$EXTD16$VFPS$VFMA$PE$A:L22UL41UL21$X:L11$S22US41US21$IEEE1$IW$USESV6$~STKCKD$USESV7$~SHL$OTIME$ROPI$EBA8$MICROLIB$REQ8$PRES8$EABIv2 0x00000000   Number         0  anon$$obj.o ABSOLUTE
    __ARM_use_no_argv                        0x00000000   Number         0  main.o ABSOLUTE
    _printf_a                                0x00000000   Number         0  stubs.o ABSOLUTE
    _printf_c                                0x00000000   Number         0  stubs.o ABSOLUTE
    _printf_charcount                        0x00000000   Number         0  stubs.o ABSOLUTE
    _printf_d                                0x00000000   Number         0  stubs.o ABSOLUTE
    _printf_e                                0x00000000   Number         0  stubs.o ABSOLUTE
    _printf_f                                0x00000000   Number         0  stubs.o ABSOLUTE
    _printf_flags                            0x00000000   Number         0  stubs.o ABSOLUTE
    _printf_fp_dec                           0x00000000   Number         0  stubs.o ABSOLUTE
    _printf_fp_hex                           0x00000000   Number         0  stubs.o ABSOLUTE
    _printf_g                                0x00000000   Number         0  stubs.o ABSOLUTE
    _printf_i                                0x00000000   Number         0  stubs.o ABSOLUTE
    _printf_int_dec                          0x00000000   Number         0  stubs.o ABSOLUTE
    _printf_l                                0x00000000   Number         0  stubs.o ABSOLUTE
    _printf_lc                               0x00000000   Number         0  stubs.o ABSOLUTE
    _printf_ll                               0x00000000   Number         0  stubs.o ABSOLUTE
    _printf_lld                              0x00000000   Number         0  stubs.o ABSOLUTE
    _printf_lli                              0x00000000   Number         0  stubs.o ABSOLUTE
    _printf_llo                              0x00000000   Number         0  stubs.o ABSOLUTE
    _printf_llu                              0x00000000   Number         0  stubs.o ABSOLUTE
    _printf_llx                              0x00000000   Number         0  stubs.o ABSOLUTE
    _printf_longlong_dec                     0x00000000   Number         0  stubs.o ABSOLUTE
    _printf_longlong_hex                     0x00000000   Number         0  stubs.o ABSOLUTE
    _printf_longlong_oct                     0x00000000   Number         0  stubs.o ABSOLUTE
    _printf_ls                               0x00000000   Number         0  stubs.o ABSOLUTE
    _printf_mbtowc                           0x00000000   Number         0  stubs.o ABSOLUTE
    _printf_n                                0x00000000   Number         0  stubs.o ABSOLUTE
    _printf_o                                0x00000000   Number         0  stubs.o ABSOLUTE
    _printf_p                                0x00000000   Number         0  stubs.o ABSOLUTE
    _printf_percent                          0x00000000   Number         0  stubs.o ABSOLUTE
    _printf_pre_padding                      0x00000000   Number         0  stubs.o ABSOLUTE
    _printf_return_value                     0x00000000   Number         0  stubs.o ABSOLUTE
    _printf_s                                0x00000000   Number         0  stubs.o ABSOLUTE
    _printf_sizespec                         0x00000000   Number         0  stubs.o ABSOLUTE
    _printf_str                              0x00000000   Number         0  stubs.o ABSOLUTE
    _printf_truncate_signed                  0x00000000   Number         0  stubs.o ABSOLUTE
    _printf_truncate_unsigned                0x00000000   Number         0  stubs.o ABSOLUTE
    _printf_u                                0x00000000   Number         0  stubs.o ABSOLUTE
    _printf_wc                               0x00000000   Number         0  stubs.o ABSOLUTE
    _printf_wctomb                           0x00000000   Number         0  stubs.o ABSOLUTE
    _printf_widthprec                        0x00000000   Number         0  stubs.o ABSOLUTE
    _printf_x                                0x00000000   Number         0  stubs.o ABSOLUTE
    __cpp_initialize__aeabi_                  - Undefined Weak Reference
    __cxa_finalize                            - Undefined Weak Reference
    __decompress                              - Undefined Weak Reference
    _clock_init                               - Undefined Weak Reference
    _microlib_exit                            - Undefined Weak Reference
    _scanf_longlong                           - Undefined Weak Reference
    _scanf_real                               - Undefined Weak Reference
    _scanf_string                             - Undefined Weak Reference
    __Vectors_Size                           0x000001a8   Number         0  startup_gd32f450.o ABSOLUTE
    __Vectors                                0x08000000   Data           4  startup_gd32f450.o(RESET)
    __Vectors_End                            0x080001a8   Data           0  startup_gd32f450.o(RESET)
    __main                                   0x080001a9   Thumb Code     0  entry.o(.ARM.Collect$$$$00000000)
    _main_stk                                0x080001a9   Thumb Code     0  entry2.o(.ARM.Collect$$$$00000001)
    _main_scatterload                        0x080001ad   Thumb Code     0  entry5.o(.ARM.Collect$$$$00000004)
    __main_after_scatterload                 0x080001b1   Thumb Code     0  entry5.o(.ARM.Collect$$$$00000004)
    _main_clock                              0x080001b1   Thumb Code     0  entry7b.o(.ARM.Collect$$$$00000008)
    _main_cpp_init                           0x080001b1   Thumb Code     0  entry8b.o(.ARM.Collect$$$$0000000A)
    _main_init                               0x080001b1   Thumb Code     0  entry9a.o(.ARM.Collect$$$$0000000B)
    __rt_final_cpp                           0x080001b9   Thumb Code     0  entry10a.o(.ARM.Collect$$$$0000000D)
    __rt_final_exit                          0x080001b9   Thumb Code     0  entry11a.o(.ARM.Collect$$$$0000000F)
    Reset_Handler                            0x080001bd   Thumb Code     8  startup_gd32f450.o(.text)
    ADC_IRQHandler                           0x080001d7   Thumb Code     0  startup_gd32f450.o(.text)
    CAN0_EWMC_IRQHandler                     0x080001d7   Thumb Code     0  startup_gd32f450.o(.text)
    CAN0_RX0_IRQHandler                      0x080001d7   Thumb Code     0  startup_gd32f450.o(.text)
    CAN0_RX1_IRQHandler                      0x080001d7   Thumb Code     0  startup_gd32f450.o(.text)
    CAN0_TX_IRQHandler                       0x080001d7   Thumb Code     0  startup_gd32f450.o(.text)
    CAN1_EWMC_IRQHandler                     0x080001d7   Thumb Code     0  startup_gd32f450.o(.text)
    CAN1_RX0_IRQHandler                      0x080001d7   Thumb Code     0  startup_gd32f450.o(.text)
    CAN1_RX1_IRQHandler                      0x080001d7   Thumb Code     0  startup_gd32f450.o(.text)
    CAN1_TX_IRQHandler                       0x080001d7   Thumb Code     0  startup_gd32f450.o(.text)
    DCI_IRQHandler                           0x080001d7   Thumb Code     0  startup_gd32f450.o(.text)
    DMA0_Channel0_IRQHandler                 0x080001d7   Thumb Code     0  startup_gd32f450.o(.text)
    DMA0_Channel1_IRQHandler                 0x080001d7   Thumb Code     0  startup_gd32f450.o(.text)
    DMA0_Channel2_IRQHandler                 0x080001d7   Thumb Code     0  startup_gd32f450.o(.text)
    DMA0_Channel3_IRQHandler                 0x080001d7   Thumb Code     0  startup_gd32f450.o(.text)
    DMA0_Channel4_IRQHandler                 0x080001d7   Thumb Code     0  startup_gd32f450.o(.text)
    DMA0_Channel5_IRQHandler                 0x080001d7   Thumb Code     0  startup_gd32f450.o(.text)
    DMA0_Channel6_IRQHandler                 0x080001d7   Thumb Code     0  startup_gd32f450.o(.text)
    DMA0_Channel7_IRQHandler                 0x080001d7   Thumb Code     0  startup_gd32f450.o(.text)
    DMA1_Channel0_IRQHandler                 0x080001d7   Thumb Code     0  startup_gd32f450.o(.text)
    DMA1_Channel1_IRQHandler                 0x080001d7   Thumb Code     0  startup_gd32f450.o(.text)
    DMA1_Channel2_IRQHandler                 0x080001d7   Thumb Code     0  startup_gd32f450.o(.text)
    DMA1_Channel3_IRQHandler                 0x080001d7   Thumb Code     0  startup_gd32f450.o(.text)
    DMA1_Channel4_IRQHandler                 0x080001d7   Thumb Code     0  startup_gd32f450.o(.text)
    DMA1_Channel5_IRQHandler                 0x080001d7   Thumb Code     0  startup_gd32f450.o(.text)
    DMA1_Channel6_IRQHandler                 0x080001d7   Thumb Code     0  startup_gd32f450.o(.text)
    DMA1_Channel7_IRQHandler                 0x080001d7   Thumb Code     0  startup_gd32f450.o(.text)
    ENET_IRQHandler                          0x080001d7   Thumb Code     0  startup_gd32f450.o(.text)
    ENET_WKUP_IRQHandler                     0x080001d7   Thumb Code     0  startup_gd32f450.o(.text)
    EXMC_IRQHandler                          0x080001d7   Thumb Code     0  startup_gd32f450.o(.text)
    EXTI0_IRQHandler                         0x080001d7   Thumb Code     0  startup_gd32f450.o(.text)
    EXTI10_15_IRQHandler                     0x080001d7   Thumb Code     0  startup_gd32f450.o(.text)
    EXTI1_IRQHandler                         0x080001d7   Thumb Code     0  startup_gd32f450.o(.text)
    EXTI2_IRQHandler                         0x080001d7   Thumb Code     0  startup_gd32f450.o(.text)
    EXTI3_IRQHandler                         0x080001d7   Thumb Code     0  startup_gd32f450.o(.text)
    EXTI4_IRQHandler                         0x080001d7   Thumb Code     0  startup_gd32f450.o(.text)
    EXTI5_9_IRQHandler                       0x080001d7   Thumb Code     0  startup_gd32f450.o(.text)
    FMC_IRQHandler                           0x080001d7   Thumb Code     0  startup_gd32f450.o(.text)
    FPU_IRQHandler                           0x080001d7   Thumb Code     0  startup_gd32f450.o(.text)
    I2C0_ER_IRQHandler                       0x080001d7   Thumb Code     0  startup_gd32f450.o(.text)
    I2C0_EV_IRQHandler                       0x080001d7   Thumb Code     0  startup_gd32f450.o(.text)
    I2C1_ER_IRQHandler                       0x080001d7   Thumb Code     0  startup_gd32f450.o(.text)
    I2C1_EV_IRQHandler                       0x080001d7   Thumb Code     0  startup_gd32f450.o(.text)
    I2C2_ER_IRQHandler                       0x080001d7   Thumb Code     0  startup_gd32f450.o(.text)
    I2C2_EV_IRQHandler                       0x080001d7   Thumb Code     0  startup_gd32f450.o(.text)
    IPA_IRQHandler                           0x080001d7   Thumb Code     0  startup_gd32f450.o(.text)
    LVD_IRQHandler                           0x080001d7   Thumb Code     0  startup_gd32f450.o(.text)
    RCU_CTC_IRQHandler                       0x080001d7   Thumb Code     0  startup_gd32f450.o(.text)
    RTC_Alarm_IRQHandler                     0x080001d7   Thumb Code     0  startup_gd32f450.o(.text)
    RTC_WKUP_IRQHandler                      0x080001d7   Thumb Code     0  startup_gd32f450.o(.text)
    SDIO_IRQHandler                          0x080001d7   Thumb Code     0  startup_gd32f450.o(.text)
    SPI0_IRQHandler                          0x080001d7   Thumb Code     0  startup_gd32f450.o(.text)
    SPI1_IRQHandler                          0x080001d7   Thumb Code     0  startup_gd32f450.o(.text)
    SPI2_IRQHandler                          0x080001d7   Thumb Code     0  startup_gd32f450.o(.text)
    SPI3_IRQHandler                          0x080001d7   Thumb Code     0  startup_gd32f450.o(.text)
    SPI4_IRQHandler                          0x080001d7   Thumb Code     0  startup_gd32f450.o(.text)
    SPI5_IRQHandler                          0x080001d7   Thumb Code     0  startup_gd32f450.o(.text)
    TAMPER_STAMP_IRQHandler                  0x080001d7   Thumb Code     0  startup_gd32f450.o(.text)
    TIMER0_BRK_TIMER8_IRQHandler             0x080001d7   Thumb Code     0  startup_gd32f450.o(.text)
    TIMER0_CC_IRQHandler                     0x080001d7   Thumb Code     0  startup_gd32f450.o(.text)
    TIMER0_TRG_CMT_TIMER10_IRQHandler        0x080001d7   Thumb Code     0  startup_gd32f450.o(.text)
    TIMER0_UP_TIMER9_IRQHandler              0x080001d7   Thumb Code     0  startup_gd32f450.o(.text)
    TIMER2_IRQHandler                        0x080001d7   Thumb Code     0  startup_gd32f450.o(.text)
    TIMER4_IRQHandler                        0x080001d7   Thumb Code     0  startup_gd32f450.o(.text)
    TIMER5_DAC_IRQHandler                    0x080001d7   Thumb Code     0  startup_gd32f450.o(.text)
    TIMER6_IRQHandler                        0x080001d7   Thumb Code     0  startup_gd32f450.o(.text)
    TIMER7_BRK_TIMER11_IRQHandler            0x080001d7   Thumb Code     0  startup_gd32f450.o(.text)
    TIMER7_CC_IRQHandler                     0x080001d7   Thumb Code     0  startup_gd32f450.o(.text)
    TIMER7_TRG_CMT_TIMER13_IRQHandler        0x080001d7   Thumb Code     0  startup_gd32f450.o(.text)
    TIMER7_UP_TIMER12_IRQHandler             0x080001d7   Thumb Code     0  startup_gd32f450.o(.text)
    TLI_ER_IRQHandler                        0x080001d7   Thumb Code     0  startup_gd32f450.o(.text)
    TLI_IRQHandler                           0x080001d7   Thumb Code     0  startup_gd32f450.o(.text)
    TRNG_IRQHandler                          0x080001d7   Thumb Code     0  startup_gd32f450.o(.text)
    UART3_IRQHandler                         0x080001d7   Thumb Code     0  startup_gd32f450.o(.text)
    UART4_IRQHandler                         0x080001d7   Thumb Code     0  startup_gd32f450.o(.text)
    UART6_IRQHandler                         0x080001d7   Thumb Code     0  startup_gd32f450.o(.text)
    UART7_IRQHandler                         0x080001d7   Thumb Code     0  startup_gd32f450.o(.text)
    USART0_IRQHandler                        0x080001d7   Thumb Code     0  startup_gd32f450.o(.text)
    USART1_IRQHandler                        0x080001d7   Thumb Code     0  startup_gd32f450.o(.text)
    USART2_IRQHandler                        0x080001d7   Thumb Code     0  startup_gd32f450.o(.text)
    USART5_IRQHandler                        0x080001d7   Thumb Code     0  startup_gd32f450.o(.text)
    USBFS_IRQHandler                         0x080001d7   Thumb Code     0  startup_gd32f450.o(.text)
    USBFS_WKUP_IRQHandler                    0x080001d7   Thumb Code     0  startup_gd32f450.o(.text)
    USBHS_EP1_In_IRQHandler                  0x080001d7   Thumb Code     0  startup_gd32f450.o(.text)
    USBHS_EP1_Out_IRQHandler                 0x080001d7   Thumb Code     0  startup_gd32f450.o(.text)
    USBHS_IRQHandler                         0x080001d7   Thumb Code     0  startup_gd32f450.o(.text)
    USBHS_WKUP_IRQHandler                    0x080001d7   Thumb Code     0  startup_gd32f450.o(.text)
    WWDGT_IRQHandler                         0x080001d7   Thumb Code     0  startup_gd32f450.o(.text)
    __aeabi_memcpy                           0x080001e1   Thumb Code    36  memcpya.o(.text)
    __aeabi_memcpy4                          0x080001e1   Thumb Code     0  memcpya.o(.text)
    __aeabi_memcpy8                          0x080001e1   Thumb Code     0  memcpya.o(.text)
    __aeabi_memset                           0x08000205   Thumb Code    14  memseta.o(.text)
    __aeabi_memset4                          0x08000205   Thumb Code     0  memseta.o(.text)
    __aeabi_memset8                          0x08000205   Thumb Code     0  memseta.o(.text)
    __aeabi_memclr                           0x08000213   Thumb Code     4  memseta.o(.text)
    __aeabi_memclr4                          0x08000213   Thumb Code     0  memseta.o(.text)
    __aeabi_memclr8                          0x08000213   Thumb Code     0  memseta.o(.text)
    _memset$wrapper                          0x08000217   Thumb Code    18  memseta.o(.text)
    strcat                                   0x08000229   Thumb Code    24  strcat.o(.text)
    strstr                                   0x08000241   Thumb Code    36  strstr.o(.text)
    strlen                                   0x08000265   Thumb Code    14  strlen.o(.text)
    strcmp                                   0x08000273   Thumb Code    28  strcmp.o(.text)
    memcmp                                   0x0800028f   Thumb Code    26  memcmp.o(.text)
    strcpy                                   0x080002a9   Thumb Code    18  strcpy.o(.text)
    __0sscanf                                0x080002bd   Thumb Code    48  __0sscanf.o(.text)
    _scanf_int                               0x080002f5   Thumb Code   332  _scanf_int.o(.text)
    __aeabi_dadd                             0x08000441   Thumb Code   322  dadd.o(.text)
    __aeabi_dsub                             0x08000583   Thumb Code     6  dadd.o(.text)
    __aeabi_drsub                            0x08000589   Thumb Code     6  dadd.o(.text)
    __aeabi_dmul                             0x0800058f   Thumb Code   228  dmul.o(.text)
    __aeabi_ddiv                             0x08000673   Thumb Code   222  ddiv.o(.text)
    __aeabi_ui2d                             0x08000751   Thumb Code    26  dfltui.o(.text)
    __aeabi_f2d                              0x0800076b   Thumb Code    38  f2d.o(.text)
    __aeabi_cdrcmple                         0x08000791   Thumb Code    48  cdrcmple.o(.text)
    __aeabi_d2f                              0x080007c1   Thumb Code    56  d2f.o(.text)
    __aeabi_uidiv                            0x080007f9   Thumb Code     0  uidiv.o(.text)
    __aeabi_uidivmod                         0x080007f9   Thumb Code    44  uidiv.o(.text)
    __aeabi_uldivmod                         0x08000825   Thumb Code    98  uldiv.o(.text)
    __aeabi_llsl                             0x08000887   Thumb Code    30  llshl.o(.text)
    _ll_shift_l                              0x08000887   Thumb Code     0  llshl.o(.text)
    __aeabi_llsr                             0x080008a5   Thumb Code    32  llushr.o(.text)
    _ll_ushift_r                             0x080008a5   Thumb Code     0  llushr.o(.text)
    __aeabi_lasr                             0x080008c5   Thumb Code    36  llsshr.o(.text)
    _ll_sshift_r                             0x080008c5   Thumb Code     0  llsshr.o(.text)
    _chval                                   0x080008e9   Thumb Code    28  _chval.o(.text)
    __vfscanf_char                           0x08000911   Thumb Code    20  scanf_char.o(.text)
    _sgetc                                   0x0800092d   Thumb Code    30  _sgetc.o(.text)
    _sbackspace                              0x0800094b   Thumb Code    34  _sgetc.o(.text)
    __I$use$fp                               0x0800096d   Thumb Code     0  iusefp.o(.text)
    _float_round                             0x0800096d   Thumb Code    18  fepilogue.o(.text)
    _float_epilogue                          0x0800097f   Thumb Code    92  fepilogue.o(.text)
    _double_round                            0x080009db   Thumb Code    30  depilogue.o(.text)
    _double_epilogue                         0x080009f9   Thumb Code   156  depilogue.o(.text)
    __aeabi_d2ulz                            0x08000a95   Thumb Code    48  dfixul.o(.text)
    __scatterload                            0x08000ac5   Thumb Code    28  init.o(.text)
    __scatterload_rt2                        0x08000ac5   Thumb Code     0  init.o(.text)
    isspace                                  0x08000ae9   Thumb Code    10  isspace_c.o(.text)
    __vfscanf                                0x08000af5   Thumb Code   808  _scanf.o(.text)
    __ctype_lookup                           0x08000e21   Thumb Code    34  ctype_c.o(.text)
    BatGetPrecent                            0x08000e49   Thumb Code   292  adc_config.o(i.BatGetPrecent)
    BusFault_Handler                         0x08000fcd   Thumb Code     4  gd32f4xx_it.o(i.BusFault_Handler)
    DebugMon_Handler                         0x08000fd1   Thumb Code     2  gd32f4xx_it.o(i.DebugMon_Handler)
    Get_Tick                                 0x08001045   Thumb Code     6  systick.o(i.Get_Tick)
    HardFault_Handler                        0x08001051   Thumb Code     4  gd32f4xx_it.o(i.HardFault_Handler)
    MemManage_Handler                        0x08001055   Thumb Code     4  gd32f4xx_it.o(i.MemManage_Handler)
    NMI_Handler                              0x08001059   Thumb Code     2  gd32f4xx_it.o(i.NMI_Handler)
    PendSV_Handler                           0x0800105b   Thumb Code     2  gd32f4xx_it.o(i.PendSV_Handler)
    SVC_Handler                              0x0800105d   Thumb Code     2  gd32f4xx_it.o(i.SVC_Handler)
    SX1278_LORA_CAD                          0x0800105f   Thumb Code    62  sx1278.o(i.SX1278_LORA_CAD)
    SX1278_LoRaEntryRx                       0x0800109d   Thumb Code   168  sx1278.o(i.SX1278_LoRaEntryRx)
    SX1278_LoRaEntryTx                       0x08001149   Thumb Code   144  sx1278.o(i.SX1278_LoRaEntryTx)
    SX1278_SPIBurstWrite                     0x080011d9   Thumb Code    72  sx1278.o(i.SX1278_SPIBurstWrite)
    SX1278_SPIRead                           0x08001221   Thumb Code    42  sx1278.o(i.SX1278_SPIRead)
    SX1278_SPIWrite                          0x0800124b   Thumb Code    44  sx1278.o(i.SX1278_SPIWrite)
    SX1278_begin                             0x08001277   Thumb Code    46  sx1278.o(i.SX1278_begin)
    SX1278_clearLoRaIrq                      0x080012a5   Thumb Code    16  sx1278.o(i.SX1278_clearLoRaIrq)
    SX1278_config                            0x080012b5   Thumb Code   286  sx1278.o(i.SX1278_config)
    SX1278_defaultConfig                     0x080013e9   Thumb Code    22  sx1278.o(i.SX1278_defaultConfig)
    SX1278_entryLoRa                         0x080013ff   Thumb Code    16  sx1278.o(i.SX1278_entryLoRa)
    SX1278_hw_DelayMs                        0x0800140f   Thumb Code    12  sx1278.o(i.SX1278_hw_DelayMs)
    SX1278_hw_Reset                          0x0800141b   Thumb Code    42  sx1278.o(i.SX1278_hw_Reset)
    SX1278_hw_SPICommand                     0x08001445   Thumb Code    62  sx1278.o(i.SX1278_hw_SPICommand)
    SX1278_hw_SPIReadByte                    0x08001483   Thumb Code   100  sx1278.o(i.SX1278_hw_SPIReadByte)
    SX1278_hw_SetNSS                         0x080014e7   Thumb Code    30  sx1278.o(i.SX1278_hw_SetNSS)
    SX1278_hw_init                           0x08001505   Thumb Code    22  sx1278.o(i.SX1278_hw_init)
    SX1278_sleep                             0x0800151b   Thumb Code    20  sx1278.o(i.SX1278_sleep)
    SX1278_standby                           0x0800152f   Thumb Code    20  sx1278.o(i.SX1278_standby)
    StartSampleUpload                        0x0800156d   Thumb Code   146  net_protocol.o(i.StartSampleUpload)
    SysTick_Handler                          0x08001625   Thumb Code     8  gd32f4xx_it.o(i.SysTick_Handler)
    SystemInit                               0x0800162d   Thumb Code   104  system_gd32f4xx.o(i.SystemInit)
    TIMER1_IRQHandler                        0x080016a5   Thumb Code    30  gd32f4xx_it.o(i.TIMER1_IRQHandler)
    TIMER3_IRQHandler                        0x080016c5   Thumb Code    24  gd32f4xx_it.o(i.TIMER3_IRQHandler)
    Uart_recv_buf_regster                    0x080016e1   Thumb Code    20  usart_config.o(i.Uart_recv_buf_regster)
    Uart_recv_reset                          0x080016f9   Thumb Code     8  usart_config.o(i.Uart_recv_reset)
    UsageFault_Handler                       0x08001705   Thumb Code     4  gd32f4xx_it.o(i.UsageFault_Handler)
    WriteFlashBatteryCapacity                0x08001709   Thumb Code    54  fmc_flash.o(i.WriteFlashBatteryCapacity)
    __0printf                                0x08001745   Thumb Code    22  printfa.o(i.__0printf)
    __1printf                                0x08001745   Thumb Code     0  printfa.o(i.__0printf)
    __2printf                                0x08001745   Thumb Code     0  printfa.o(i.__0printf)
    __c89printf                              0x08001745   Thumb Code     0  printfa.o(i.__0printf)
    printf                                   0x08001745   Thumb Code     0  printfa.o(i.__0printf)
    __0sprintf                               0x08001765   Thumb Code    34  printfa.o(i.__0sprintf)
    __1sprintf                               0x08001765   Thumb Code     0  printfa.o(i.__0sprintf)
    __2sprintf                               0x08001765   Thumb Code     0  printfa.o(i.__0sprintf)
    __c89sprintf                             0x08001765   Thumb Code     0  printfa.o(i.__0sprintf)
    sprintf                                  0x08001765   Thumb Code     0  printfa.o(i.__0sprintf)
    __scatterload_copy                       0x0800178d   Thumb Code    14  handlers.o(i.__scatterload_copy)
    __scatterload_null                       0x0800179b   Thumb Code     2  handlers.o(i.__scatterload_null)
    __scatterload_zeroinit                   0x0800179d   Thumb Code    14  handlers.o(i.__scatterload_zeroinit)
    acqBat                                   0x08002069   Thumb Code    32  adc_config.o(i.acqBat)
    adc_channel_sample                       0x080020a1   Thumb Code    56  adc_config.o(i.adc_channel_sample)
    adc_flag_clear                           0x080020d9   Thumb Code     8  gd32f4xx_adc.o(i.adc_flag_clear)
    adc_flag_get                             0x080020e1   Thumb Code    16  gd32f4xx_adc.o(i.adc_flag_get)
    adc_regular_channel_config               0x080020f1   Thumb Code   172  gd32f4xx_adc.o(i.adc_regular_channel_config)
    adc_regular_data_read                    0x0800219d   Thumb Code     8  gd32f4xx_adc.o(i.adc_regular_data_read)
    adc_software_trigger_enable              0x080021a5   Thumb Code    34  gd32f4xx_adc.o(i.adc_software_trigger_enable)
    at_get_last_recv                         0x080021c9   Thumb Code    20  at_uart_hal.o(i.at_get_last_recv)
    at_net_con_cb                            0x080021e5   Thumb Code   128  at_recv_cb.o(i.at_net_con_cb)
    at_net_recv_cb                           0x080022c5   Thumb Code   220  at_recv_cb.o(i.at_net_recv_cb)
    at_parse_deinit                          0x08002411   Thumb Code    30  at_parse.o(i.at_parse_deinit)
    at_parse_init                            0x08002449   Thumb Code    54  at_parse.o(i.at_parse_init)
    at_parse_match_obj                       0x08002499   Thumb Code   130  at_parse.o(i.at_parse_match_obj)
    at_register_callback                     0x08002579   Thumb Code   130  at_parse.o(i.at_register_callback)
    at_send_no_reply                         0x08002621   Thumb Code    92  at_parse.o(i.at_send_no_reply)
    at_send_wait_reply                       0x0800268d   Thumb Code   162  at_parse.o(i.at_send_wait_reply)
    at_signal_cb                             0x08002745   Thumb Code   146  at_recv_cb.o(i.at_signal_cb)
    at_uart_deinit                           0x080027fd   Thumb Code    36  at_uart_hal.o(i.at_uart_deinit)
    at_uart_init                             0x0800283d   Thumb Code    60  at_uart_hal.o(i.at_uart_init)
    at_uart_receive                          0x080028c1   Thumb Code   194  at_uart_hal.o(i.at_uart_receive)
    at_uart_send                             0x080029c1   Thumb Code    32  at_uart_hal.o(i.at_uart_send)
    batVolt                                  0x080029e9   Thumb Code    98  adc_config.o(i.batVolt)
    communication_init                       0x08002a9d   Thumb Code    70  communicate.o(i.communication_init)
    communication_ls_debug                   0x08002af9   Thumb Code    28  communicate.o(i.communication_ls_debug)
    crc16_con                                0x08002b19   Thumb Code    40  crc16.o(i.crc16_con)
    dac_data_set                             0x08002b45   Thumb Code    82  gd32f4xx_dac.o(i.dac_data_set)
    delay_1ms                                0x08002b9d   Thumb Code    84  systick.o(i.delay_1ms)
    delay_decrement                          0x08002bf5   Thumb Code    18  systick.o(i.delay_decrement)
    fmc_erase_pages                          0x08002c0d   Thumb Code    26  fmc_flash.o(i.fmc_erase_pages)
    fmc_flag_clear                           0x08002c29   Thumb Code     6  gd32f4xx_fmc.o(i.fmc_flag_clear)
    fmc_lock                                 0x08002c35   Thumb Code    14  gd32f4xx_fmc.o(i.fmc_lock)
    fmc_ready_wait                           0x08002c49   Thumb Code    20  gd32f4xx_fmc.o(i.fmc_ready_wait)
    fmc_sector_erase                         0x08002c5d   Thumb Code    82  gd32f4xx_fmc.o(i.fmc_sector_erase)
    fmc_state_get                            0x08002cb5   Thumb Code    80  gd32f4xx_fmc.o(i.fmc_state_get)
    fmc_unlock                               0x08002d09   Thumb Code    24  gd32f4xx_fmc.o(i.fmc_unlock)
    fmc_word_program                         0x08002d2d   Thumb Code    72  gd32f4xx_fmc.o(i.fmc_word_program)
    fputc                                    0x08002d79   Thumb Code    32  usart_config.o(i.fputc)
    gd_debug_com_init                        0x08002e41   Thumb Code   158  usart_config.o(i.gd_debug_com_init)
    get_sample_data                          0x08002ee9   Thumb Code     4  service_logic.o(i.get_sample_data)
    get_sample_flag                          0x08002ef1   Thumb Code     6  service_logic.o(i.get_sample_flag)
    gpio_af_set                              0x08002efd   Thumb Code    94  gd32f4xx_gpio.o(i.gpio_af_set)
    gpio_bit_reset                           0x08002f5b   Thumb Code     4  gd32f4xx_gpio.o(i.gpio_bit_reset)
    gpio_bit_set                             0x08002f5f   Thumb Code     4  gd32f4xx_gpio.o(i.gpio_bit_set)
    gpio_config                              0x08002f65   Thumb Code   128  gpio_config.o(i.gpio_config)
    gpio_in_config                           0x08002fed   Thumb Code    28  gpio_config.o(i.gpio_in_config)
    gpio_input_bit_get                       0x08003009   Thumb Code    16  gd32f4xx_gpio.o(i.gpio_input_bit_get)
    gpio_mode_set                            0x08003019   Thumb Code    78  gd32f4xx_gpio.o(i.gpio_mode_set)
    gpio_out_config                          0x08003067   Thumb Code    44  gpio_config.o(i.gpio_out_config)
    gpio_output_options_set                  0x08003093   Thumb Code    66  gd32f4xx_gpio.o(i.gpio_output_options_set)
    loraSetMode                              0x0800312d   Thumb Code    96  lora.o(i.loraSetMode)
    lora_ctrl_init                           0x08003195   Thumb Code    60  lora.o(i.lora_ctrl_init)
    lora_spi_config                          0x080031d5   Thumb Code    60  spi_config.o(i.lora_spi_config)
    main                                     0x08003215   Thumb Code    70  main.o(i.main)
    net_get_debug_status                     0x08003279   Thumb Code     6  net_protocol.o(i.net_get_debug_status)
    net_get_heart_data                       0x08003285   Thumb Code    66  net_protocol.o(i.net_get_heart_data)
    net_get_ls_close                         0x080032e5   Thumb Code     6  net_protocol.o(i.net_get_ls_close)
    net_get_ls_send_succ                     0x080032f1   Thumb Code     6  net_protocol.o(i.net_get_ls_send_succ)
    net_recv_handle                          0x08003b61   Thumb Code    58  net_protocol.o(i.net_recv_handle)
    net_response_sample                      0x08003bdd   Thumb Code   598  net_protocol.o(i.net_response_sample)
    net_retra_handle                         0x08003eed   Thumb Code    44  net_protocol.o(i.net_retra_handle)
    net_send_udp_tcp                         0x08003f25   Thumb Code    32  net_protocol.o(i.net_send_udp_tcp)
    net_set_close_sta                        0x08003f49   Thumb Code    56  net_protocol.o(i.net_set_close_sta)
    net_set_probeID                          0x08003fc9   Thumb Code    18  net_protocol.o(i.net_set_probeID)
    net_set_send_sta                         0x08003fe9   Thumb Code     6  net_protocol.o(i.net_set_send_sta)
    net_set_wait_sta                         0x080040ed   Thumb Code     6  net_protocol.o(i.net_set_wait_sta)
    nvic_irq_enable                          0x080040f9   Thumb Code   156  gd32f4xx_misc.o(i.nvic_irq_enable)
    powerOff                                 0x0800419d   Thumb Code     2  gpio_config.o(i.powerOff)
    powerOn                                  0x0800419f   Thumb Code     2  gpio_config.o(i.powerOn)
    rcu_clock_freq_get                       0x080041a1   Thumb Code   264  gd32f4xx_rcu.o(i.rcu_clock_freq_get)
    rcu_periph_clock_enable                  0x080042c5   Thumb Code    32  gd32f4xx_rcu.o(i.rcu_periph_clock_enable)
    rcu_periph_reset_disable                 0x080042e9   Thumb Code    32  gd32f4xx_rcu.o(i.rcu_periph_reset_disable)
    rcu_periph_reset_enable                  0x0800430d   Thumb Code    32  gd32f4xx_rcu.o(i.rcu_periph_reset_enable)
    rcu_timer_clock_prescaler_config         0x08004331   Thumb Code    32  gd32f4xx_rcu.o(i.rcu_timer_clock_prescaler_config)
    readFlash_X_Word                         0x08004355   Thumb Code    54  fmc_flash.o(i.readFlash_X_Word)
    sample_start                             0x08004415   Thumb Code    54  service_logic.o(i.sample_start)
    set_gain                                 0x08004465   Thumb Code    38  dac_config.o(i.set_gain)
    short_swap_byte                          0x0800448b   Thumb Code    54  net_protocol.o(i.short_swap_byte)
    sim7020_deinit                           0x080044c1   Thumb Code    60  dev_sim7020.o(i.sim7020_deinit)
    sim7020_handle                           0x08004531   Thumb Code   124  dev_sim7020.o(i.sim7020_handle)
    sim7020_init                             0x080045f1   Thumb Code   408  dev_sim7020.o(i.sim7020_init)
    sim7020_loss_handle                      0x080048b9   Thumb Code    42  dev_sim7020.o(i.sim7020_loss_handle)
    sim7020_pwr_off                          0x0800490d   Thumb Code    44  dev_sim7020.o(i.sim7020_pwr_off)
    sim7020_reboot                           0x0800494d   Thumb Code    60  dev_sim7020.o(i.sim7020_reboot)
    sim7020_send_udp_tcp                     0x08004a41   Thumb Code   304  dev_sim7020.o(i.sim7020_send_udp_tcp)
    sim7020_set_apn                          0x08004be9   Thumb Code    40  dev_sim7020.o(i.sim7020_set_apn)
    sim7020_set_power                        0x08004c59   Thumb Code    22  dev_sim7020.o(i.sim7020_set_power)
    sim7020_sleep                            0x08004c71   Thumb Code    52  dev_sim7020.o(i.sim7020_sleep)
    spi_enable                               0x08004cc5   Thumb Code    10  gd32f4xx_spi.o(i.spi_enable)
    spi_i2s_data_receive                     0x08004ccf   Thumb Code     8  gd32f4xx_spi.o(i.spi_i2s_data_receive)
    spi_i2s_data_transmit                    0x08004cd7   Thumb Code     4  gd32f4xx_spi.o(i.spi_i2s_data_transmit)
    spi_i2s_flag_get                         0x08004cdb   Thumb Code    16  gd32f4xx_spi.o(i.spi_i2s_flag_get)
    spi_init                                 0x08004ceb   Thumb Code    50  gd32f4xx_spi.o(i.spi_init)
    systick_clksource_set                    0x08004e21   Thumb Code    40  gd32f4xx_misc.o(i.systick_clksource_set)
    systick_config                           0x08004e49   Thumb Code    54  systick.o(i.systick_config)
    timer0_pwm1_output_config                0x08004e95   Thumb Code   192  timer_config.o(i.timer0_pwm1_output_config)
    timer1_master3_slave1_config             0x08004f59   Thumb Code   148  timer_config.o(i.timer1_master3_slave1_config)
    timer2_slave1_config                     0x08004fed   Thumb Code   186  timer_config.o(i.timer2_slave1_config)
    timer3_master_config                     0x080050ad   Thumb Code   102  timer_config.o(i.timer3_master_config)
    timer_auto_reload_shadow_disable         0x08005119   Thumb Code    10  gd32f4xx_timer.o(i.timer_auto_reload_shadow_disable)
    timer_channel_dma_request_source_select  0x08005123   Thumb Code    26  gd32f4xx_timer.o(i.timer_channel_dma_request_source_select)
    timer_channel_output_config              0x0800513d   Thumb Code   484  gd32f4xx_timer.o(i.timer_channel_output_config)
    timer_channel_output_mode_config         0x08005329   Thumb Code    90  gd32f4xx_timer.o(i.timer_channel_output_mode_config)
    timer_channel_output_pulse_value_config  0x08005383   Thumb Code    38  gd32f4xx_timer.o(i.timer_channel_output_pulse_value_config)
    timer_channel_output_shadow_config       0x080053a9   Thumb Code    90  gd32f4xx_timer.o(i.timer_channel_output_shadow_config)
    timer_config                             0x08005403   Thumb Code    20  timer_config.o(i.timer_config)
    timer_deinit                             0x08005419   Thumb Code   374  gd32f4xx_timer.o(i.timer_deinit)
    timer_disable                            0x0800559d   Thumb Code    10  gd32f4xx_timer.o(i.timer_disable)
    timer_dma_enable                         0x080055a7   Thumb Code     8  gd32f4xx_timer.o(i.timer_dma_enable)
    timer_enable                             0x080055af   Thumb Code    10  gd32f4xx_timer.o(i.timer_enable)
    timer_init                               0x080055b9   Thumb Code   122  gd32f4xx_timer.o(i.timer_init)
    timer_input_trigger_source_select        0x08005651   Thumb Code    16  gd32f4xx_timer.o(i.timer_input_trigger_source_select)
    timer_interrupt_enable                   0x08005661   Thumb Code     8  gd32f4xx_timer.o(i.timer_interrupt_enable)
    timer_interrupt_flag_clear               0x08005669   Thumb Code     8  gd32f4xx_timer.o(i.timer_interrupt_flag_clear)
    timer_interrupt_flag_get                 0x08005671   Thumb Code    24  gd32f4xx_timer.o(i.timer_interrupt_flag_get)
    timer_master_output_trigger_source_select 0x08005689   Thumb Code    16  gd32f4xx_timer.o(i.timer_master_output_trigger_source_select)
    timer_master_slave_mode_config           0x08005699   Thumb Code    26  gd32f4xx_timer.o(i.timer_master_slave_mode_config)
    timer_plus_output_gpio_config            0x080056b5   Thumb Code    80  timer_config.o(i.timer_plus_output_gpio_config)
    timer_primary_output_config              0x0800570d   Thumb Code    24  gd32f4xx_timer.o(i.timer_primary_output_config)
    timer_single_pulse_mode_config           0x08005725   Thumb Code    26  gd32f4xx_timer.o(i.timer_single_pulse_mode_config)
    timer_slave_mode_select                  0x0800573f   Thumb Code    16  gd32f4xx_timer.o(i.timer_slave_mode_select)
    usart_baudrate_set                       0x08005751   Thumb Code   232  gd32f4xx_usart.o(i.usart_baudrate_set)
    usart_data_transmit                      0x08005841   Thumb Code     8  gd32f4xx_usart.o(i.usart_data_transmit)
    usart_datas_transmit                     0x08005849   Thumb Code    76  usart_config.o(i.usart_datas_transmit)
    usart_deinit                             0x080058b5   Thumb Code   210  gd32f4xx_usart.o(i.usart_deinit)
    usart_enable                             0x08005991   Thumb Code    10  gd32f4xx_usart.o(i.usart_enable)
    usart_flag_get                           0x0800599b   Thumb Code    30  gd32f4xx_usart.o(i.usart_flag_get)
    usart_hardware_flow_cts_config           0x080059b9   Thumb Code    16  gd32f4xx_usart.o(i.usart_hardware_flow_cts_config)
    usart_hardware_flow_rts_config           0x080059c9   Thumb Code    16  gd32f4xx_usart.o(i.usart_hardware_flow_rts_config)
    usart_interrupt_disable                  0x080059d9   Thumb Code    70  gd32f4xx_usart.o(i.usart_interrupt_disable)
    usart_parity_config                      0x08005a1f   Thumb Code    16  gd32f4xx_usart.o(i.usart_parity_config)
    usart_receive_config                     0x08005a2f   Thumb Code    16  gd32f4xx_usart.o(i.usart_receive_config)
    usart_stop_bit_set                       0x08005a3f   Thumb Code    16  gd32f4xx_usart.o(i.usart_stop_bit_set)
    usart_transmit_config                    0x08005a4f   Thumb Code    16  gd32f4xx_usart.o(i.usart_transmit_config)
    usart_word_length_set                    0x08005a5f   Thumb Code    16  gd32f4xx_usart.o(i.usart_word_length_set)
    writeFlash_X_Word                        0x08005a6f   Thumb Code    74  fmc_flash.o(i.writeFlash_X_Word)
    __ctype_categories                       0x08005cfa   Data          64  ctype_c.o(.constdata)
    Region$$Table$$Base                      0x08005d80   Number         0  anon$$obj.o(Region$$Table)
    Region$$Table$$Limit                     0x08005da0   Number         0  anon$$obj.o(Region$$Table)
    uwTick                                   0x20000008   Data           4  systick.o(.data)
    lora_parament                            0x20000010   Data           8  lora.o(.data)
    sensorParam                              0x20000022   Data          24  service_logic.o(.data)
    SystemCoreClock                          0x20000044   Data           4  system_gd32f4xx.o(.data)
    temp                                     0x20000050   Data           4  adc_config.o(.data)
    uartReceiveFlag                          0x2000006a   Data           1  usart_config.o(.data)
    sample_time                              0x20000074   Data          20  rtc_config.o(.data)
    sleep_time                               0x20000088   Data          20  rtc_config.o(.data)
    sample_wakeup                            0x2000009c   Data           1  rtc_config.o(.data)
    atReceiveFinish                          0x200000a8   Data           1  at_uart_hal.o(.data)
    ls_start_udp_tcp                         0x200000b0   Data           1  dev_sim7020.o(.data)
    ls_con_net                               0x200000b1   Data           1  dev_sim7020.o(.data)
    nb_reboot_done                           0x200000b2   Data           1  dev_sim7020.o(.data)
    remote_ip                                0x200000b8   Data          20  dev_sim7020.o(.data)
    remote_port                              0x200000cc   Data           2  dev_sim7020.o(.data)
    sensor_id                                0x200000d0   Data          21  net_protocol.o(.data)
    remote_ip1                               0x200000e5   Data          21  net_protocol.o(.data)
    sleep_step                               0x200000fa   Data           1  net_protocol.o(.data)
    __stdout                                 0x20000118   Data           4  stdout.o(.data)
    dci_average_value                        0x20000120   Data       16384  main.o(.bss)
    lora_ctrl                                0x20004120   Data         512  main.o(.bss)
    SX1278_hw                                0x20004320   Data          28  main.o(.bss)
    SX1278                                   0x2000433c   Data         268  main.o(.bss)
    oriutg_data                              0x20004520   Data        4136  service_logic.o(.bss)
    mult_sensorParam                         0x20007548   Data          32  service_logic.o(.bss)
    sim_ctl                                  0x20007776   Data         302  dev_sim7020.o(.bss)
    __initial_sp                             0x20009790   Data           0  startup_gd32f450.o(STACK)



==============================================================================

Memory Map of the image

  Image Entry point : 0x080001a9

  Load Region LR_IROM1 (Base: 0x08000000, Size: 0x00005ebc, Max: 0x00080000, ABSOLUTE)

    Execution Region ER_IROM1 (Exec base: 0x08000000, Load base: 0x08000000, Size: 0x00005da0, Max: 0x00080000, ABSOLUTE)

    Exec Addr    Load Addr    Size         Type   Attr      Idx    E Section Name        Object

    0x08000000   0x08000000   0x000001a8   Data   RO         6033    RESET               startup_gd32f450.o
    0x080001a8   0x080001a8   0x00000000   Code   RO         7120  * .ARM.Collect$$$$00000000  mc_w.l(entry.o)
    0x080001a8   0x080001a8   0x00000004   Code   RO         7424    .ARM.Collect$$$$00000001  mc_w.l(entry2.o)
    0x080001ac   0x080001ac   0x00000004   Code   RO         7427    .ARM.Collect$$$$00000004  mc_w.l(entry5.o)
    0x080001b0   0x080001b0   0x00000000   Code   RO         7429    .ARM.Collect$$$$00000008  mc_w.l(entry7b.o)
    0x080001b0   0x080001b0   0x00000000   Code   RO         7431    .ARM.Collect$$$$0000000A  mc_w.l(entry8b.o)
    0x080001b0   0x080001b0   0x00000008   Code   RO         7432    .ARM.Collect$$$$0000000B  mc_w.l(entry9a.o)
    0x080001b8   0x080001b8   0x00000000   Code   RO         7434    .ARM.Collect$$$$0000000D  mc_w.l(entry10a.o)
    0x080001b8   0x080001b8   0x00000000   Code   RO         7436    .ARM.Collect$$$$0000000F  mc_w.l(entry11a.o)
    0x080001b8   0x080001b8   0x00000004   Code   RO         7425    .ARM.Collect$$$$00002712  mc_w.l(entry2.o)
    0x080001bc   0x080001bc   0x00000024   Code   RO         6034    .text               startup_gd32f450.o
    0x080001e0   0x080001e0   0x00000024   Code   RO         7123    .text               mc_w.l(memcpya.o)
    0x08000204   0x08000204   0x00000024   Code   RO         7125    .text               mc_w.l(memseta.o)
    0x08000228   0x08000228   0x00000018   Code   RO         7127    .text               mc_w.l(strcat.o)
    0x08000240   0x08000240   0x00000024   Code   RO         7129    .text               mc_w.l(strstr.o)
    0x08000264   0x08000264   0x0000000e   Code   RO         7131    .text               mc_w.l(strlen.o)
    0x08000272   0x08000272   0x0000001c   Code   RO         7133    .text               mc_w.l(strcmp.o)
    0x0800028e   0x0800028e   0x0000001a   Code   RO         7135    .text               mc_w.l(memcmp.o)
    0x080002a8   0x080002a8   0x00000012   Code   RO         7137    .text               mc_w.l(strcpy.o)
    0x080002ba   0x080002ba   0x00000002   PAD
    0x080002bc   0x080002bc   0x00000038   Code   RO         7402    .text               mc_w.l(__0sscanf.o)
    0x080002f4   0x080002f4   0x0000014c   Code   RO         7404    .text               mc_w.l(_scanf_int.o)
    0x08000440   0x08000440   0x0000014e   Code   RO         7406    .text               mf_w.l(dadd.o)
    0x0800058e   0x0800058e   0x000000e4   Code   RO         7408    .text               mf_w.l(dmul.o)
    0x08000672   0x08000672   0x000000de   Code   RO         7410    .text               mf_w.l(ddiv.o)
    0x08000750   0x08000750   0x0000001a   Code   RO         7412    .text               mf_w.l(dfltui.o)
    0x0800076a   0x0800076a   0x00000026   Code   RO         7416    .text               mf_w.l(f2d.o)
    0x08000790   0x08000790   0x00000030   Code   RO         7420    .text               mf_w.l(cdrcmple.o)
    0x080007c0   0x080007c0   0x00000038   Code   RO         7422    .text               mf_w.l(d2f.o)
    0x080007f8   0x080007f8   0x0000002c   Code   RO         7439    .text               mc_w.l(uidiv.o)
    0x08000824   0x08000824   0x00000062   Code   RO         7441    .text               mc_w.l(uldiv.o)
    0x08000886   0x08000886   0x0000001e   Code   RO         7443    .text               mc_w.l(llshl.o)
    0x080008a4   0x080008a4   0x00000020   Code   RO         7445    .text               mc_w.l(llushr.o)
    0x080008c4   0x080008c4   0x00000024   Code   RO         7447    .text               mc_w.l(llsshr.o)
    0x080008e8   0x080008e8   0x0000001c   Code   RO         7449    .text               mc_w.l(_chval.o)
    0x08000904   0x08000904   0x00000028   Code   RO         7451    .text               mc_w.l(scanf_char.o)
    0x0800092c   0x0800092c   0x00000040   Code   RO         7453    .text               mc_w.l(_sgetc.o)
    0x0800096c   0x0800096c   0x00000000   Code   RO         7455    .text               mc_w.l(iusefp.o)
    0x0800096c   0x0800096c   0x0000006e   Code   RO         7456    .text               mf_w.l(fepilogue.o)
    0x080009da   0x080009da   0x000000ba   Code   RO         7458    .text               mf_w.l(depilogue.o)
    0x08000a94   0x08000a94   0x00000030   Code   RO         7460    .text               mf_w.l(dfixul.o)
    0x08000ac4   0x08000ac4   0x00000024   Code   RO         7462    .text               mc_w.l(init.o)
    0x08000ae8   0x08000ae8   0x0000000a   Code   RO         7464    .text               mc_w.l(isspace_c.o)
    0x08000af2   0x08000af2   0x00000002   PAD
    0x08000af4   0x08000af4   0x0000032c   Code   RO         7466    .text               mc_w.l(_scanf.o)
    0x08000e20   0x08000e20   0x00000028   Code   RO         7468    .text               mc_w.l(ctype_c.o)
    0x08000e48   0x08000e48   0x00000184   Code   RO         6114    i.BatGetPrecent     adc_config.o
    0x08000fcc   0x08000fcc   0x00000004   Code   RO          236    i.BusFault_Handler  gd32f4xx_it.o
    0x08000fd0   0x08000fd0   0x00000002   Code   RO          237    i.DebugMon_Handler  gd32f4xx_it.o
    0x08000fd2   0x08000fd2   0x00000002   PAD
    0x08000fd4   0x08000fd4   0x00000070   Code   RO         6953    i.GetChannelList    net_protocol.o
    0x08001044   0x08001044   0x0000000c   Code   RO          183    i.Get_Tick          systick.o
    0x08001050   0x08001050   0x00000004   Code   RO          238    i.HardFault_Handler  gd32f4xx_it.o
    0x08001054   0x08001054   0x00000004   Code   RO          239    i.MemManage_Handler  gd32f4xx_it.o
    0x08001058   0x08001058   0x00000002   Code   RO          240    i.NMI_Handler       gd32f4xx_it.o
    0x0800105a   0x0800105a   0x00000002   Code   RO          241    i.PendSV_Handler    gd32f4xx_it.o
    0x0800105c   0x0800105c   0x00000002   Code   RO          242    i.SVC_Handler       gd32f4xx_it.o
    0x0800105e   0x0800105e   0x0000003e   Code   RO         6437    i.SX1278_LORA_CAD   sx1278.o
    0x0800109c   0x0800109c   0x000000ac   Code   RO         6438    i.SX1278_LoRaEntryRx  sx1278.o
    0x08001148   0x08001148   0x00000090   Code   RO         6439    i.SX1278_LoRaEntryTx  sx1278.o
    0x080011d8   0x080011d8   0x00000048   Code   RO         6445    i.SX1278_SPIBurstWrite  sx1278.o
    0x08001220   0x08001220   0x0000002a   Code   RO         6446    i.SX1278_SPIRead    sx1278.o
    0x0800124a   0x0800124a   0x0000002c   Code   RO         6447    i.SX1278_SPIWrite   sx1278.o
    0x08001276   0x08001276   0x0000002e   Code   RO         6449    i.SX1278_begin      sx1278.o
    0x080012a4   0x080012a4   0x00000010   Code   RO         6450    i.SX1278_clearLoRaIrq  sx1278.o
    0x080012b4   0x080012b4   0x00000134   Code   RO         6451    i.SX1278_config     sx1278.o
    0x080013e8   0x080013e8   0x00000016   Code   RO         6452    i.SX1278_defaultConfig  sx1278.o
    0x080013fe   0x080013fe   0x00000010   Code   RO         6453    i.SX1278_entryLoRa  sx1278.o
    0x0800140e   0x0800140e   0x0000000c   Code   RO         6454    i.SX1278_hw_DelayMs  sx1278.o
    0x0800141a   0x0800141a   0x0000002a   Code   RO         6456    i.SX1278_hw_Reset   sx1278.o
    0x08001444   0x08001444   0x0000003e   Code   RO         6457    i.SX1278_hw_SPICommand  sx1278.o
    0x08001482   0x08001482   0x00000064   Code   RO         6458    i.SX1278_hw_SPIReadByte  sx1278.o
    0x080014e6   0x080014e6   0x0000001e   Code   RO         6459    i.SX1278_hw_SetNSS  sx1278.o
    0x08001504   0x08001504   0x00000016   Code   RO         6460    i.SX1278_hw_init    sx1278.o
    0x0800151a   0x0800151a   0x00000014   Code   RO         6463    i.SX1278_sleep      sx1278.o
    0x0800152e   0x0800152e   0x00000014   Code   RO         6464    i.SX1278_standby    sx1278.o
    0x08001542   0x08001542   0x0000002a   Code   RO         6954    i.StartSampleList   net_protocol.o
    0x0800156c   0x0800156c   0x000000b8   Code   RO         6955    i.StartSampleUpload  net_protocol.o
    0x08001624   0x08001624   0x00000008   Code   RO          243    i.SysTick_Handler   gd32f4xx_it.o
    0x0800162c   0x0800162c   0x00000078   Code   RO          773    i.SystemInit        system_gd32f4xx.o
    0x080016a4   0x080016a4   0x0000001e   Code   RO          244    i.TIMER1_IRQHandler  gd32f4xx_it.o
    0x080016c2   0x080016c2   0x00000002   PAD
    0x080016c4   0x080016c4   0x0000001c   Code   RO          245    i.TIMER3_IRQHandler  gd32f4xx_it.o
    0x080016e0   0x080016e0   0x00000018   Code   RO         6298    i.Uart_recv_buf_regster  usart_config.o
    0x080016f8   0x080016f8   0x0000000c   Code   RO         6300    i.Uart_recv_reset   usart_config.o
    0x08001704   0x08001704   0x00000004   Code   RO          246    i.UsageFault_Handler  gd32f4xx_it.o
    0x08001708   0x08001708   0x0000003c   Code   RO          439    i.WriteFlashBatteryCapacity  fmc_flash.o
    0x08001744   0x08001744   0x00000020   Code   RO         7374    i.__0printf         mc_w.l(printfa.o)
    0x08001764   0x08001764   0x00000028   Code   RO         7376    i.__0sprintf        mc_w.l(printfa.o)
    0x0800178c   0x0800178c   0x0000000e   Code   RO         7473    i.__scatterload_copy  mc_w.l(handlers.o)
    0x0800179a   0x0800179a   0x00000002   Code   RO         7474    i.__scatterload_null  mc_w.l(handlers.o)
    0x0800179c   0x0800179c   0x0000000e   Code   RO         7475    i.__scatterload_zeroinit  mc_w.l(handlers.o)
    0x080017aa   0x080017aa   0x00000002   PAD
    0x080017ac   0x080017ac   0x00000184   Code   RO         7381    i._fp_digits        mc_w.l(printfa.o)
    0x08001930   0x08001930   0x000006dc   Code   RO         7382    i._printf_core      mc_w.l(printfa.o)
    0x0800200c   0x0800200c   0x00000024   Code   RO         7383    i._printf_post_padding  mc_w.l(printfa.o)
    0x08002030   0x08002030   0x0000002e   Code   RO         7384    i._printf_pre_padding  mc_w.l(printfa.o)
    0x0800205e   0x0800205e   0x0000000a   Code   RO         7386    i._sputc            mc_w.l(printfa.o)
    0x08002068   0x08002068   0x00000038   Code   RO         6115    i.acqBat            adc_config.o
    0x080020a0   0x080020a0   0x00000038   Code   RO         6116    i.adc_channel_sample  adc_config.o
    0x080020d8   0x080020d8   0x00000008   Code   RO         2092    i.adc_flag_clear    gd32f4xx_adc.o
    0x080020e0   0x080020e0   0x00000010   Code   RO         2093    i.adc_flag_get      gd32f4xx_adc.o
    0x080020f0   0x080020f0   0x000000ac   Code   RO         2104    i.adc_regular_channel_config  gd32f4xx_adc.o
    0x0800219c   0x0800219c   0x00000008   Code   RO         2105    i.adc_regular_data_read  gd32f4xx_adc.o
    0x080021a4   0x080021a4   0x00000022   Code   RO         2107    i.adc_software_trigger_enable  gd32f4xx_adc.o
    0x080021c6   0x080021c6   0x00000002   PAD
    0x080021c8   0x080021c8   0x0000001c   Code   RO         6748    i.at_get_last_recv  at_uart_hal.o
    0x080021e4   0x080021e4   0x000000e0   Code   RO         6698    i.at_net_con_cb     at_recv_cb.o
    0x080022c4   0x080022c4   0x0000014c   Code   RO         6699    i.at_net_recv_cb    at_recv_cb.o
    0x08002410   0x08002410   0x00000038   Code   RO         6632    i.at_parse_deinit   at_parse.o
    0x08002448   0x08002448   0x00000050   Code   RO         6633    i.at_parse_init     at_parse.o
    0x08002498   0x08002498   0x000000e0   Code   RO         6634    i.at_parse_match_obj  at_parse.o
    0x08002578   0x08002578   0x000000a8   Code   RO         6635    i.at_register_callback  at_parse.o
    0x08002620   0x08002620   0x0000006c   Code   RO         6636    i.at_send_no_reply  at_parse.o
    0x0800268c   0x0800268c   0x000000b8   Code   RO         6637    i.at_send_wait_reply  at_parse.o
    0x08002744   0x08002744   0x000000b8   Code   RO         6701    i.at_signal_cb      at_recv_cb.o
    0x080027fc   0x080027fc   0x00000040   Code   RO         6749    i.at_uart_deinit    at_uart_hal.o
    0x0800283c   0x0800283c   0x00000084   Code   RO         6750    i.at_uart_init      at_uart_hal.o
    0x080028c0   0x080028c0   0x00000100   Code   RO         6751    i.at_uart_receive   at_uart_hal.o
    0x080029c0   0x080029c0   0x00000028   Code   RO         6752    i.at_uart_send      at_uart_hal.o
    0x080029e8   0x080029e8   0x00000084   Code   RO         6119    i.batVolt           adc_config.o
    0x08002a6c   0x08002a6c   0x00000030   Code   RO         6956    i.byte_to_hexstr    net_protocol.o
    0x08002a9c   0x08002a9c   0x0000005c   Code   RO          575    i.communication_init  communicate.o
    0x08002af8   0x08002af8   0x00000020   Code   RO          578    i.communication_ls_debug  communicate.o
    0x08002b18   0x08002b18   0x0000002c   Code   RO          416    i.crc16_con         crc16.o
    0x08002b44   0x08002b44   0x00000058   Code   RO         2565    i.dac_data_set      gd32f4xx_dac.o
    0x08002b9c   0x08002b9c   0x00000058   Code   RO          185    i.delay_1ms         systick.o
    0x08002bf4   0x08002bf4   0x00000018   Code   RO          187    i.delay_decrement   systick.o
    0x08002c0c   0x08002c0c   0x0000001a   Code   RO          441    i.fmc_erase_pages   fmc_flash.o
    0x08002c26   0x08002c26   0x00000002   PAD
    0x08002c28   0x08002c28   0x0000000c   Code   RO         3730    i.fmc_flag_clear    gd32f4xx_fmc.o
    0x08002c34   0x08002c34   0x00000014   Code   RO         3735    i.fmc_lock          gd32f4xx_fmc.o
    0x08002c48   0x08002c48   0x00000014   Code   RO         3737    i.fmc_ready_wait    gd32f4xx_fmc.o
    0x08002c5c   0x08002c5c   0x00000058   Code   RO         3738    i.fmc_sector_erase  gd32f4xx_fmc.o
    0x08002cb4   0x08002cb4   0x00000054   Code   RO         3739    i.fmc_state_get     gd32f4xx_fmc.o
    0x08002d08   0x08002d08   0x00000024   Code   RO         3740    i.fmc_unlock        gd32f4xx_fmc.o
    0x08002d2c   0x08002d2c   0x0000004c   Code   RO         3741    i.fmc_word_program  gd32f4xx_fmc.o
    0x08002d78   0x08002d78   0x00000024   Code   RO         6301    i.fputc             usart_config.o
    0x08002d9c   0x08002d9c   0x00000014   Code   RO         6957    i.full_sensor_id    net_protocol.o
    0x08002db0   0x08002db0   0x00000090   Code   RO         6958    i.full_updata_head_info  net_protocol.o
    0x08002e40   0x08002e40   0x000000a8   Code   RO         6302    i.gd_debug_com_init  usart_config.o
    0x08002ee8   0x08002ee8   0x00000008   Code   RO          682    i.get_sample_data   service_logic.o
    0x08002ef0   0x08002ef0   0x0000000c   Code   RO          683    i.get_sample_flag   service_logic.o
    0x08002efc   0x08002efc   0x0000005e   Code   RO         1154    i.gpio_af_set       gd32f4xx_gpio.o
    0x08002f5a   0x08002f5a   0x00000004   Code   RO         1155    i.gpio_bit_reset    gd32f4xx_gpio.o
    0x08002f5e   0x08002f5e   0x00000004   Code   RO         1156    i.gpio_bit_set      gd32f4xx_gpio.o
    0x08002f62   0x08002f62   0x00000002   PAD
    0x08002f64   0x08002f64   0x00000088   Code   RO         6040    i.gpio_config       gpio_config.o
    0x08002fec   0x08002fec   0x0000001c   Code   RO         6041    i.gpio_in_config    gpio_config.o
    0x08003008   0x08003008   0x00000010   Code   RO         1160    i.gpio_input_bit_get  gd32f4xx_gpio.o
    0x08003018   0x08003018   0x0000004e   Code   RO         1162    i.gpio_mode_set     gd32f4xx_gpio.o
    0x08003066   0x08003066   0x0000002c   Code   RO         6042    i.gpio_out_config   gpio_config.o
    0x08003092   0x08003092   0x00000042   Code   RO         1164    i.gpio_output_options_set  gd32f4xx_gpio.o
    0x080030d4   0x080030d4   0x00000058   Code   RO         6702    i.hexstr_to_byte    at_recv_cb.o
    0x0800312c   0x0800312c   0x00000068   Code   RO          331    i.loraSetMode       lora.o
    0x08003194   0x08003194   0x00000040   Code   RO          333    i.lora_ctrl_init    lora.o
    0x080031d4   0x080031d4   0x00000040   Code   RO         6088    i.lora_spi_config   spi_config.o
    0x08003214   0x08003214   0x00000064   Code   RO            3    i.main              main.o
    0x08003278   0x08003278   0x0000000c   Code   RO         6960    i.net_get_debug_status  net_protocol.o
    0x08003284   0x08003284   0x00000060   Code   RO         6961    i.net_get_heart_data  net_protocol.o
    0x080032e4   0x080032e4   0x0000000c   Code   RO         6962    i.net_get_ls_close  net_protocol.o
    0x080032f0   0x080032f0   0x0000000c   Code   RO         6963    i.net_get_ls_send_succ  net_protocol.o
    0x080032fc   0x080032fc   0x00000864   Code   RO         6964    i.net_operation_handle  net_protocol.o
    0x08003b60   0x08003b60   0x00000040   Code   RO         6965    i.net_recv_handle   net_protocol.o
    0x08003ba0   0x08003ba0   0x0000003c   Code   RO         6967    i.net_response_operation  net_protocol.o
    0x08003bdc   0x08003bdc   0x00000310   Code   RO         6968    i.net_response_sample  net_protocol.o
    0x08003eec   0x08003eec   0x00000038   Code   RO         6969    i.net_retra_handle  net_protocol.o
    0x08003f24   0x08003f24   0x00000024   Code   RO         6970    i.net_send_udp_tcp  net_protocol.o
    0x08003f48   0x08003f48   0x00000080   Code   RO         6971    i.net_set_close_sta  net_protocol.o
    0x08003fc8   0x08003fc8   0x00000020   Code   RO         6972    i.net_set_probeID   net_protocol.o
    0x08003fe8   0x08003fe8   0x0000000c   Code   RO         6973    i.net_set_send_sta  net_protocol.o
    0x08003ff4   0x08003ff4   0x000000f8   Code   RO         6974    i.net_set_sensor_param  net_protocol.o
    0x080040ec   0x080040ec   0x0000000c   Code   RO         6975    i.net_set_wait_sta  net_protocol.o
    0x080040f8   0x080040f8   0x000000a4   Code   RO         1259    i.nvic_irq_enable   gd32f4xx_misc.o
    0x0800419c   0x0800419c   0x00000002   Code   RO         6043    i.powerOff          gpio_config.o
    0x0800419e   0x0800419e   0x00000002   Code   RO         6044    i.powerOn           gpio_config.o
    0x080041a0   0x080041a0   0x00000124   Code   RO         1457    i.rcu_clock_freq_get  gd32f4xx_rcu.o
    0x080042c4   0x080042c4   0x00000024   Code   RO         1476    i.rcu_periph_clock_enable  gd32f4xx_rcu.o
    0x080042e8   0x080042e8   0x00000024   Code   RO         1479    i.rcu_periph_reset_disable  gd32f4xx_rcu.o
    0x0800430c   0x0800430c   0x00000024   Code   RO         1480    i.rcu_periph_reset_enable  gd32f4xx_rcu.o
    0x08004330   0x08004330   0x00000024   Code   RO         1491    i.rcu_timer_clock_prescaler_config  gd32f4xx_rcu.o
    0x08004354   0x08004354   0x0000003c   Code   RO          447    i.readFlash_X_Word  fmc_flash.o
    0x08004390   0x08004390   0x00000084   Code   RO         6976    i.sample_full_crc   net_protocol.o
    0x08004414   0x08004414   0x00000050   Code   RO          687    i.sample_start      service_logic.o
    0x08004464   0x08004464   0x00000026   Code   RO         6188    i.set_gain          dac_config.o
    0x0800448a   0x0800448a   0x00000036   Code   RO         6977    i.short_swap_byte   net_protocol.o
    0x080044c0   0x080044c0   0x00000070   Code   RO         6806    i.sim7020_deinit    dev_sim7020.o
    0x08004530   0x08004530   0x000000c0   Code   RO         6808    i.sim7020_handle    dev_sim7020.o
    0x080045f0   0x080045f0   0x000002c8   Code   RO         6809    i.sim7020_init      dev_sim7020.o
    0x080048b8   0x080048b8   0x00000054   Code   RO         6810    i.sim7020_loss_handle  dev_sim7020.o
    0x0800490c   0x0800490c   0x00000040   Code   RO         6812    i.sim7020_pwr_off   dev_sim7020.o
    0x0800494c   0x0800494c   0x00000058   Code   RO         6814    i.sim7020_reboot    dev_sim7020.o
    0x080049a4   0x080049a4   0x0000005c   Code   RO         6815    i.sim7020_register_cb  dev_sim7020.o
    0x08004a00   0x08004a00   0x00000040   Code   RO         6816    i.sim7020_send_atcmd  dev_sim7020.o
    0x08004a40   0x08004a40   0x000001a8   Code   RO         6817    i.sim7020_send_udp_tcp  dev_sim7020.o
    0x08004be8   0x08004be8   0x00000028   Code   RO         6818    i.sim7020_set_apn   dev_sim7020.o
    0x08004c10   0x08004c10   0x00000048   Code   RO         6819    i.sim7020_set_band  dev_sim7020.o
    0x08004c58   0x08004c58   0x00000016   Code   RO         6820    i.sim7020_set_power  dev_sim7020.o
    0x08004c6e   0x08004c6e   0x00000002   PAD
    0x08004c70   0x08004c70   0x00000054   Code   RO         6821    i.sim7020_sleep     dev_sim7020.o
    0x08004cc4   0x08004cc4   0x0000000a   Code   RO         5047    i.spi_enable        gd32f4xx_spi.o
    0x08004cce   0x08004cce   0x00000008   Code   RO         5049    i.spi_i2s_data_receive  gd32f4xx_spi.o
    0x08004cd6   0x08004cd6   0x00000004   Code   RO         5050    i.spi_i2s_data_transmit  gd32f4xx_spi.o
    0x08004cda   0x08004cda   0x00000010   Code   RO         5052    i.spi_i2s_flag_get  gd32f4xx_spi.o
    0x08004cea   0x08004cea   0x00000032   Code   RO         5056    i.spi_init          gd32f4xx_spi.o
    0x08004d1c   0x08004d1c   0x000000fc   Code   RO          774    i.system_clock_200m_irc16m  system_gd32f4xx.o
    0x08004e18   0x08004e18   0x00000008   Code   RO          775    i.system_clock_config  system_gd32f4xx.o
    0x08004e20   0x08004e20   0x00000028   Code   RO         1264    i.systick_clksource_set  gd32f4xx_misc.o
    0x08004e48   0x08004e48   0x0000004c   Code   RO          188    i.systick_config    systick.o
    0x08004e94   0x08004e94   0x000000c4   Code   RO         6219    i.timer0_pwm1_output_config  timer_config.o
    0x08004f58   0x08004f58   0x00000094   Code   RO         6220    i.timer1_master3_slave1_config  timer_config.o
    0x08004fec   0x08004fec   0x000000c0   Code   RO         6221    i.timer2_slave1_config  timer_config.o
    0x080050ac   0x080050ac   0x0000006c   Code   RO         6222    i.timer3_master_config  timer_config.o
    0x08005118   0x08005118   0x0000000a   Code   RO         5329    i.timer_auto_reload_shadow_disable  gd32f4xx_timer.o
    0x08005122   0x08005122   0x0000001a   Code   RO         5342    i.timer_channel_dma_request_source_select  gd32f4xx_timer.o
    0x0800513c   0x0800513c   0x000001ec   Code   RO         5345    i.timer_channel_output_config  gd32f4xx_timer.o
    0x08005328   0x08005328   0x0000005a   Code   RO         5347    i.timer_channel_output_mode_config  gd32f4xx_timer.o
    0x08005382   0x08005382   0x00000026   Code   RO         5349    i.timer_channel_output_pulse_value_config  gd32f4xx_timer.o
    0x080053a8   0x080053a8   0x0000005a   Code   RO         5350    i.timer_channel_output_shadow_config  gd32f4xx_timer.o
    0x08005402   0x08005402   0x00000014   Code   RO         6224    i.timer_config      timer_config.o
    0x08005416   0x08005416   0x00000002   PAD
    0x08005418   0x08005418   0x00000184   Code   RO         5358    i.timer_deinit      gd32f4xx_timer.o
    0x0800559c   0x0800559c   0x0000000a   Code   RO         5359    i.timer_disable     gd32f4xx_timer.o
    0x080055a6   0x080055a6   0x00000008   Code   RO         5361    i.timer_dma_enable  gd32f4xx_timer.o
    0x080055ae   0x080055ae   0x0000000a   Code   RO         5363    i.timer_enable      gd32f4xx_timer.o
    0x080055b8   0x080055b8   0x00000098   Code   RO         5373    i.timer_init        gd32f4xx_timer.o
    0x08005650   0x08005650   0x00000010   Code   RO         5376    i.timer_input_trigger_source_select  gd32f4xx_timer.o
    0x08005660   0x08005660   0x00000008   Code   RO         5380    i.timer_interrupt_enable  gd32f4xx_timer.o
    0x08005668   0x08005668   0x00000008   Code   RO         5381    i.timer_interrupt_flag_clear  gd32f4xx_timer.o
    0x08005670   0x08005670   0x00000018   Code   RO         5382    i.timer_interrupt_flag_get  gd32f4xx_timer.o
    0x08005688   0x08005688   0x00000010   Code   RO         5383    i.timer_master_output_trigger_source_select  gd32f4xx_timer.o
    0x08005698   0x08005698   0x0000001a   Code   RO         5384    i.timer_master_slave_mode_config  gd32f4xx_timer.o
    0x080056b2   0x080056b2   0x00000002   PAD
    0x080056b4   0x080056b4   0x00000058   Code   RO         6225    i.timer_plus_output_gpio_config  timer_config.o
    0x0800570c   0x0800570c   0x00000018   Code   RO         5388    i.timer_primary_output_config  gd32f4xx_timer.o
    0x08005724   0x08005724   0x0000001a   Code   RO         5391    i.timer_single_pulse_mode_config  gd32f4xx_timer.o
    0x0800573e   0x0800573e   0x00000010   Code   RO         5392    i.timer_slave_mode_select  gd32f4xx_timer.o
    0x0800574e   0x0800574e   0x00000002   PAD
    0x08005750   0x08005750   0x000000f0   Code   RO         1739    i.usart_baudrate_set  gd32f4xx_usart.o
    0x08005840   0x08005840   0x00000008   Code   RO         1744    i.usart_data_transmit  gd32f4xx_usart.o
    0x08005848   0x08005848   0x0000006c   Code   RO         6305    i.usart_datas_transmit  usart_config.o
    0x080058b4   0x080058b4   0x000000dc   Code   RO         1745    i.usart_deinit      gd32f4xx_usart.o
    0x08005990   0x08005990   0x0000000a   Code   RO         1749    i.usart_enable      gd32f4xx_usart.o
    0x0800599a   0x0800599a   0x0000001e   Code   RO         1751    i.usart_flag_get    gd32f4xx_usart.o
    0x080059b8   0x080059b8   0x00000010   Code   RO         1756    i.usart_hardware_flow_cts_config  gd32f4xx_usart.o
    0x080059c8   0x080059c8   0x00000010   Code   RO         1757    i.usart_hardware_flow_rts_config  gd32f4xx_usart.o
    0x080059d8   0x080059d8   0x00000046   Code   RO         1758    i.usart_interrupt_disable  gd32f4xx_usart.o
    0x08005a1e   0x08005a1e   0x00000010   Code   RO         1773    i.usart_parity_config  gd32f4xx_usart.o
    0x08005a2e   0x08005a2e   0x00000010   Code   RO         1775    i.usart_receive_config  gd32f4xx_usart.o
    0x08005a3e   0x08005a3e   0x00000010   Code   RO         1786    i.usart_stop_bit_set  gd32f4xx_usart.o
    0x08005a4e   0x08005a4e   0x00000010   Code   RO         1790    i.usart_transmit_config  gd32f4xx_usart.o
    0x08005a5e   0x08005a5e   0x00000010   Code   RO         1791    i.usart_word_length_set  gd32f4xx_usart.o
    0x08005a6e   0x08005a6e   0x0000004a   Code   RO          451    i.writeFlash_X_Word  fmc_flash.o
    0x08005ab8   0x08005ab8   0x00000200   Data   RO          417    .constdata          crc16.o
    0x08005cb8   0x08005cb8   0x00000042   Data   RO         6466    .constdata          sx1278.o
    0x08005cfa   0x08005cfa   0x00000040   Data   RO         7469    .constdata          mc_w.l(ctype_c.o)
    0x08005d3a   0x08005d3a   0x00000002   PAD
    0x08005d3c   0x08005d3c   0x00000042   Data   RO         6980    .conststring        net_protocol.o
    0x08005d7e   0x08005d7e   0x00000002   PAD
    0x08005d80   0x08005d80   0x00000020   Data   RO         7471    Region$$Table       anon$$obj.o


    Execution Region RW_IRAM1 (Exec base: 0x20000000, Load base: 0x08005da0, Size: 0x00009790, Max: 0x00030000, ABSOLUTE)

    Exec Addr    Load Addr    Size         Type   Attr      Idx    E Section Name        Object

    0x20000000   0x08005da0   0x00000010   Data   RW          189    .data               systick.o
    0x20000010   0x08005db0   0x0000000a   Data   RW          336    .data               lora.o
    0x2000001a   0x08005dba   0x00000004   Data   RW          589    .data               communicate.o
    0x2000001e   0x08005dbe   0x00000023   Data   RW          690    .data               service_logic.o
    0x20000041   0x08005de1   0x00000003   PAD
    0x20000044   0x08005de4   0x00000004   Data   RW          776    .data               system_gd32f4xx.o
    0x20000048   0x08005de8   0x00000020   Data   RW         6122    .data               adc_config.o
    0x20000068   0x08005e08   0x0000000c   Data   RW         6306    .data               usart_config.o
    0x20000074   0x08005e14   0x00000030   Data   RW         6403    .data               rtc_config.o
    0x200000a4   0x08005e44   0x00000003   Data   RW         6467    .data               sx1278.o
    0x200000a7   0x08005e47   0x00000001   Data   RW         6640    .data               at_parse.o
    0x200000a8   0x08005e48   0x00000008   Data   RW         6754    .data               at_uart_hal.o
    0x200000b0   0x08005e50   0x0000001e   Data   RW         6827    .data               dev_sim7020.o
    0x200000ce   0x08005e6e   0x00000002   PAD
    0x200000d0   0x08005e70   0x00000048   Data   RW         6981    .data               net_protocol.o
    0x20000118   0x08005eb8   0x00000004   Data   RW         7438    .data               mc_w.l(stdout.o)
    0x2000011c   0x08005ebc   0x00000004   PAD
    0x20000120        -       0x00004328   Zero   RW            4    .bss                main.o
    0x20004448        -       0x000000d4   Zero   RW          453    .bss                fmc_flash.o
    0x2000451c   0x08005ebc   0x00000004   PAD
    0x20004520        -       0x00003052   Zero   RW          688    .bss                service_logic.o
    0x20007572   0x08005ebc   0x00000002   PAD
    0x20007574        -       0x00000040   Zero   RW         6639    .bss                at_parse.o
    0x200075b4        -       0x00000096   Zero   RW         6703    .bss                at_recv_cb.o
    0x2000764a        -       0x0000012c   Zero   RW         6753    .bss                at_uart_hal.o
    0x20007776        -       0x00000bba   Zero   RW         6825    .bss                dev_sim7020.o
    0x20008330        -       0x0000105c   Zero   RW         6978    .bss                net_protocol.o
    0x2000938c   0x08005ebc   0x00000004   PAD
    0x20009390        -       0x00000400   Zero   RW         6031    STACK               startup_gd32f450.o


==============================================================================

Image component sizes


      Code (inc. data)   RO Data    RW Data    ZI Data      Debug   Object Name

       632        154          0         32          0       4787   adc_config.o
       820        222          0          1         64       5718   at_parse.o
       828        246          0          0        150       4129   at_recv_cb.o
       520        178          0          8        300       4397   at_uart_hal.o
       124         26          0          4          0       2427   communicate.o
        44          4        512          0          0       1280   crc16.o
        38          0          0          0          0        603   dac_config.o
      2050        740          0         30       3002      12026   dev_sim7020.o
       220         12          0          0        212       7254   fmc_flash.o
       238          0          0          0          0       3315   gd32f4xx_adc.o
        88          6          0          0          0        663   gd32f4xx_dac.o
       336         38          0          0          0       4020   gd32f4xx_fmc.o
       262          0          0          0          0       4157   gd32f4xx_gpio.o
        90          4          0          0          0       5122   gd32f4xx_it.o
       204          8          0          0          0       1394   gd32f4xx_misc.o
       436         44          0          0          0       3951   gd32f4xx_rcu.o
        88          0          0          0          0       3566   gd32f4xx_spi.o
      1478         52          0          0          0      13526   gd32f4xx_timer.o
       690         18          0          0          0       8356   gd32f4xx_usart.o
       212          8          0          0          0       2958   gpio_config.o
       168         12          0         10          0       5283   lora.o
       100         30          0          0      17192      81858   main.o
      4448       1114         66         72       4188      20671   net_protocol.o
         0          0          0         48          0        799   rtc_config.o
       100         36          0         35      12370       5688   service_logic.o
        64          4          0          0          0        594   spi_config.o
        36          8        424          0       1024        868   startup_gd32f450.o
      1252         26         66          3          0      13318   sx1278.o
       380         30          0          4          0       1835   system_gd32f4xx.o
       200         38          0         16          0       2691   systick.o
       752         24          0          0          0       3752   timer_config.o
       348         54          0         12          0       5339   usart_config.o

    ----------------------------------------------------------------------
     17264       3136       1102        280      38512     236345   Object Totals
         0          0         32          0          0          0   (incl. Generated)
        18          0          2          5         10          0   (incl. Padding)

    ----------------------------------------------------------------------

      Code (inc. data)   RO Data    RW Data    ZI Data      Debug   Library Member Name

        56          8          0          0          0         84   __0sscanf.o
        28          0          0          0          0         68   _chval.o
       812          4          0          0          0        112   _scanf.o
       332          0          0          0          0         96   _scanf_int.o
        64          0          0          0          0         84   _sgetc.o
        40          6         64          0          0         68   ctype_c.o
         0          0          0          0          0          0   entry.o
         0          0          0          0          0          0   entry10a.o
         0          0          0          0          0          0   entry11a.o
         8          4          0          0          0          0   entry2.o
         4          0          0          0          0          0   entry5.o
         0          0          0          0          0          0   entry7b.o
         0          0          0          0          0          0   entry8b.o
         8          4          0          0          0          0   entry9a.o
        30          0          0          0          0          0   handlers.o
        36          8          0          0          0         68   init.o
        10          0          0          0          0         68   isspace_c.o
         0          0          0          0          0          0   iusefp.o
        30          0          0          0          0         68   llshl.o
        36          0          0          0          0         68   llsshr.o
        32          0          0          0          0         68   llushr.o
        26          0          0          0          0         80   memcmp.o
        36          0          0          0          0         68   memcpya.o
        36          0          0          0          0        108   memseta.o
      2308         96          0          0          0        604   printfa.o
        40          8          0          0          0         84   scanf_char.o
         0          0          0          4          0          0   stdout.o
        24          0          0          0          0         68   strcat.o
        28          0          0          0          0         76   strcmp.o
        18          0          0          0          0         68   strcpy.o
        14          0          0          0          0         68   strlen.o
        36          0          0          0          0         80   strstr.o
        44          0          0          0          0         80   uidiv.o
        98          0          0          0          0         92   uldiv.o
        48          0          0          0          0         68   cdrcmple.o
        56          0          0          0          0         88   d2f.o
       334          0          0          0          0        148   dadd.o
       222          0          0          0          0        100   ddiv.o
       186          0          0          0          0        176   depilogue.o
        48          0          0          0          0         68   dfixul.o
        26          0          0          0          0         76   dfltui.o
       228          0          0          0          0         96   dmul.o
        38          0          0          0          0         68   f2d.o
       110          0          0          0          0        168   fepilogue.o

    ----------------------------------------------------------------------
      5536        138         66          4          4       3384   Library Totals
         6          0          2          0          4          0   (incl. Padding)

    ----------------------------------------------------------------------

      Code (inc. data)   RO Data    RW Data    ZI Data      Debug   Library Name

      4234        138         64          4          0       2328   mc_w.l
      1296          0          0          0          0       1056   mf_w.l

    ----------------------------------------------------------------------
      5536        138         66          4          4       3384   Library Totals

    ----------------------------------------------------------------------

==============================================================================


      Code (inc. data)   RO Data    RW Data    ZI Data      Debug   

     22800       3274       1168        284      38516     220061   Grand Totals
     22800       3274       1168        284      38516     220061   ELF Image Totals
     22800       3274       1168        284          0          0   ROM Totals

==============================================================================

    Total RO  Size (Code + RO Data)                23968 (  23.41kB)
    Total RW  Size (RW Data + ZI Data)             38800 (  37.89kB)
    Total ROM Size (Code + RO Data + RW Data)      24252 (  23.68kB)

==============================================================================

